===== tc_public_1 =====
======== ABC command line "cec "C:/Users/yy257/cpipc_r28_v5_remeasure/local_data/tc_public/tc_public_1/input.blif" "results/final_public/tc_public_1/output.blif""
Cannot open file "abc.rc".
Cannot open file "..\abc.rc".
Cannot open file "..\..\abc.rc".
Networks are equivalent.  Time =     0.00 sec
passed=True returncode=0 runtime_sec=0.135588

===== tc_public_10 =====
======== ABC command line "cec "C:/Users/yy257/cpipc_r28_v5_remeasure/local_data/tc_public/tc_public_10/input.blif" "results/final_public/tc_public_10/output.blif""
Cannot open file "abc.rc".
Cannot open file "..\abc.rc".
Cannot open file "..\..\abc.rc".
Networks are equivalent.  Time =     0.00 sec
passed=True returncode=0 runtime_sec=0.065654

===== tc_public_11 =====
======== ABC command line "cec "C:/Users/yy257/cpipc_r28_v5_remeasure/local_data/tc_public/tc_public_11/input.blif" "results/final_public/tc_public_11/output.blif""
Cannot open file "abc.rc".
Cannot open file "..\abc.rc".
Cannot open file "..\..\abc.rc".
Networks are equivalent.  Time =     0.01 sec
passed=True returncode=0 runtime_sec=0.065740

===== tc_public_12 =====
======== ABC command line "cec "C:/Users/yy257/cpipc_r28_v5_remeasure/local_data/tc_public/tc_public_12/input.blif" "results/final_public/tc_public_12/output.blif""
Cannot open file "abc.rc".
Cannot open file "..\abc.rc".
Cannot open file "..\..\abc.rc".
Networks are equivalent.  Time =     0.03 sec
passed=True returncode=0 runtime_sec=0.095782

===== tc_public_13 =====
======== ABC command line "cec "C:/Users/yy257/cpipc_r28_v5_remeasure/local_data/tc_public/tc_public_13/input.blif" "results/final_public/tc_public_13/output.blif""
Cannot open file "abc.rc".
Cannot open file "..\abc.rc".
Cannot open file "..\..\abc.rc".
Networks are equivalent.  Time =     0.10 sec
passed=True returncode=0 runtime_sec=0.198227

===== tc_public_14 =====
======== ABC command line "cec "C:/Users/yy257/cpipc_r28_v5_remeasure/local_data/tc_public/tc_public_14/input.blif" "results/final_public/tc_public_14/output.blif""
Cannot open file "abc.rc".
Cannot open file "..\abc.rc".
Cannot open file "..\..\abc.rc".
Networks are equivalent.  Time =     0.05 sec
passed=True returncode=0 runtime_sec=0.127190

===== tc_public_15 =====
======== ABC command line "cec "C:/Users/yy257/cpipc_r28_v5_remeasure/local_data/tc_public/tc_public_15/input.blif" "results/final_public/tc_public_15/output.blif""
Cannot open file "abc.rc".
Cannot open file "..\abc.rc".
Cannot open file "..\..\abc.rc".
Networks are equivalent.  Time =     0.03 sec
passed=True returncode=0 runtime_sec=0.075410

===== tc_public_16 =====
======== ABC command line "cec "C:/Users/yy257/cpipc_r28_v5_remeasure/local_data/tc_public/tc_public_16/input.blif" "results/final_public/tc_public_16/output.blif""
Cannot open file "abc.rc".
Cannot open file "..\abc.rc".
Cannot open file "..\..\abc.rc".
Networks are equivalent.  Time =     0.00 sec
passed=True returncode=0 runtime_sec=0.046171

===== tc_public_17 =====
======== ABC command line "cec "C:/Users/yy257/cpipc_r28_v5_remeasure/local_data/tc_public/tc_public_17/input.blif" "results/final_public/tc_public_17/output.blif""
Cannot open file "abc.rc".
Cannot open file "..\abc.rc".
Cannot open file "..\..\abc.rc".
Networks are equivalent.  Time =     0.00 sec
passed=True returncode=0 runtime_sec=0.066124

===== tc_public_18 =====
======== ABC command line "cec "C:/Users/yy257/cpipc_r28_v5_remeasure/local_data/tc_public/tc_public_18/input.blif" "results/final_public/tc_public_18/output.blif""
Cannot open file "abc.rc".
Cannot open file "..\abc.rc".
Cannot open file "..\..\abc.rc".
Networks are equivalent.  Time =     0.11 sec
passed=True returncode=0 runtime_sec=0.162494

===== tc_public_19 =====
======== ABC command line "cec "C:/Users/yy257/cpipc_r28_v5_remeasure/local_data/tc_public/tc_public_19/input.blif" "results/final_public/tc_public_19/output.blif""
Cannot open file "abc.rc".
Cannot open file "..\abc.rc".
Cannot open file "..\..\abc.rc".
Networks are equivalent.  Time =     0.93 sec
passed=True returncode=0 runtime_sec=1.013617

===== tc_public_2 =====
======== ABC command line "cec "C:/Users/yy257/cpipc_r28_v5_remeasure/local_data/tc_public/tc_public_2/input.blif" "results/final_public/tc_public_2/output.blif""
Cannot open file "abc.rc".
Cannot open file "..\abc.rc".
Cannot open file "..\..\abc.rc".
Networks are equivalent.  Time =     0.00 sec
passed=True returncode=0 runtime_sec=0.099002

===== tc_public_20 =====
======== ABC command line "cec "C:/Users/yy257/cpipc_r28_v5_remeasure/local_data/tc_public/tc_public_20/input.blif" "results/final_public/tc_public_20/output.blif""
Cannot open file "abc.rc".
Cannot open file "..\abc.rc".
Cannot open file "..\..\abc.rc".
Networks are equivalent.  Time =     1.28 sec
passed=True returncode=0 runtime_sec=1.368974

===== tc_public_21 =====
======== ABC command line "cec "C:/Users/yy257/cpipc_r28_v5_remeasure/local_data/tc_public/tc_public_21/input.blif" "results/final_public/tc_public_21/output.blif""
Cannot open file "abc.rc".
Cannot open file "..\abc.rc".
Cannot open file "..\..\abc.rc".
Networks are equivalent.  Time =     1.20 sec
passed=True returncode=0 runtime_sec=1.278225

===== tc_public_22 =====
======== ABC command line "cec "C:/Users/yy257/cpipc_r28_v5_remeasure/local_data/tc_public/tc_public_22/input.blif" "results/final_public/tc_public_22/output.blif""
Cannot open file "abc.rc".
Cannot open file "..\abc.rc".
Cannot open file "..\..\abc.rc".
Networks are equivalent.  Time =     1.96 sec
passed=True returncode=0 runtime_sec=2.066058

===== tc_public_23 =====
======== ABC command line "cec "C:/Users/yy257/cpipc_r28_v5_remeasure/local_data/tc_public/tc_public_23/input.blif" "results/final_public/tc_public_23/output.blif""
Cannot open file "abc.rc".
Cannot open file "..\abc.rc".
Cannot open file "..\..\abc.rc".
Networks are equivalent.  Time =     0.03 sec
passed=True returncode=0 runtime_sec=0.083472

===== tc_public_24 =====
======== ABC command line "cec "C:/Users/yy257/cpipc_r28_v5_remeasure/local_data/tc_public/tc_public_24/input.blif" "results/final_public/tc_public_24/output.blif""
Cannot open file "abc.rc".
Cannot open file "..\abc.rc".
Cannot open file "..\..\abc.rc".
Networks are equivalent.  Time =     0.00 sec
passed=True returncode=0 runtime_sec=0.050027

===== tc_public_25 =====
======== ABC command line "cec "C:/Users/yy257/cpipc_r28_v5_remeasure/local_data/tc_public/tc_public_25/input.blif" "results/final_public/tc_public_25/output.blif""
Cannot open file "abc.rc".
Cannot open file "..\abc.rc".
Cannot open file "..\..\abc.rc".
Networks are equivalent.  Time =     0.00 sec
passed=True returncode=0 runtime_sec=0.049546

===== tc_public_26 =====
======== ABC command line "cec "C:/Users/yy257/cpipc_r28_v5_remeasure/local_data/tc_public/tc_public_26/input.blif" "results/final_public/tc_public_26/output.blif""
Cannot open file "abc.rc".
Cannot open file "..\abc.rc".
Cannot open file "..\..\abc.rc".
Networks are equivalent.  Time =     0.01 sec
passed=True returncode=0 runtime_sec=0.069923

===== tc_public_27 =====
======== ABC command line "cec "C:/Users/yy257/cpipc_r28_v5_remeasure/local_data/tc_public/tc_public_27/input.blif" "results/final_public/tc_public_27/output.blif""
Cannot open file "abc.rc".
Cannot open file "..\abc.rc".
Cannot open file "..\..\abc.rc".
Networks are equivalent.  Time =     0.01 sec
passed=True returncode=0 runtime_sec=0.073127

===== tc_public_28 =====
======== ABC command line "cec "C:/Users/yy257/cpipc_r28_v5_remeasure/local_data/tc_public/tc_public_28/input.blif" "results/final_public/tc_public_28/output.blif""
Cannot open file "abc.rc".
Cannot open file "..\abc.rc".
Cannot open file "..\..\abc.rc".
Networks are equivalent.  Time =     0.01 sec
passed=True returncode=0 runtime_sec=0.070563

===== tc_public_29 =====
======== ABC command line "cec "C:/Users/yy257/cpipc_r28_v5_remeasure/local_data/tc_public/tc_public_29/input.blif" "results/final_public/tc_public_29/output.blif""
Cannot open file "abc.rc".
Cannot open file "..\abc.rc".
Cannot open file "..\..\abc.rc".
Networks are equivalent.  Time =     0.00 sec
passed=True returncode=0 runtime_sec=0.048579

===== tc_public_3 =====
======== ABC command line "cec "C:/Users/yy257/cpipc_r28_v5_remeasure/local_data/tc_public/tc_public_3/input.blif" "results/final_public/tc_public_3/output.blif""
Cannot open file "abc.rc".
Cannot open file "..\abc.rc".
Cannot open file "..\..\abc.rc".
Networks are equivalent.  Time =     0.00 sec
passed=True returncode=0 runtime_sec=0.101860

===== tc_public_30 =====
======== ABC command line "cec "C:/Users/yy257/cpipc_r28_v5_remeasure/local_data/tc_public/tc_public_30/input.blif" "results/final_public/tc_public_30/output.blif""
Cannot open file "abc.rc".
Cannot open file "..\abc.rc".
Cannot open file "..\..\abc.rc".
Networks are equivalent.  Time =     1.76 sec
passed=True returncode=0 runtime_sec=1.830700

===== tc_public_4 =====
======== ABC command line "cec "C:/Users/yy257/cpipc_r28_v5_remeasure/local_data/tc_public/tc_public_4/input.blif" "results/final_public/tc_public_4/output.blif""
Cannot open file "abc.rc".
Cannot open file "..\abc.rc".
Cannot open file "..\..\abc.rc".
Networks are equivalent.  Time =     0.00 sec
passed=True returncode=0 runtime_sec=0.100210

===== tc_public_5 =====
======== ABC command line "cec "C:/Users/yy257/cpipc_r28_v5_remeasure/local_data/tc_public/tc_public_5/input.blif" "results/final_public/tc_public_5/output.blif""
Cannot open file "abc.rc".
Cannot open file "..\abc.rc".
Cannot open file "..\..\abc.rc".
Networks are equivalent.  Time =     0.00 sec
passed=True returncode=0 runtime_sec=0.050883

===== tc_public_6 =====
======== ABC command line "cec "C:/Users/yy257/cpipc_r28_v5_remeasure/local_data/tc_public/tc_public_6/input.blif" "results/final_public/tc_public_6/output.blif""
Cannot open file "abc.rc".
Cannot open file "..\abc.rc".
Cannot open file "..\..\abc.rc".
Networks are equivalent.  Time =     0.00 sec
passed=True returncode=0 runtime_sec=0.103005

===== tc_public_7 =====
======== ABC command line "cec "C:/Users/yy257/cpipc_r28_v5_remeasure/local_data/tc_public/tc_public_7/input.blif" "results/final_public/tc_public_7/output.blif""
Cannot open file "abc.rc".
Cannot open file "..\abc.rc".
Cannot open file "..\..\abc.rc".
Networks are equivalent.  Time =     0.00 sec
passed=True returncode=0 runtime_sec=0.100883

===== tc_public_8 =====
======== ABC command line "cec "C:/Users/yy257/cpipc_r28_v5_remeasure/local_data/tc_public/tc_public_8/input.blif" "results/final_public/tc_public_8/output.blif""
Cannot open file "abc.rc".
Cannot open file "..\abc.rc".
Cannot open file "..\..\abc.rc".
Networks are equivalent.  Time =     0.00 sec
passed=True returncode=0 runtime_sec=0.100643

===== tc_public_9 =====
======== ABC command line "cec "C:/Users/yy257/cpipc_r28_v5_remeasure/local_data/tc_public/tc_public_9/input.blif" "results/final_public/tc_public_9/output.blif""
Cannot open file "abc.rc".
Cannot open file "..\abc.rc".
Cannot open file "..\..\abc.rc".
Networks are equivalent.  Time =     0.00 sec
passed=True returncode=0 runtime_sec=0.099907

