===== hidden_01_sbzayd5i7s =====
======== ABC command line "cec "stress_data/r11s_random_case_names/cases/hidden_01_sbzayd5i7s/input.blif" "results_candidate/r11s_random_case_name_stress/public30/hidden_01_sbzayd5i7s/output.blif""
Cannot open file "abc.rc".
Cannot open file "..\abc.rc".
Cannot open file "..\..\abc.rc".
Networks are equivalent.  Time =     0.02 sec
passed=True returncode=0 runtime_sec=0.192774

===== hidden_02_prn3pblzow =====
======== ABC command line "cec "stress_data/r11s_random_case_names/cases/hidden_02_prn3pblzow/input.blif" "results_candidate/r11s_random_case_name_stress/public30/hidden_02_prn3pblzow/output.blif""
Cannot open file "abc.rc".
Cannot open file "..\abc.rc".
Cannot open file "..\..\abc.rc".
Networks are equivalent.  Time =     0.01 sec
passed=True returncode=0 runtime_sec=0.106909

===== hidden_03_phlcdn6tuf =====
======== ABC command line "cec "stress_data/r11s_random_case_names/cases/hidden_03_phlcdn6tuf/input.blif" "results_candidate/r11s_random_case_name_stress/public30/hidden_03_phlcdn6tuf/output.blif""
Cannot open file "abc.rc".
Cannot open file "..\abc.rc".
Cannot open file "..\..\abc.rc".
Networks are equivalent.  Time =     0.04 sec
passed=True returncode=0 runtime_sec=0.146244

===== hidden_04_6495n82m49 =====
======== ABC command line "cec "stress_data/r11s_random_case_names/cases/hidden_04_6495n82m49/input.blif" "results_candidate/r11s_random_case_name_stress/public30/hidden_04_6495n82m49/output.blif""
Cannot open file "abc.rc".
Cannot open file "..\abc.rc".
Cannot open file "..\..\abc.rc".
Networks are equivalent.  Time =     0.06 sec
passed=True returncode=0 runtime_sec=0.168082

===== hidden_05_bfeavd50d1 =====
======== ABC command line "cec "stress_data/r11s_random_case_names/cases/hidden_05_bfeavd50d1/input.blif" "results_candidate/r11s_random_case_name_stress/public30/hidden_05_bfeavd50d1/output.blif""
Cannot open file "abc.rc".
Cannot open file "..\abc.rc".
Cannot open file "..\..\abc.rc".
Networks are equivalent.  Time =     0.28 sec
passed=True returncode=0 runtime_sec=0.452718

===== hidden_06_e33n0zc85x =====
======== ABC command line "cec "stress_data/r11s_random_case_names/cases/hidden_06_e33n0zc85x/input.blif" "results_candidate/r11s_random_case_name_stress/public30/hidden_06_e33n0zc85x/output.blif""
Cannot open file "abc.rc".
Cannot open file "..\abc.rc".
Cannot open file "..\..\abc.rc".
Networks are equivalent.  Time =     0.15 sec
passed=True returncode=0 runtime_sec=0.289002

===== hidden_07_zkdc1y90zq =====
======== ABC command line "cec "stress_data/r11s_random_case_names/cases/hidden_07_zkdc1y90zq/input.blif" "results_candidate/r11s_random_case_name_stress/public30/hidden_07_zkdc1y90zq/output.blif""
Cannot open file "abc.rc".
Cannot open file "..\abc.rc".
Cannot open file "..\..\abc.rc".
Networks are equivalent.  Time =     0.08 sec
passed=True returncode=0 runtime_sec=0.188189

===== hidden_08_uhmzj5gjyb =====
======== ABC command line "cec "stress_data/r11s_random_case_names/cases/hidden_08_uhmzj5gjyb/input.blif" "results_candidate/r11s_random_case_name_stress/public30/hidden_08_uhmzj5gjyb/output.blif""
Cannot open file "abc.rc".
Cannot open file "..\abc.rc".
Cannot open file "..\..\abc.rc".
Networks are equivalent.  Time =     0.01 sec
passed=True returncode=0 runtime_sec=0.106404

===== hidden_09_iud9brkx72 =====
======== ABC command line "cec "stress_data/r11s_random_case_names/cases/hidden_09_iud9brkx72/input.blif" "results_candidate/r11s_random_case_name_stress/public30/hidden_09_iud9brkx72/output.blif""
Cannot open file "abc.rc".
Cannot open file "..\abc.rc".
Cannot open file "..\..\abc.rc".
Networks are equivalent.  Time =     0.02 sec
passed=True returncode=0 runtime_sec=0.106296

===== hidden_10_qfa5eu47dg =====
======== ABC command line "cec "stress_data/r11s_random_case_names/cases/hidden_10_qfa5eu47dg/input.blif" "results_candidate/r11s_random_case_name_stress/public30/hidden_10_qfa5eu47dg/output.blif""
Cannot open file "abc.rc".
Cannot open file "..\abc.rc".
Cannot open file "..\..\abc.rc".
Networks are equivalent.  Time =     0.20 sec
passed=True returncode=0 runtime_sec=0.310398

===== hidden_11_p36lhxtfge =====
======== ABC command line "cec "stress_data/r11s_random_case_names/cases/hidden_11_p36lhxtfge/input.blif" "results_candidate/r11s_random_case_name_stress/public30/hidden_11_p36lhxtfge/output.blif""
Cannot open file "abc.rc".
Cannot open file "..\abc.rc".
Cannot open file "..\..\abc.rc".
Networks are equivalent.  Time =     1.30 sec
passed=True returncode=0 runtime_sec=1.461698

===== hidden_12_v3vmpcf9wn =====
======== ABC command line "cec "stress_data/r11s_random_case_names/cases/hidden_12_v3vmpcf9wn/input.blif" "results_candidate/r11s_random_case_name_stress/public30/hidden_12_v3vmpcf9wn/output.blif""
Cannot open file "abc.rc".
Cannot open file "..\abc.rc".
Cannot open file "..\..\abc.rc".
Networks are equivalent.  Time =     0.01 sec
passed=True returncode=0 runtime_sec=0.190253

===== hidden_13_nvpxe0va8l =====
======== ABC command line "cec "stress_data/r11s_random_case_names/cases/hidden_13_nvpxe0va8l/input.blif" "results_candidate/r11s_random_case_name_stress/public30/hidden_13_nvpxe0va8l/output.blif""
Cannot open file "abc.rc".
Cannot open file "..\abc.rc".
Cannot open file "..\..\abc.rc".
Networks are equivalent.  Time =     1.44 sec
passed=True returncode=0 runtime_sec=1.599889

===== hidden_14_l4pil8hmdz =====
======== ABC command line "cec "stress_data/r11s_random_case_names/cases/hidden_14_l4pil8hmdz/input.blif" "results_candidate/r11s_random_case_name_stress/public30/hidden_14_l4pil8hmdz/output.blif""
Cannot open file "abc.rc".
Cannot open file "..\abc.rc".
Cannot open file "..\..\abc.rc".
Networks are equivalent.  Time =     1.49 sec
passed=True returncode=0 runtime_sec=1.642219

===== hidden_15_ljiepmx7sk =====
======== ABC command line "cec "stress_data/r11s_random_case_names/cases/hidden_15_ljiepmx7sk/input.blif" "results_candidate/r11s_random_case_name_stress/public30/hidden_15_ljiepmx7sk/output.blif""
Cannot open file "abc.rc".
Cannot open file "..\abc.rc".
Cannot open file "..\..\abc.rc".
Networks are equivalent.  Time =     2.84 sec
passed=True returncode=0 runtime_sec=3.048491

===== hidden_16_jqmo6e00do =====
======== ABC command line "cec "stress_data/r11s_random_case_names/cases/hidden_16_jqmo6e00do/input.blif" "results_candidate/r11s_random_case_name_stress/public30/hidden_16_jqmo6e00do/output.blif""
Cannot open file "abc.rc".
Cannot open file "..\abc.rc".
Cannot open file "..\..\abc.rc".
Networks are equivalent.  Time =     0.09 sec
passed=True returncode=0 runtime_sec=0.209365

===== hidden_17_2vze6wn7sr =====
======== ABC command line "cec "stress_data/r11s_random_case_names/cases/hidden_17_2vze6wn7sr/input.blif" "results_candidate/r11s_random_case_name_stress/public30/hidden_17_2vze6wn7sr/output.blif""
Cannot open file "abc.rc".
Cannot open file "..\abc.rc".
Cannot open file "..\..\abc.rc".
Networks are equivalent.  Time =     0.02 sec
passed=True returncode=0 runtime_sec=0.128425

===== hidden_18_gnzqzd1g52 =====
======== ABC command line "cec "stress_data/r11s_random_case_names/cases/hidden_18_gnzqzd1g52/input.blif" "results_candidate/r11s_random_case_name_stress/public30/hidden_18_gnzqzd1g52/output.blif""
Cannot open file "abc.rc".
Cannot open file "..\abc.rc".
Cannot open file "..\..\abc.rc".
Networks are equivalent.  Time =     0.01 sec
passed=True returncode=0 runtime_sec=0.105713

===== hidden_19_iqa5ugok73 =====
======== ABC command line "cec "stress_data/r11s_random_case_names/cases/hidden_19_iqa5ugok73/input.blif" "results_candidate/r11s_random_case_name_stress/public30/hidden_19_iqa5ugok73/output.blif""
Cannot open file "abc.rc".
Cannot open file "..\abc.rc".
Cannot open file "..\..\abc.rc".
Networks are equivalent.  Time =     0.09 sec
passed=True returncode=0 runtime_sec=0.186964

===== hidden_20_fgt2466l38 =====
======== ABC command line "cec "stress_data/r11s_random_case_names/cases/hidden_20_fgt2466l38/input.blif" "results_candidate/r11s_random_case_name_stress/public30/hidden_20_fgt2466l38/output.blif""
Cannot open file "abc.rc".
Cannot open file "..\abc.rc".
Cannot open file "..\..\abc.rc".
Networks are equivalent.  Time =     0.02 sec
passed=True returncode=0 runtime_sec=0.131077

===== hidden_21_r0q38oa8dd =====
======== ABC command line "cec "stress_data/r11s_random_case_names/cases/hidden_21_r0q38oa8dd/input.blif" "results_candidate/r11s_random_case_name_stress/public30/hidden_21_r0q38oa8dd/output.blif""
Cannot open file "abc.rc".
Cannot open file "..\abc.rc".
Cannot open file "..\..\abc.rc".
Networks are equivalent.  Time =     0.03 sec
passed=True returncode=0 runtime_sec=0.127438

===== hidden_22_bn6oeuo0u4 =====
======== ABC command line "cec "stress_data/r11s_random_case_names/cases/hidden_22_bn6oeuo0u4/input.blif" "results_candidate/r11s_random_case_name_stress/public30/hidden_22_bn6oeuo0u4/output.blif""
Cannot open file "abc.rc".
Cannot open file "..\abc.rc".
Cannot open file "..\..\abc.rc".
Networks are equivalent.  Time =     0.02 sec
passed=True returncode=0 runtime_sec=0.106709

===== hidden_23_yhi1i3f4ep =====
======== ABC command line "cec "stress_data/r11s_random_case_names/cases/hidden_23_yhi1i3f4ep/input.blif" "results_candidate/r11s_random_case_name_stress/public30/hidden_23_yhi1i3f4ep/output.blif""
Cannot open file "abc.rc".
Cannot open file "..\abc.rc".
Cannot open file "..\..\abc.rc".
Networks are equivalent.  Time =     0.01 sec
passed=True returncode=0 runtime_sec=0.188028

===== hidden_24_vp31nyzbqp =====
======== ABC command line "cec "stress_data/r11s_random_case_names/cases/hidden_24_vp31nyzbqp/input.blif" "results_candidate/r11s_random_case_name_stress/public30/hidden_24_vp31nyzbqp/output.blif""
Cannot open file "abc.rc".
Cannot open file "..\abc.rc".
Cannot open file "..\..\abc.rc".
Networks are equivalent.  Time =     4.54 sec
passed=True returncode=0 runtime_sec=4.699549

===== hidden_25_mfebbk67ux =====
======== ABC command line "cec "stress_data/r11s_random_case_names/cases/hidden_25_mfebbk67ux/input.blif" "results_candidate/r11s_random_case_name_stress/public30/hidden_25_mfebbk67ux/output.blif""
Cannot open file "abc.rc".
Cannot open file "..\abc.rc".
Cannot open file "..\..\abc.rc".
Networks are equivalent.  Time =     0.02 sec
passed=True returncode=0 runtime_sec=0.188139

===== hidden_26_1s7fh51q22 =====
======== ABC command line "cec "stress_data/r11s_random_case_names/cases/hidden_26_1s7fh51q22/input.blif" "results_candidate/r11s_random_case_name_stress/public30/hidden_26_1s7fh51q22/output.blif""
Cannot open file "abc.rc".
Cannot open file "..\abc.rc".
Cannot open file "..\..\abc.rc".
Networks are equivalent.  Time =     0.01 sec
passed=True returncode=0 runtime_sec=0.126395

===== hidden_27_3itd49rpqp =====
======== ABC command line "cec "stress_data/r11s_random_case_names/cases/hidden_27_3itd49rpqp/input.blif" "results_candidate/r11s_random_case_name_stress/public30/hidden_27_3itd49rpqp/output.blif""
Cannot open file "abc.rc".
Cannot open file "..\abc.rc".
Cannot open file "..\..\abc.rc".
Networks are equivalent.  Time =     0.01 sec
passed=True returncode=0 runtime_sec=0.208357

===== hidden_28_qx5ci9xzzc =====
======== ABC command line "cec "stress_data/r11s_random_case_names/cases/hidden_28_qx5ci9xzzc/input.blif" "results_candidate/r11s_random_case_name_stress/public30/hidden_28_qx5ci9xzzc/output.blif""
Cannot open file "abc.rc".
Cannot open file "..\abc.rc".
Cannot open file "..\..\abc.rc".
Networks are equivalent.  Time =     0.01 sec
passed=True returncode=0 runtime_sec=0.187750

===== hidden_29_kw7f7yt4jr =====
======== ABC command line "cec "stress_data/r11s_random_case_names/cases/hidden_29_kw7f7yt4jr/input.blif" "results_candidate/r11s_random_case_name_stress/public30/hidden_29_kw7f7yt4jr/output.blif""
Cannot open file "abc.rc".
Cannot open file "..\abc.rc".
Cannot open file "..\..\abc.rc".
Networks are equivalent.  Time =     0.01 sec
passed=True returncode=0 runtime_sec=0.188695

===== hidden_30_da0bsj1gh4 =====
======== ABC command line "cec "stress_data/r11s_random_case_names/cases/hidden_30_da0bsj1gh4/input.blif" "results_candidate/r11s_random_case_name_stress/public30/hidden_30_da0bsj1gh4/output.blif""
Cannot open file "abc.rc".
Cannot open file "..\abc.rc".
Cannot open file "..\..\abc.rc".
Networks are equivalent.  Time =     0.02 sec
passed=True returncode=0 runtime_sec=0.188716

