===== tc_public_1 =====
======== ABC command line "cec "stress_data/r11s_port_name_stress/cases/tc_public_1/input.blif" "results_candidate/r11s_port_name_stress/public30/tc_public_1/output.blif""
Cannot open file "abc.rc".
Cannot open file "..\abc.rc".
Cannot open file "..\..\abc.rc".
Networks are equivalent.  Time =     0.02 sec
passed=True returncode=0 runtime_sec=0.189593

===== tc_public_10 =====
======== ABC command line "cec "stress_data/r11s_port_name_stress/cases/tc_public_10/input.blif" "results_candidate/r11s_port_name_stress/public30/tc_public_10/output.blif""
Cannot open file "abc.rc".
Cannot open file "..\abc.rc".
Cannot open file "..\..\abc.rc".
Networks are equivalent.  Time =     0.02 sec
passed=True returncode=0 runtime_sec=0.105546

===== tc_public_11 =====
======== ABC command line "cec "stress_data/r11s_port_name_stress/cases/tc_public_11/input.blif" "results_candidate/r11s_port_name_stress/public30/tc_public_11/output.blif""
Cannot open file "abc.rc".
Cannot open file "..\abc.rc".
Cannot open file "..\..\abc.rc".
Networks are equivalent.  Time =     0.04 sec
passed=True returncode=0 runtime_sec=0.146288

===== tc_public_12 =====
======== ABC command line "cec "stress_data/r11s_port_name_stress/cases/tc_public_12/input.blif" "results_candidate/r11s_port_name_stress/public30/tc_public_12/output.blif""
Cannot open file "abc.rc".
Cannot open file "..\abc.rc".
Cannot open file "..\..\abc.rc".
Networks are equivalent.  Time =     0.06 sec
passed=True returncode=0 runtime_sec=0.166817

===== tc_public_13 =====
======== ABC command line "cec "stress_data/r11s_port_name_stress/cases/tc_public_13/input.blif" "results_candidate/r11s_port_name_stress/public30/tc_public_13/output.blif""
Cannot open file "abc.rc".
Cannot open file "..\abc.rc".
Cannot open file "..\..\abc.rc".
Networks are equivalent.  Time =     0.31 sec
passed=True returncode=0 runtime_sec=0.492602

===== tc_public_14 =====
======== ABC command line "cec "stress_data/r11s_port_name_stress/cases/tc_public_14/input.blif" "results_candidate/r11s_port_name_stress/public30/tc_public_14/output.blif""
Cannot open file "abc.rc".
Cannot open file "..\abc.rc".
Cannot open file "..\..\abc.rc".
Networks are equivalent.  Time =     0.16 sec
passed=True returncode=0 runtime_sec=0.289883

===== tc_public_15 =====
======== ABC command line "cec "stress_data/r11s_port_name_stress/cases/tc_public_15/input.blif" "results_candidate/r11s_port_name_stress/public30/tc_public_15/output.blif""
Cannot open file "abc.rc".
Cannot open file "..\abc.rc".
Cannot open file "..\..\abc.rc".
Networks are equivalent.  Time =     0.09 sec
passed=True returncode=0 runtime_sec=0.192943

===== tc_public_16 =====
======== ABC command line "cec "stress_data/r11s_port_name_stress/cases/tc_public_16/input.blif" "results_candidate/r11s_port_name_stress/public30/tc_public_16/output.blif""
Cannot open file "abc.rc".
Cannot open file "..\abc.rc".
Cannot open file "..\..\abc.rc".
Networks are equivalent.  Time =     0.01 sec
passed=True returncode=0 runtime_sec=0.106638

===== tc_public_17 =====
======== ABC command line "cec "stress_data/r11s_port_name_stress/cases/tc_public_17/input.blif" "results_candidate/r11s_port_name_stress/public30/tc_public_17/output.blif""
Cannot open file "abc.rc".
Cannot open file "..\abc.rc".
Cannot open file "..\..\abc.rc".
Networks are equivalent.  Time =     0.01 sec
passed=True returncode=0 runtime_sec=0.105489

===== tc_public_18 =====
======== ABC command line "cec "stress_data/r11s_port_name_stress/cases/tc_public_18/input.blif" "results_candidate/r11s_port_name_stress/public30/tc_public_18/output.blif""
Cannot open file "abc.rc".
Cannot open file "..\abc.rc".
Cannot open file "..\..\abc.rc".
Networks are equivalent.  Time =     0.21 sec
passed=True returncode=0 runtime_sec=0.316340

===== tc_public_19 =====
======== ABC command line "cec "stress_data/r11s_port_name_stress/cases/tc_public_19/input.blif" "results_candidate/r11s_port_name_stress/public30/tc_public_19/output.blif""
Cannot open file "abc.rc".
Cannot open file "..\abc.rc".
Cannot open file "..\..\abc.rc".
Networks are equivalent.  Time =     1.33 sec
passed=True returncode=0 runtime_sec=1.495125

===== tc_public_2 =====
======== ABC command line "cec "stress_data/r11s_port_name_stress/cases/tc_public_2/input.blif" "results_candidate/r11s_port_name_stress/public30/tc_public_2/output.blif""
Cannot open file "abc.rc".
Cannot open file "..\abc.rc".
Cannot open file "..\..\abc.rc".
Networks are equivalent.  Time =     0.01 sec
passed=True returncode=0 runtime_sec=0.188386

===== tc_public_20 =====
======== ABC command line "cec "stress_data/r11s_port_name_stress/cases/tc_public_20/input.blif" "results_candidate/r11s_port_name_stress/public30/tc_public_20/output.blif""
Cannot open file "abc.rc".
Cannot open file "..\abc.rc".
Cannot open file "..\..\abc.rc".
Networks are equivalent.  Time =     1.44 sec
passed=True returncode=0 runtime_sec=1.593152

===== tc_public_21 =====
======== ABC command line "cec "stress_data/r11s_port_name_stress/cases/tc_public_21/input.blif" "results_candidate/r11s_port_name_stress/public30/tc_public_21/output.blif""
Cannot open file "abc.rc".
Cannot open file "..\abc.rc".
Cannot open file "..\..\abc.rc".
Networks are equivalent.  Time =     1.50 sec
passed=True returncode=0 runtime_sec=1.642013

===== tc_public_22 =====
======== ABC command line "cec "stress_data/r11s_port_name_stress/cases/tc_public_22/input.blif" "results_candidate/r11s_port_name_stress/public30/tc_public_22/output.blif""
Cannot open file "abc.rc".
Cannot open file "..\abc.rc".
Cannot open file "..\..\abc.rc".
Networks are equivalent.  Time =     2.76 sec
passed=True returncode=0 runtime_sec=2.987152

===== tc_public_23 =====
======== ABC command line "cec "stress_data/r11s_port_name_stress/cases/tc_public_23/input.blif" "results_candidate/r11s_port_name_stress/public30/tc_public_23/output.blif""
Cannot open file "abc.rc".
Cannot open file "..\abc.rc".
Cannot open file "..\..\abc.rc".
Networks are equivalent.  Time =     0.08 sec
passed=True returncode=0 runtime_sec=0.188035

===== tc_public_24 =====
======== ABC command line "cec "stress_data/r11s_port_name_stress/cases/tc_public_24/input.blif" "results_candidate/r11s_port_name_stress/public30/tc_public_24/output.blif""
Cannot open file "abc.rc".
Cannot open file "..\abc.rc".
Cannot open file "..\..\abc.rc".
Networks are equivalent.  Time =     0.02 sec
passed=True returncode=0 runtime_sec=0.126807

===== tc_public_25 =====
======== ABC command line "cec "stress_data/r11s_port_name_stress/cases/tc_public_25/input.blif" "results_candidate/r11s_port_name_stress/public30/tc_public_25/output.blif""
Cannot open file "abc.rc".
Cannot open file "..\abc.rc".
Cannot open file "..\..\abc.rc".
Networks are equivalent.  Time =     0.01 sec
passed=True returncode=0 runtime_sec=0.106938

===== tc_public_26 =====
======== ABC command line "cec "stress_data/r11s_port_name_stress/cases/tc_public_26/input.blif" "results_candidate/r11s_port_name_stress/public30/tc_public_26/output.blif""
Cannot open file "abc.rc".
Cannot open file "..\abc.rc".
Cannot open file "..\..\abc.rc".
Networks are equivalent.  Time =     0.10 sec
passed=True returncode=0 runtime_sec=0.208118

===== tc_public_27 =====
======== ABC command line "cec "stress_data/r11s_port_name_stress/cases/tc_public_27/input.blif" "results_candidate/r11s_port_name_stress/public30/tc_public_27/output.blif""
Cannot open file "abc.rc".
Cannot open file "..\abc.rc".
Cannot open file "..\..\abc.rc".
Networks are equivalent.  Time =     0.02 sec
passed=True returncode=0 runtime_sec=0.126955

===== tc_public_28 =====
======== ABC command line "cec "stress_data/r11s_port_name_stress/cases/tc_public_28/input.blif" "results_candidate/r11s_port_name_stress/public30/tc_public_28/output.blif""
Cannot open file "abc.rc".
Cannot open file "..\abc.rc".
Cannot open file "..\..\abc.rc".
Networks are equivalent.  Time =     0.04 sec
passed=True returncode=0 runtime_sec=0.126659

===== tc_public_29 =====
======== ABC command line "cec "stress_data/r11s_port_name_stress/cases/tc_public_29/input.blif" "results_candidate/r11s_port_name_stress/public30/tc_public_29/output.blif""
Cannot open file "abc.rc".
Cannot open file "..\abc.rc".
Cannot open file "..\..\abc.rc".
Networks are equivalent.  Time =     0.01 sec
passed=True returncode=0 runtime_sec=0.106092

===== tc_public_3 =====
======== ABC command line "cec "stress_data/r11s_port_name_stress/cases/tc_public_3/input.blif" "results_candidate/r11s_port_name_stress/public30/tc_public_3/output.blif""
Cannot open file "abc.rc".
Cannot open file "..\abc.rc".
Cannot open file "..\..\abc.rc".
Networks are equivalent.  Time =     0.01 sec
passed=True returncode=0 runtime_sec=0.188353

===== tc_public_30 =====
======== ABC command line "cec "stress_data/r11s_port_name_stress/cases/tc_public_30/input.blif" "results_candidate/r11s_port_name_stress/public30/tc_public_30/output.blif""
Cannot open file "abc.rc".
Cannot open file "..\abc.rc".
Cannot open file "..\..\abc.rc".
Networks are equivalent.  Time =     4.90 sec
passed=True returncode=0 runtime_sec=5.050719

===== tc_public_4 =====
======== ABC command line "cec "stress_data/r11s_port_name_stress/cases/tc_public_4/input.blif" "results_candidate/r11s_port_name_stress/public30/tc_public_4/output.blif""
Cannot open file "abc.rc".
Cannot open file "..\abc.rc".
Cannot open file "..\..\abc.rc".
Networks are equivalent.  Time =     0.01 sec
passed=True returncode=0 runtime_sec=0.188223

===== tc_public_5 =====
======== ABC command line "cec "stress_data/r11s_port_name_stress/cases/tc_public_5/input.blif" "results_candidate/r11s_port_name_stress/public30/tc_public_5/output.blif""
Cannot open file "abc.rc".
Cannot open file "..\abc.rc".
Cannot open file "..\..\abc.rc".
Networks are equivalent.  Time =     0.01 sec
passed=True returncode=0 runtime_sec=0.106354

===== tc_public_6 =====
======== ABC command line "cec "stress_data/r11s_port_name_stress/cases/tc_public_6/input.blif" "results_candidate/r11s_port_name_stress/public30/tc_public_6/output.blif""
Cannot open file "abc.rc".
Cannot open file "..\abc.rc".
Cannot open file "..\..\abc.rc".
Networks are equivalent.  Time =     0.02 sec
passed=True returncode=0 runtime_sec=0.190865

===== tc_public_7 =====
======== ABC command line "cec "stress_data/r11s_port_name_stress/cases/tc_public_7/input.blif" "results_candidate/r11s_port_name_stress/public30/tc_public_7/output.blif""
Cannot open file "abc.rc".
Cannot open file "..\abc.rc".
Cannot open file "..\..\abc.rc".
Networks are equivalent.  Time =     0.01 sec
passed=True returncode=0 runtime_sec=0.188184

===== tc_public_8 =====
======== ABC command line "cec "stress_data/r11s_port_name_stress/cases/tc_public_8/input.blif" "results_candidate/r11s_port_name_stress/public30/tc_public_8/output.blif""
Cannot open file "abc.rc".
Cannot open file "..\abc.rc".
Cannot open file "..\..\abc.rc".
Networks are equivalent.  Time =     0.01 sec
passed=True returncode=0 runtime_sec=0.188410

===== tc_public_9 =====
======== ABC command line "cec "stress_data/r11s_port_name_stress/cases/tc_public_9/input.blif" "results_candidate/r11s_port_name_stress/public30/tc_public_9/output.blif""
Cannot open file "abc.rc".
Cannot open file "..\abc.rc".
Cannot open file "..\..\abc.rc".
Networks are equivalent.  Time =     0.02 sec
passed=True returncode=0 runtime_sec=0.188508

