===== tc_public_1 =====
======== ABC command line "cec "local_data/tc_public/tc_public_1/input.blif" "results_candidate/r11s_integration_full30/tc_public_1/output.blif""
Cannot open file "abc.rc".
Cannot open file "..\abc.rc".
Cannot open file "..\..\abc.rc".
Networks are equivalent.  Time =     0.02 sec
passed=True returncode=0 runtime_sec=0.189239

===== tc_public_10 =====
======== ABC command line "cec "local_data/tc_public/tc_public_10/input.blif" "results_candidate/r11s_integration_full30/tc_public_10/output.blif""
Cannot open file "abc.rc".
Cannot open file "..\abc.rc".
Cannot open file "..\..\abc.rc".
Networks are equivalent.  Time =     0.02 sec
passed=True returncode=0 runtime_sec=0.126481

===== tc_public_11 =====
======== ABC command line "cec "local_data/tc_public/tc_public_11/input.blif" "results_candidate/r11s_integration_full30/tc_public_11/output.blif""
Cannot open file "abc.rc".
Cannot open file "..\abc.rc".
Cannot open file "..\..\abc.rc".
Networks are equivalent.  Time =     0.04 sec
passed=True returncode=0 runtime_sec=0.146737

===== tc_public_12 =====
======== ABC command line "cec "local_data/tc_public/tc_public_12/input.blif" "results_candidate/r11s_integration_full30/tc_public_12/output.blif""
Cannot open file "abc.rc".
Cannot open file "..\abc.rc".
Cannot open file "..\..\abc.rc".
Networks are equivalent.  Time =     0.06 sec
passed=True returncode=0 runtime_sec=0.166617

===== tc_public_13 =====
======== ABC command line "cec "local_data/tc_public/tc_public_13/input.blif" "results_candidate/r11s_integration_full30/tc_public_13/output.blif""
Cannot open file "abc.rc".
Cannot open file "..\abc.rc".
Cannot open file "..\..\abc.rc".
Networks are equivalent.  Time =     0.28 sec
passed=True returncode=0 runtime_sec=0.453216

===== tc_public_14 =====
======== ABC command line "cec "local_data/tc_public/tc_public_14/input.blif" "results_candidate/r11s_integration_full30/tc_public_14/output.blif""
Cannot open file "abc.rc".
Cannot open file "..\abc.rc".
Cannot open file "..\..\abc.rc".
Networks are equivalent.  Time =     0.15 sec
passed=True returncode=0 runtime_sec=0.289250

===== tc_public_15 =====
======== ABC command line "cec "local_data/tc_public/tc_public_15/input.blif" "results_candidate/r11s_integration_full30/tc_public_15/output.blif""
Cannot open file "abc.rc".
Cannot open file "..\abc.rc".
Cannot open file "..\..\abc.rc".
Networks are equivalent.  Time =     0.08 sec
passed=True returncode=0 runtime_sec=0.208376

===== tc_public_16 =====
======== ABC command line "cec "local_data/tc_public/tc_public_16/input.blif" "results_candidate/r11s_integration_full30/tc_public_16/output.blif""
Cannot open file "abc.rc".
Cannot open file "..\abc.rc".
Cannot open file "..\..\abc.rc".
Networks are equivalent.  Time =     0.01 sec
passed=True returncode=0 runtime_sec=0.106989

===== tc_public_17 =====
======== ABC command line "cec "local_data/tc_public/tc_public_17/input.blif" "results_candidate/r11s_integration_full30/tc_public_17/output.blif""
Cannot open file "abc.rc".
Cannot open file "..\abc.rc".
Cannot open file "..\..\abc.rc".
Networks are equivalent.  Time =     0.02 sec
passed=True returncode=0 runtime_sec=0.109344

===== tc_public_18 =====
======== ABC command line "cec "local_data/tc_public/tc_public_18/input.blif" "results_candidate/r11s_integration_full30/tc_public_18/output.blif""
Cannot open file "abc.rc".
Cannot open file "..\abc.rc".
Cannot open file "..\..\abc.rc".
Networks are equivalent.  Time =     0.21 sec
passed=True returncode=0 runtime_sec=0.309974

===== tc_public_19 =====
======== ABC command line "cec "local_data/tc_public/tc_public_19/input.blif" "results_candidate/r11s_integration_full30/tc_public_19/output.blif""
Cannot open file "abc.rc".
Cannot open file "..\abc.rc".
Cannot open file "..\..\abc.rc".
Networks are equivalent.  Time =     1.33 sec
passed=True returncode=0 runtime_sec=1.494049

===== tc_public_2 =====
======== ABC command line "cec "local_data/tc_public/tc_public_2/input.blif" "results_candidate/r11s_integration_full30/tc_public_2/output.blif""
Cannot open file "abc.rc".
Cannot open file "..\abc.rc".
Cannot open file "..\..\abc.rc".
Networks are equivalent.  Time =     0.01 sec
passed=True returncode=0 runtime_sec=0.188692

===== tc_public_20 =====
======== ABC command line "cec "local_data/tc_public/tc_public_20/input.blif" "results_candidate/r11s_integration_full30/tc_public_20/output.blif""
Cannot open file "abc.rc".
Cannot open file "..\abc.rc".
Cannot open file "..\..\abc.rc".
Networks are equivalent.  Time =     1.49 sec
passed=True returncode=0 runtime_sec=1.645956

===== tc_public_21 =====
======== ABC command line "cec "local_data/tc_public/tc_public_21/input.blif" "results_candidate/r11s_integration_full30/tc_public_21/output.blif""
Cannot open file "abc.rc".
Cannot open file "..\abc.rc".
Cannot open file "..\..\abc.rc".
Networks are equivalent.  Time =     1.54 sec
passed=True returncode=0 runtime_sec=1.719730

===== tc_public_22 =====
======== ABC command line "cec "local_data/tc_public/tc_public_22/input.blif" "results_candidate/r11s_integration_full30/tc_public_22/output.blif""
Cannot open file "abc.rc".
Cannot open file "..\abc.rc".
Cannot open file "..\..\abc.rc".
Networks are equivalent.  Time =     2.89 sec
passed=True returncode=0 runtime_sec=3.110764

===== tc_public_23 =====
======== ABC command line "cec "local_data/tc_public/tc_public_23/input.blif" "results_candidate/r11s_integration_full30/tc_public_23/output.blif""
Cannot open file "abc.rc".
Cannot open file "..\abc.rc".
Cannot open file "..\..\abc.rc".
Networks are equivalent.  Time =     0.09 sec
passed=True returncode=0 runtime_sec=0.210430

===== tc_public_24 =====
======== ABC command line "cec "local_data/tc_public/tc_public_24/input.blif" "results_candidate/r11s_integration_full30/tc_public_24/output.blif""
Cannot open file "abc.rc".
Cannot open file "..\abc.rc".
Cannot open file "..\..\abc.rc".
Networks are equivalent.  Time =     0.02 sec
passed=True returncode=0 runtime_sec=0.106246

===== tc_public_25 =====
======== ABC command line "cec "local_data/tc_public/tc_public_25/input.blif" "results_candidate/r11s_integration_full30/tc_public_25/output.blif""
Cannot open file "abc.rc".
Cannot open file "..\abc.rc".
Cannot open file "..\..\abc.rc".
Networks are equivalent.  Time =     0.01 sec
passed=True returncode=0 runtime_sec=0.106085

===== tc_public_26 =====
======== ABC command line "cec "local_data/tc_public/tc_public_26/input.blif" "results_candidate/r11s_integration_full30/tc_public_26/output.blif""
Cannot open file "abc.rc".
Cannot open file "..\abc.rc".
Cannot open file "..\..\abc.rc".
Networks are equivalent.  Time =     0.08 sec
passed=True returncode=0 runtime_sec=0.188694

===== tc_public_27 =====
======== ABC command line "cec "local_data/tc_public/tc_public_27/input.blif" "results_candidate/r11s_integration_full30/tc_public_27/output.blif""
Cannot open file "abc.rc".
Cannot open file "..\abc.rc".
Cannot open file "..\..\abc.rc".
Networks are equivalent.  Time =     0.02 sec
passed=True returncode=0 runtime_sec=0.126323

===== tc_public_28 =====
======== ABC command line "cec "local_data/tc_public/tc_public_28/input.blif" "results_candidate/r11s_integration_full30/tc_public_28/output.blif""
Cannot open file "abc.rc".
Cannot open file "..\abc.rc".
Cannot open file "..\..\abc.rc".
Networks are equivalent.  Time =     0.03 sec
passed=True returncode=0 runtime_sec=0.128004

===== tc_public_29 =====
======== ABC command line "cec "local_data/tc_public/tc_public_29/input.blif" "results_candidate/r11s_integration_full30/tc_public_29/output.blif""
Cannot open file "abc.rc".
Cannot open file "..\abc.rc".
Cannot open file "..\..\abc.rc".
Networks are equivalent.  Time =     0.01 sec
passed=True returncode=0 runtime_sec=0.107464

===== tc_public_3 =====
======== ABC command line "cec "local_data/tc_public/tc_public_3/input.blif" "results_candidate/r11s_integration_full30/tc_public_3/output.blif""
Cannot open file "abc.rc".
Cannot open file "..\abc.rc".
Cannot open file "..\..\abc.rc".
Networks are equivalent.  Time =     0.02 sec
passed=True returncode=0 runtime_sec=0.188688

===== tc_public_30 =====
======== ABC command line "cec "local_data/tc_public/tc_public_30/input.blif" "results_candidate/r11s_integration_full30/tc_public_30/output.blif""
Cannot open file "abc.rc".
Cannot open file "..\abc.rc".
Cannot open file "..\..\abc.rc".
Networks are equivalent.  Time =     4.33 sec
passed=True returncode=0 runtime_sec=4.491242

===== tc_public_4 =====
======== ABC command line "cec "local_data/tc_public/tc_public_4/input.blif" "results_candidate/r11s_integration_full30/tc_public_4/output.blif""
Cannot open file "abc.rc".
Cannot open file "..\abc.rc".
Cannot open file "..\..\abc.rc".
Networks are equivalent.  Time =     0.01 sec
passed=True returncode=0 runtime_sec=0.187274

===== tc_public_5 =====
======== ABC command line "cec "local_data/tc_public/tc_public_5/input.blif" "results_candidate/r11s_integration_full30/tc_public_5/output.blif""
Cannot open file "abc.rc".
Cannot open file "..\abc.rc".
Cannot open file "..\..\abc.rc".
Networks are equivalent.  Time =     0.01 sec
passed=True returncode=0 runtime_sec=0.106333

===== tc_public_6 =====
======== ABC command line "cec "local_data/tc_public/tc_public_6/input.blif" "results_candidate/r11s_integration_full30/tc_public_6/output.blif""
Cannot open file "abc.rc".
Cannot open file "..\abc.rc".
Cannot open file "..\..\abc.rc".
Networks are equivalent.  Time =     0.01 sec
passed=True returncode=0 runtime_sec=0.168076

===== tc_public_7 =====
======== ABC command line "cec "local_data/tc_public/tc_public_7/input.blif" "results_candidate/r11s_integration_full30/tc_public_7/output.blif""
Cannot open file "abc.rc".
Cannot open file "..\abc.rc".
Cannot open file "..\..\abc.rc".
Networks are equivalent.  Time =     0.01 sec
passed=True returncode=0 runtime_sec=0.188562

===== tc_public_8 =====
======== ABC command line "cec "local_data/tc_public/tc_public_8/input.blif" "results_candidate/r11s_integration_full30/tc_public_8/output.blif""
Cannot open file "abc.rc".
Cannot open file "..\abc.rc".
Cannot open file "..\..\abc.rc".
Networks are equivalent.  Time =     0.01 sec
passed=True returncode=0 runtime_sec=0.190063

===== tc_public_9 =====
======== ABC command line "cec "local_data/tc_public/tc_public_9/input.blif" "results_candidate/r11s_integration_full30/tc_public_9/output.blif""
Cannot open file "abc.rc".
Cannot open file "..\abc.rc".
Cannot open file "..\..\abc.rc".
Networks are equivalent.  Time =     0.02 sec
passed=True returncode=0 runtime_sec=0.190687

