===== tc_public_1 =====
======== ABC command line "cec "../../local_data/tc_public/tc_public_1/input.blif" "results/final_public/tc_public_1/output.blif""
Cannot open file "abc.rc".
Cannot open file "..\abc.rc".
Cannot open file "..\..\abc.rc".
Networks are equivalent.  Time =     0.02 sec
passed=True returncode=0 runtime_sec=0.188196

===== tc_public_10 =====
======== ABC command line "cec "../../local_data/tc_public/tc_public_10/input.blif" "results/final_public/tc_public_10/output.blif""
Cannot open file "abc.rc".
Cannot open file "..\abc.rc".
Cannot open file "..\..\abc.rc".
Networks are equivalent.  Time =     0.02 sec
passed=True returncode=0 runtime_sec=0.127118

===== tc_public_11 =====
======== ABC command line "cec "../../local_data/tc_public/tc_public_11/input.blif" "results/final_public/tc_public_11/output.blif""
Cannot open file "abc.rc".
Cannot open file "..\abc.rc".
Cannot open file "..\..\abc.rc".
Networks are equivalent.  Time =     0.04 sec
passed=True returncode=0 runtime_sec=0.147843

===== tc_public_12 =====
======== ABC command line "cec "../../local_data/tc_public/tc_public_12/input.blif" "results/final_public/tc_public_12/output.blif""
Cannot open file "abc.rc".
Cannot open file "..\abc.rc".
Cannot open file "..\..\abc.rc".
Networks are equivalent.  Time =     0.06 sec
passed=True returncode=0 runtime_sec=0.168679

===== tc_public_13 =====
======== ABC command line "cec "../../local_data/tc_public/tc_public_13/input.blif" "results/final_public/tc_public_13/output.blif""
Cannot open file "abc.rc".
Cannot open file "..\abc.rc".
Cannot open file "..\..\abc.rc".
Networks are equivalent.  Time =     0.28 sec
passed=True returncode=0 runtime_sec=0.494041

===== tc_public_14 =====
======== ABC command line "cec "../../local_data/tc_public/tc_public_14/input.blif" "results/final_public/tc_public_14/output.blif""
Cannot open file "abc.rc".
Cannot open file "..\abc.rc".
Cannot open file "..\..\abc.rc".
Networks are equivalent.  Time =     0.16 sec
passed=True returncode=0 runtime_sec=0.289944

===== tc_public_15 =====
======== ABC command line "cec "../../local_data/tc_public/tc_public_15/input.blif" "results/final_public/tc_public_15/output.blif""
Cannot open file "abc.rc".
Cannot open file "..\abc.rc".
Cannot open file "..\..\abc.rc".
Networks are equivalent.  Time =     0.08 sec
passed=True returncode=0 runtime_sec=0.188079

===== tc_public_16 =====
======== ABC command line "cec "../../local_data/tc_public/tc_public_16/input.blif" "results/final_public/tc_public_16/output.blif""
Cannot open file "abc.rc".
Cannot open file "..\abc.rc".
Cannot open file "..\..\abc.rc".
Networks are equivalent.  Time =     0.01 sec
passed=True returncode=0 runtime_sec=0.107138

===== tc_public_17 =====
======== ABC command line "cec "../../local_data/tc_public/tc_public_17/input.blif" "results/final_public/tc_public_17/output.blif""
Cannot open file "abc.rc".
Cannot open file "..\abc.rc".
Cannot open file "..\..\abc.rc".
Networks are equivalent.  Time =     0.01 sec
passed=True returncode=0 runtime_sec=0.106245

===== tc_public_18 =====
======== ABC command line "cec "../../local_data/tc_public/tc_public_18/input.blif" "results/final_public/tc_public_18/output.blif""
Cannot open file "abc.rc".
Cannot open file "..\abc.rc".
Cannot open file "..\..\abc.rc".
Networks are equivalent.  Time =     0.20 sec
passed=True returncode=0 runtime_sec=0.309658

===== tc_public_19 =====
======== ABC command line "cec "../../local_data/tc_public/tc_public_19/input.blif" "results/final_public/tc_public_19/output.blif""
Cannot open file "abc.rc".
Cannot open file "..\abc.rc".
Cannot open file "..\..\abc.rc".
Networks are equivalent.  Time =     1.32 sec
passed=True returncode=0 runtime_sec=1.475086

===== tc_public_2 =====
======== ABC command line "cec "../../local_data/tc_public/tc_public_2/input.blif" "results/final_public/tc_public_2/output.blif""
Cannot open file "abc.rc".
Cannot open file "..\abc.rc".
Cannot open file "..\..\abc.rc".
Networks are equivalent.  Time =     0.01 sec
passed=True returncode=0 runtime_sec=0.187480

===== tc_public_20 =====
======== ABC command line "cec "../../local_data/tc_public/tc_public_20/input.blif" "results/final_public/tc_public_20/output.blif""
Cannot open file "abc.rc".
Cannot open file "..\abc.rc".
Cannot open file "..\..\abc.rc".
Networks are equivalent.  Time =     1.57 sec
passed=True returncode=0 runtime_sec=1.719216

===== tc_public_21 =====
======== ABC command line "cec "../../local_data/tc_public/tc_public_21/input.blif" "results/final_public/tc_public_21/output.blif""
Cannot open file "abc.rc".
Cannot open file "..\abc.rc".
Cannot open file "..\..\abc.rc".
Networks are equivalent.  Time =     1.54 sec
passed=True returncode=0 runtime_sec=1.702459

===== tc_public_22 =====
======== ABC command line "cec "../../local_data/tc_public/tc_public_22/input.blif" "results/final_public/tc_public_22/output.blif""
Cannot open file "abc.rc".
Cannot open file "..\abc.rc".
Cannot open file "..\..\abc.rc".
Networks are equivalent.  Time =     2.86 sec
passed=True returncode=0 runtime_sec=3.077314

===== tc_public_23 =====
======== ABC command line "cec "../../local_data/tc_public/tc_public_23/input.blif" "results/final_public/tc_public_23/output.blif""
Cannot open file "abc.rc".
Cannot open file "..\abc.rc".
Cannot open file "..\..\abc.rc".
Networks are equivalent.  Time =     0.10 sec
passed=True returncode=0 runtime_sec=0.209811

===== tc_public_24 =====
======== ABC command line "cec "../../local_data/tc_public/tc_public_24/input.blif" "results/final_public/tc_public_24/output.blif""
Cannot open file "abc.rc".
Cannot open file "..\abc.rc".
Cannot open file "..\..\abc.rc".
Networks are equivalent.  Time =     0.02 sec
passed=True returncode=0 runtime_sec=0.127032

===== tc_public_25 =====
======== ABC command line "cec "../../local_data/tc_public/tc_public_25/input.blif" "results/final_public/tc_public_25/output.blif""
Cannot open file "abc.rc".
Cannot open file "..\abc.rc".
Cannot open file "..\..\abc.rc".
Networks are equivalent.  Time =     0.01 sec
passed=True returncode=0 runtime_sec=0.107349

===== tc_public_26 =====
======== ABC command line "cec "../../local_data/tc_public/tc_public_26/input.blif" "results/final_public/tc_public_26/output.blif""
Cannot open file "abc.rc".
Cannot open file "..\abc.rc".
Cannot open file "..\..\abc.rc".
Networks are equivalent.  Time =     0.09 sec
passed=True returncode=0 runtime_sec=0.188453

===== tc_public_27 =====
======== ABC command line "cec "../../local_data/tc_public/tc_public_27/input.blif" "results/final_public/tc_public_27/output.blif""
Cannot open file "abc.rc".
Cannot open file "..\abc.rc".
Cannot open file "..\..\abc.rc".
Networks are equivalent.  Time =     0.02 sec
passed=True returncode=0 runtime_sec=0.127866

===== tc_public_28 =====
======== ABC command line "cec "../../local_data/tc_public/tc_public_28/input.blif" "results/final_public/tc_public_28/output.blif""
Cannot open file "abc.rc".
Cannot open file "..\abc.rc".
Cannot open file "..\..\abc.rc".
Networks are equivalent.  Time =     0.03 sec
passed=True returncode=0 runtime_sec=0.147343

===== tc_public_29 =====
======== ABC command line "cec "../../local_data/tc_public/tc_public_29/input.blif" "results/final_public/tc_public_29/output.blif""
Cannot open file "abc.rc".
Cannot open file "..\abc.rc".
Cannot open file "..\..\abc.rc".
Networks are equivalent.  Time =     0.02 sec
passed=True returncode=0 runtime_sec=0.107580

===== tc_public_3 =====
======== ABC command line "cec "../../local_data/tc_public/tc_public_3/input.blif" "results/final_public/tc_public_3/output.blif""
Cannot open file "abc.rc".
Cannot open file "..\abc.rc".
Cannot open file "..\..\abc.rc".
Networks are equivalent.  Time =     0.02 sec
passed=True returncode=0 runtime_sec=0.188356

===== tc_public_30 =====
======== ABC command line "cec "../../local_data/tc_public/tc_public_30/input.blif" "results/final_public/tc_public_30/output.blif""
Cannot open file "abc.rc".
Cannot open file "..\abc.rc".
Cannot open file "..\..\abc.rc".
Networks are equivalent.  Time =     4.48 sec
passed=True returncode=0 runtime_sec=4.635458

===== tc_public_4 =====
======== ABC command line "cec "../../local_data/tc_public/tc_public_4/input.blif" "results/final_public/tc_public_4/output.blif""
Cannot open file "abc.rc".
Cannot open file "..\abc.rc".
Cannot open file "..\..\abc.rc".
Networks are equivalent.  Time =     0.01 sec
passed=True returncode=0 runtime_sec=0.207772

===== tc_public_5 =====
======== ABC command line "cec "../../local_data/tc_public/tc_public_5/input.blif" "results/final_public/tc_public_5/output.blif""
Cannot open file "abc.rc".
Cannot open file "..\abc.rc".
Cannot open file "..\..\abc.rc".
Networks are equivalent.  Time =     0.01 sec
passed=True returncode=0 runtime_sec=0.127549

===== tc_public_6 =====
======== ABC command line "cec "../../local_data/tc_public/tc_public_6/input.blif" "results/final_public/tc_public_6/output.blif""
Cannot open file "abc.rc".
Cannot open file "..\abc.rc".
Cannot open file "..\..\abc.rc".
Networks are equivalent.  Time =     0.01 sec
passed=True returncode=0 runtime_sec=0.187944

===== tc_public_7 =====
======== ABC command line "cec "../../local_data/tc_public/tc_public_7/input.blif" "results/final_public/tc_public_7/output.blif""
Cannot open file "abc.rc".
Cannot open file "..\abc.rc".
Cannot open file "..\..\abc.rc".
Networks are equivalent.  Time =     0.01 sec
passed=True returncode=0 runtime_sec=0.188282

===== tc_public_8 =====
======== ABC command line "cec "../../local_data/tc_public/tc_public_8/input.blif" "results/final_public/tc_public_8/output.blif""
Cannot open file "abc.rc".
Cannot open file "..\abc.rc".
Cannot open file "..\..\abc.rc".
Networks are equivalent.  Time =     0.01 sec
passed=True returncode=0 runtime_sec=0.187577

===== tc_public_9 =====
======== ABC command line "cec "../../local_data/tc_public/tc_public_9/input.blif" "results/final_public/tc_public_9/output.blif""
Cannot open file "abc.rc".
Cannot open file "..\abc.rc".
Cannot open file "..\..\abc.rc".
Networks are equivalent.  Time =     0.02 sec
passed=True returncode=0 runtime_sec=0.189057

