===== tc_public_1 =====
======== ABC command line "cec "local_data/tc_public/tc_public_1/input.blif" "scratch/r11s_release_package_dryrun/zip_extract/results/final_public/tc_public_1/output.blif""
Cannot open file "abc.rc".
Cannot open file "..\abc.rc".
Cannot open file "..\..\abc.rc".
Networks are equivalent.  Time =     0.02 sec
passed=True returncode=0 runtime_sec=0.365705

===== tc_public_10 =====
======== ABC command line "cec "local_data/tc_public/tc_public_10/input.blif" "scratch/r11s_release_package_dryrun/zip_extract/results/final_public/tc_public_10/output.blif""
Cannot open file "abc.rc".
Cannot open file "..\abc.rc".
Cannot open file "..\..\abc.rc".
Networks are equivalent.  Time =     0.02 sec
passed=True returncode=0 runtime_sec=0.127521

===== tc_public_11 =====
======== ABC command line "cec "local_data/tc_public/tc_public_11/input.blif" "scratch/r11s_release_package_dryrun/zip_extract/results/final_public/tc_public_11/output.blif""
Cannot open file "abc.rc".
Cannot open file "..\abc.rc".
Cannot open file "..\..\abc.rc".
Networks are equivalent.  Time =     0.04 sec
passed=True returncode=0 runtime_sec=0.147789

===== tc_public_12 =====
======== ABC command line "cec "local_data/tc_public/tc_public_12/input.blif" "scratch/r11s_release_package_dryrun/zip_extract/results/final_public/tc_public_12/output.blif""
Cannot open file "abc.rc".
Cannot open file "..\abc.rc".
Cannot open file "..\..\abc.rc".
Networks are equivalent.  Time =     0.06 sec
passed=True returncode=0 runtime_sec=0.188030

===== tc_public_13 =====
======== ABC command line "cec "local_data/tc_public/tc_public_13/input.blif" "scratch/r11s_release_package_dryrun/zip_extract/results/final_public/tc_public_13/output.blif""
Cannot open file "abc.rc".
Cannot open file "..\abc.rc".
Cannot open file "..\..\abc.rc".
Networks are equivalent.  Time =     0.28 sec
passed=True returncode=0 runtime_sec=0.454985

===== tc_public_14 =====
======== ABC command line "cec "local_data/tc_public/tc_public_14/input.blif" "scratch/r11s_release_package_dryrun/zip_extract/results/final_public/tc_public_14/output.blif""
Cannot open file "abc.rc".
Cannot open file "..\abc.rc".
Cannot open file "..\..\abc.rc".
Networks are equivalent.  Time =     0.16 sec
passed=True returncode=0 runtime_sec=0.290769

===== tc_public_15 =====
======== ABC command line "cec "local_data/tc_public/tc_public_15/input.blif" "scratch/r11s_release_package_dryrun/zip_extract/results/final_public/tc_public_15/output.blif""
Cannot open file "abc.rc".
Cannot open file "..\abc.rc".
Cannot open file "..\..\abc.rc".
Networks are equivalent.  Time =     0.08 sec
passed=True returncode=0 runtime_sec=0.188355

===== tc_public_16 =====
======== ABC command line "cec "local_data/tc_public/tc_public_16/input.blif" "scratch/r11s_release_package_dryrun/zip_extract/results/final_public/tc_public_16/output.blif""
Cannot open file "abc.rc".
Cannot open file "..\abc.rc".
Cannot open file "..\..\abc.rc".
Networks are equivalent.  Time =     0.01 sec
passed=True returncode=0 runtime_sec=0.105973

===== tc_public_17 =====
======== ABC command line "cec "local_data/tc_public/tc_public_17/input.blif" "scratch/r11s_release_package_dryrun/zip_extract/results/final_public/tc_public_17/output.blif""
Cannot open file "abc.rc".
Cannot open file "..\abc.rc".
Cannot open file "..\..\abc.rc".
Networks are equivalent.  Time =     0.01 sec
passed=True returncode=0 runtime_sec=0.106384

===== tc_public_18 =====
======== ABC command line "cec "local_data/tc_public/tc_public_18/input.blif" "scratch/r11s_release_package_dryrun/zip_extract/results/final_public/tc_public_18/output.blif""
Cannot open file "abc.rc".
Cannot open file "..\abc.rc".
Cannot open file "..\..\abc.rc".
Networks are equivalent.  Time =     0.24 sec
passed=True returncode=0 runtime_sec=0.351092

===== tc_public_19 =====
======== ABC command line "cec "local_data/tc_public/tc_public_19/input.blif" "scratch/r11s_release_package_dryrun/zip_extract/results/final_public/tc_public_19/output.blif""
Cannot open file "abc.rc".
Cannot open file "..\abc.rc".
Cannot open file "..\..\abc.rc".
Networks are equivalent.  Time =     1.39 sec
passed=True returncode=0 runtime_sec=1.554886

===== tc_public_2 =====
======== ABC command line "cec "local_data/tc_public/tc_public_2/input.blif" "scratch/r11s_release_package_dryrun/zip_extract/results/final_public/tc_public_2/output.blif""
Cannot open file "abc.rc".
Cannot open file "..\abc.rc".
Cannot open file "..\..\abc.rc".
Networks are equivalent.  Time =     0.01 sec
passed=True returncode=0 runtime_sec=0.188166

===== tc_public_20 =====
======== ABC command line "cec "local_data/tc_public/tc_public_20/input.blif" "scratch/r11s_release_package_dryrun/zip_extract/results/final_public/tc_public_20/output.blif""
Cannot open file "abc.rc".
Cannot open file "..\abc.rc".
Cannot open file "..\..\abc.rc".
Networks are equivalent.  Time =     1.48 sec
passed=True returncode=0 runtime_sec=1.638269

===== tc_public_21 =====
======== ABC command line "cec "local_data/tc_public/tc_public_21/input.blif" "scratch/r11s_release_package_dryrun/zip_extract/results/final_public/tc_public_21/output.blif""
Cannot open file "abc.rc".
Cannot open file "..\abc.rc".
Cannot open file "..\..\abc.rc".
Networks are equivalent.  Time =     1.57 sec
passed=True returncode=0 runtime_sec=1.720413

===== tc_public_22 =====
======== ABC command line "cec "local_data/tc_public/tc_public_22/input.blif" "scratch/r11s_release_package_dryrun/zip_extract/results/final_public/tc_public_22/output.blif""
Cannot open file "abc.rc".
Cannot open file "..\abc.rc".
Cannot open file "..\..\abc.rc".
Networks are equivalent.  Time =     3.13 sec
passed=True returncode=0 runtime_sec=3.352070

===== tc_public_23 =====
======== ABC command line "cec "local_data/tc_public/tc_public_23/input.blif" "scratch/r11s_release_package_dryrun/zip_extract/results/final_public/tc_public_23/output.blif""
Cannot open file "abc.rc".
Cannot open file "..\abc.rc".
Cannot open file "..\..\abc.rc".
Networks are equivalent.  Time =     0.09 sec
passed=True returncode=0 runtime_sec=0.219384

===== tc_public_24 =====
======== ABC command line "cec "local_data/tc_public/tc_public_24/input.blif" "scratch/r11s_release_package_dryrun/zip_extract/results/final_public/tc_public_24/output.blif""
Cannot open file "abc.rc".
Cannot open file "..\abc.rc".
Cannot open file "..\..\abc.rc".
Networks are equivalent.  Time =     0.02 sec
passed=True returncode=0 runtime_sec=0.128190

===== tc_public_25 =====
======== ABC command line "cec "local_data/tc_public/tc_public_25/input.blif" "scratch/r11s_release_package_dryrun/zip_extract/results/final_public/tc_public_25/output.blif""
Cannot open file "abc.rc".
Cannot open file "..\abc.rc".
Cannot open file "..\..\abc.rc".
Networks are equivalent.  Time =     0.01 sec
passed=True returncode=0 runtime_sec=0.107489

===== tc_public_26 =====
======== ABC command line "cec "local_data/tc_public/tc_public_26/input.blif" "scratch/r11s_release_package_dryrun/zip_extract/results/final_public/tc_public_26/output.blif""
Cannot open file "abc.rc".
Cannot open file "..\abc.rc".
Cannot open file "..\..\abc.rc".
Networks are equivalent.  Time =     0.09 sec
passed=True returncode=0 runtime_sec=0.189016

===== tc_public_27 =====
======== ABC command line "cec "local_data/tc_public/tc_public_27/input.blif" "scratch/r11s_release_package_dryrun/zip_extract/results/final_public/tc_public_27/output.blif""
Cannot open file "abc.rc".
Cannot open file "..\abc.rc".
Cannot open file "..\..\abc.rc".
Networks are equivalent.  Time =     0.02 sec
passed=True returncode=0 runtime_sec=0.128092

===== tc_public_28 =====
======== ABC command line "cec "local_data/tc_public/tc_public_28/input.blif" "scratch/r11s_release_package_dryrun/zip_extract/results/final_public/tc_public_28/output.blif""
Cannot open file "abc.rc".
Cannot open file "..\abc.rc".
Cannot open file "..\..\abc.rc".
Networks are equivalent.  Time =     0.03 sec
passed=True returncode=0 runtime_sec=0.128854

===== tc_public_29 =====
======== ABC command line "cec "local_data/tc_public/tc_public_29/input.blif" "scratch/r11s_release_package_dryrun/zip_extract/results/final_public/tc_public_29/output.blif""
Cannot open file "abc.rc".
Cannot open file "..\abc.rc".
Cannot open file "..\..\abc.rc".
Networks are equivalent.  Time =     0.02 sec
passed=True returncode=0 runtime_sec=0.108961

===== tc_public_3 =====
======== ABC command line "cec "local_data/tc_public/tc_public_3/input.blif" "scratch/r11s_release_package_dryrun/zip_extract/results/final_public/tc_public_3/output.blif""
Cannot open file "abc.rc".
Cannot open file "..\abc.rc".
Cannot open file "..\..\abc.rc".
Networks are equivalent.  Time =     0.02 sec
passed=True returncode=0 runtime_sec=0.187838

===== tc_public_30 =====
======== ABC command line "cec "local_data/tc_public/tc_public_30/input.blif" "scratch/r11s_release_package_dryrun/zip_extract/results/final_public/tc_public_30/output.blif""
Cannot open file "abc.rc".
Cannot open file "..\abc.rc".
Cannot open file "..\..\abc.rc".
Networks are equivalent.  Time =     4.83 sec
passed=True returncode=0 runtime_sec=4.987005

===== tc_public_4 =====
======== ABC command line "cec "local_data/tc_public/tc_public_4/input.blif" "scratch/r11s_release_package_dryrun/zip_extract/results/final_public/tc_public_4/output.blif""
Cannot open file "abc.rc".
Cannot open file "..\abc.rc".
Cannot open file "..\..\abc.rc".
Networks are equivalent.  Time =     0.01 sec
passed=True returncode=0 runtime_sec=0.189313

===== tc_public_5 =====
======== ABC command line "cec "local_data/tc_public/tc_public_5/input.blif" "scratch/r11s_release_package_dryrun/zip_extract/results/final_public/tc_public_5/output.blif""
Cannot open file "abc.rc".
Cannot open file "..\abc.rc".
Cannot open file "..\..\abc.rc".
Networks are equivalent.  Time =     0.01 sec
passed=True returncode=0 runtime_sec=0.106489

===== tc_public_6 =====
======== ABC command line "cec "local_data/tc_public/tc_public_6/input.blif" "scratch/r11s_release_package_dryrun/zip_extract/results/final_public/tc_public_6/output.blif""
Cannot open file "abc.rc".
Cannot open file "..\abc.rc".
Cannot open file "..\..\abc.rc".
Networks are equivalent.  Time =     0.01 sec
passed=True returncode=0 runtime_sec=0.188010

===== tc_public_7 =====
======== ABC command line "cec "local_data/tc_public/tc_public_7/input.blif" "scratch/r11s_release_package_dryrun/zip_extract/results/final_public/tc_public_7/output.blif""
Cannot open file "abc.rc".
Cannot open file "..\abc.rc".
Cannot open file "..\..\abc.rc".
Networks are equivalent.  Time =     0.01 sec
passed=True returncode=0 runtime_sec=0.188186

===== tc_public_8 =====
======== ABC command line "cec "local_data/tc_public/tc_public_8/input.blif" "scratch/r11s_release_package_dryrun/zip_extract/results/final_public/tc_public_8/output.blif""
Cannot open file "abc.rc".
Cannot open file "..\abc.rc".
Cannot open file "..\..\abc.rc".
Networks are equivalent.  Time =     0.01 sec
passed=True returncode=0 runtime_sec=0.189734

===== tc_public_9 =====
======== ABC command line "cec "local_data/tc_public/tc_public_9/input.blif" "scratch/r11s_release_package_dryrun/zip_extract/results/final_public/tc_public_9/output.blif""
Cannot open file "abc.rc".
Cannot open file "..\abc.rc".
Cannot open file "..\..\abc.rc".
Networks are equivalent.  Time =     0.02 sec
passed=True returncode=0 runtime_sec=0.189223

