===== tc_public_1 =====
======== ABC command line "cec "../../../local_data/tc_public/tc_public_1/input.blif" "results/final_public/tc_public_1/output.blif""
Cannot open file "abc.rc".
Cannot open file "..\abc.rc".
Cannot open file "..\..\abc.rc".
Networks are equivalent.  Time =     0.02 sec
passed=True returncode=0 runtime_sec=0.189796

===== tc_public_10 =====
======== ABC command line "cec "../../../local_data/tc_public/tc_public_10/input.blif" "results/final_public/tc_public_10/output.blif""
Cannot open file "abc.rc".
Cannot open file "..\abc.rc".
Cannot open file "..\..\abc.rc".
Networks are equivalent.  Time =     0.02 sec
passed=True returncode=0 runtime_sec=0.106291

===== tc_public_11 =====
======== ABC command line "cec "../../../local_data/tc_public/tc_public_11/input.blif" "results/final_public/tc_public_11/output.blif""
Cannot open file "abc.rc".
Cannot open file "..\abc.rc".
Cannot open file "..\..\abc.rc".
Networks are equivalent.  Time =     0.04 sec
passed=True returncode=0 runtime_sec=0.146452

===== tc_public_12 =====
======== ABC command line "cec "../../../local_data/tc_public/tc_public_12/input.blif" "results/final_public/tc_public_12/output.blif""
Cannot open file "abc.rc".
Cannot open file "..\abc.rc".
Cannot open file "..\..\abc.rc".
Networks are equivalent.  Time =     0.06 sec
passed=True returncode=0 runtime_sec=0.166811

===== tc_public_13 =====
======== ABC command line "cec "../../../local_data/tc_public/tc_public_13/input.blif" "results/final_public/tc_public_13/output.blif""
Cannot open file "abc.rc".
Cannot open file "..\abc.rc".
Cannot open file "..\..\abc.rc".
Networks are equivalent.  Time =     0.27 sec
passed=True returncode=0 runtime_sec=0.434298

===== tc_public_14 =====
======== ABC command line "cec "../../../local_data/tc_public/tc_public_14/input.blif" "results/final_public/tc_public_14/output.blif""
Cannot open file "abc.rc".
Cannot open file "..\abc.rc".
Cannot open file "..\..\abc.rc".
Networks are equivalent.  Time =     0.14 sec
passed=True returncode=0 runtime_sec=0.269468

===== tc_public_15 =====
======== ABC command line "cec "../../../local_data/tc_public/tc_public_15/input.blif" "results/final_public/tc_public_15/output.blif""
Cannot open file "abc.rc".
Cannot open file "..\abc.rc".
Cannot open file "..\..\abc.rc".
Networks are equivalent.  Time =     0.08 sec
passed=True returncode=0 runtime_sec=0.188219

===== tc_public_16 =====
======== ABC command line "cec "../../../local_data/tc_public/tc_public_16/input.blif" "results/final_public/tc_public_16/output.blif""
Cannot open file "abc.rc".
Cannot open file "..\abc.rc".
Cannot open file "..\..\abc.rc".
Networks are equivalent.  Time =     0.01 sec
passed=True returncode=0 runtime_sec=0.108045

===== tc_public_17 =====
======== ABC command line "cec "../../../local_data/tc_public/tc_public_17/input.blif" "results/final_public/tc_public_17/output.blif""
Cannot open file "abc.rc".
Cannot open file "..\abc.rc".
Cannot open file "..\..\abc.rc".
Networks are equivalent.  Time =     0.01 sec
passed=True returncode=0 runtime_sec=0.126047

===== tc_public_18 =====
======== ABC command line "cec "../../../local_data/tc_public/tc_public_18/input.blif" "results/final_public/tc_public_18/output.blif""
Cannot open file "abc.rc".
Cannot open file "..\abc.rc".
Cannot open file "..\..\abc.rc".
Networks are equivalent.  Time =     0.21 sec
passed=True returncode=0 runtime_sec=0.331390

===== tc_public_19 =====
======== ABC command line "cec "../../../local_data/tc_public/tc_public_19/input.blif" "results/final_public/tc_public_19/output.blif""
Cannot open file "abc.rc".
Cannot open file "..\abc.rc".
Cannot open file "..\..\abc.rc".
Networks are equivalent.  Time =     1.33 sec
passed=True returncode=0 runtime_sec=1.478670

===== tc_public_2 =====
======== ABC command line "cec "../../../local_data/tc_public/tc_public_2/input.blif" "results/final_public/tc_public_2/output.blif""
Cannot open file "abc.rc".
Cannot open file "..\abc.rc".
Cannot open file "..\..\abc.rc".
Networks are equivalent.  Time =     0.01 sec
passed=True returncode=0 runtime_sec=0.188205

===== tc_public_20 =====
======== ABC command line "cec "../../../local_data/tc_public/tc_public_20/input.blif" "results/final_public/tc_public_20/output.blif""
Cannot open file "abc.rc".
Cannot open file "..\abc.rc".
Cannot open file "..\..\abc.rc".
Networks are equivalent.  Time =     1.47 sec
passed=True returncode=0 runtime_sec=1.622528

===== tc_public_21 =====
======== ABC command line "cec "../../../local_data/tc_public/tc_public_21/input.blif" "results/final_public/tc_public_21/output.blif""
Cannot open file "abc.rc".
Cannot open file "..\abc.rc".
Cannot open file "..\..\abc.rc".
Networks are equivalent.  Time =     1.46 sec
passed=True returncode=0 runtime_sec=1.617406

===== tc_public_22 =====
======== ABC command line "cec "../../../local_data/tc_public/tc_public_22/input.blif" "results/final_public/tc_public_22/output.blif""
Cannot open file "abc.rc".
Cannot open file "..\abc.rc".
Cannot open file "..\..\abc.rc".
Networks are equivalent.  Time =     3.00 sec
passed=True returncode=0 runtime_sec=3.210047

===== tc_public_23 =====
======== ABC command line "cec "../../../local_data/tc_public/tc_public_23/input.blif" "results/final_public/tc_public_23/output.blif""
Cannot open file "abc.rc".
Cannot open file "..\abc.rc".
Cannot open file "..\..\abc.rc".
Networks are equivalent.  Time =     0.09 sec
passed=True returncode=0 runtime_sec=0.188440

===== tc_public_24 =====
======== ABC command line "cec "../../../local_data/tc_public/tc_public_24/input.blif" "results/final_public/tc_public_24/output.blif""
Cannot open file "abc.rc".
Cannot open file "..\abc.rc".
Cannot open file "..\..\abc.rc".
Networks are equivalent.  Time =     0.02 sec
passed=True returncode=0 runtime_sec=0.126232

===== tc_public_25 =====
======== ABC command line "cec "../../../local_data/tc_public/tc_public_25/input.blif" "results/final_public/tc_public_25/output.blif""
Cannot open file "abc.rc".
Cannot open file "..\abc.rc".
Cannot open file "..\..\abc.rc".
Networks are equivalent.  Time =     0.01 sec
passed=True returncode=0 runtime_sec=0.107278

===== tc_public_26 =====
======== ABC command line "cec "../../../local_data/tc_public/tc_public_26/input.blif" "results/final_public/tc_public_26/output.blif""
Cannot open file "abc.rc".
Cannot open file "..\abc.rc".
Cannot open file "..\..\abc.rc".
Networks are equivalent.  Time =     0.09 sec
passed=True returncode=0 runtime_sec=0.188121

===== tc_public_27 =====
======== ABC command line "cec "../../../local_data/tc_public/tc_public_27/input.blif" "results/final_public/tc_public_27/output.blif""
Cannot open file "abc.rc".
Cannot open file "..\abc.rc".
Cannot open file "..\..\abc.rc".
Networks are equivalent.  Time =     0.02 sec
passed=True returncode=0 runtime_sec=0.127462

===== tc_public_28 =====
======== ABC command line "cec "../../../local_data/tc_public/tc_public_28/input.blif" "results/final_public/tc_public_28/output.blif""
Cannot open file "abc.rc".
Cannot open file "..\abc.rc".
Cannot open file "..\..\abc.rc".
Networks are equivalent.  Time =     0.03 sec
passed=True returncode=0 runtime_sec=0.147640

===== tc_public_29 =====
======== ABC command line "cec "../../../local_data/tc_public/tc_public_29/input.blif" "results/final_public/tc_public_29/output.blif""
Cannot open file "abc.rc".
Cannot open file "..\abc.rc".
Cannot open file "..\..\abc.rc".
Networks are equivalent.  Time =     0.01 sec
passed=True returncode=0 runtime_sec=0.128150

===== tc_public_3 =====
======== ABC command line "cec "../../../local_data/tc_public/tc_public_3/input.blif" "results/final_public/tc_public_3/output.blif""
Cannot open file "abc.rc".
Cannot open file "..\abc.rc".
Cannot open file "..\..\abc.rc".
Networks are equivalent.  Time =     0.02 sec
passed=True returncode=0 runtime_sec=0.189336

===== tc_public_30 =====
======== ABC command line "cec "../../../local_data/tc_public/tc_public_30/input.blif" "results/final_public/tc_public_30/output.blif""
Cannot open file "abc.rc".
Cannot open file "..\abc.rc".
Cannot open file "..\..\abc.rc".
Networks are equivalent.  Time =     4.88 sec
passed=True returncode=0 runtime_sec=5.032029

===== tc_public_4 =====
======== ABC command line "cec "../../../local_data/tc_public/tc_public_4/input.blif" "results/final_public/tc_public_4/output.blif""
Cannot open file "abc.rc".
Cannot open file "..\abc.rc".
Cannot open file "..\..\abc.rc".
Networks are equivalent.  Time =     0.02 sec
passed=True returncode=0 runtime_sec=0.230260

===== tc_public_5 =====
======== ABC command line "cec "../../../local_data/tc_public/tc_public_5/input.blif" "results/final_public/tc_public_5/output.blif""
Cannot open file "abc.rc".
Cannot open file "..\abc.rc".
Cannot open file "..\..\abc.rc".
Networks are equivalent.  Time =     0.02 sec
passed=True returncode=0 runtime_sec=0.148688

===== tc_public_6 =====
======== ABC command line "cec "../../../local_data/tc_public/tc_public_6/input.blif" "results/final_public/tc_public_6/output.blif""
Cannot open file "abc.rc".
Cannot open file "..\abc.rc".
Cannot open file "..\..\abc.rc".
Networks are equivalent.  Time =     0.01 sec
passed=True returncode=0 runtime_sec=0.209175

===== tc_public_7 =====
======== ABC command line "cec "../../../local_data/tc_public/tc_public_7/input.blif" "results/final_public/tc_public_7/output.blif""
Cannot open file "abc.rc".
Cannot open file "..\abc.rc".
Cannot open file "..\..\abc.rc".
Networks are equivalent.  Time =     0.01 sec
passed=True returncode=0 runtime_sec=0.209804

===== tc_public_8 =====
======== ABC command line "cec "../../../local_data/tc_public/tc_public_8/input.blif" "results/final_public/tc_public_8/output.blif""
Cannot open file "abc.rc".
Cannot open file "..\abc.rc".
Cannot open file "..\..\abc.rc".
Networks are equivalent.  Time =     0.01 sec
passed=True returncode=0 runtime_sec=0.188589

===== tc_public_9 =====
======== ABC command line "cec "../../../local_data/tc_public/tc_public_9/input.blif" "results/final_public/tc_public_9/output.blif""
Cannot open file "abc.rc".
Cannot open file "..\abc.rc".
Cannot open file "..\..\abc.rc".
Networks are equivalent.  Time =     0.02 sec
passed=True returncode=0 runtime_sec=0.188400

