===== tc_public_1 =====
======== ABC command line "cec "C:/Users/yy257/cpipc_r9_large_smallpo/local_data/tc_public/tc_public_1/input.blif" "scratch/r22_r11s_external_cases_dryrun/results/final_public/tc_public_1/output.blif""
Cannot open file "abc.rc".
Cannot open file "..\abc.rc".
Cannot open file "..\..\abc.rc".
Networks are equivalent.  Time =     0.02 sec
passed=True returncode=0 runtime_sec=0.198480

===== tc_public_10 =====
======== ABC command line "cec "C:/Users/yy257/cpipc_r9_large_smallpo/local_data/tc_public/tc_public_10/input.blif" "scratch/r22_r11s_external_cases_dryrun/results/final_public/tc_public_10/output.blif""
Cannot open file "abc.rc".
Cannot open file "..\abc.rc".
Cannot open file "..\..\abc.rc".
Networks are equivalent.  Time =     0.02 sec
passed=True returncode=0 runtime_sec=0.110906

===== tc_public_11 =====
======== ABC command line "cec "C:/Users/yy257/cpipc_r9_large_smallpo/local_data/tc_public/tc_public_11/input.blif" "scratch/r22_r11s_external_cases_dryrun/results/final_public/tc_public_11/output.blif""
Cannot open file "abc.rc".
Cannot open file "..\abc.rc".
Cannot open file "..\..\abc.rc".
Networks are equivalent.  Time =     0.04 sec
passed=True returncode=0 runtime_sec=0.164110

===== tc_public_12 =====
======== ABC command line "cec "C:/Users/yy257/cpipc_r9_large_smallpo/local_data/tc_public/tc_public_12/input.blif" "scratch/r22_r11s_external_cases_dryrun/results/final_public/tc_public_12/output.blif""
Cannot open file "abc.rc".
Cannot open file "..\abc.rc".
Cannot open file "..\..\abc.rc".
Networks are equivalent.  Time =     0.07 sec
passed=True returncode=0 runtime_sec=0.172596

===== tc_public_13 =====
======== ABC command line "cec "C:/Users/yy257/cpipc_r9_large_smallpo/local_data/tc_public/tc_public_13/input.blif" "scratch/r22_r11s_external_cases_dryrun/results/final_public/tc_public_13/output.blif""
Cannot open file "abc.rc".
Cannot open file "..\abc.rc".
Cannot open file "..\..\abc.rc".
Networks are equivalent.  Time =     0.29 sec
passed=True returncode=0 runtime_sec=0.457223

===== tc_public_14 =====
======== ABC command line "cec "C:/Users/yy257/cpipc_r9_large_smallpo/local_data/tc_public/tc_public_14/input.blif" "scratch/r22_r11s_external_cases_dryrun/results/final_public/tc_public_14/output.blif""
Cannot open file "abc.rc".
Cannot open file "..\abc.rc".
Cannot open file "..\..\abc.rc".
Networks are equivalent.  Time =     0.17 sec
passed=True returncode=0 runtime_sec=0.306400

===== tc_public_15 =====
======== ABC command line "cec "C:/Users/yy257/cpipc_r9_large_smallpo/local_data/tc_public/tc_public_15/input.blif" "scratch/r22_r11s_external_cases_dryrun/results/final_public/tc_public_15/output.blif""
Cannot open file "abc.rc".
Cannot open file "..\abc.rc".
Cannot open file "..\..\abc.rc".
Networks are equivalent.  Time =     0.08 sec
passed=True returncode=0 runtime_sec=0.198878

===== tc_public_16 =====
======== ABC command line "cec "C:/Users/yy257/cpipc_r9_large_smallpo/local_data/tc_public/tc_public_16/input.blif" "scratch/r22_r11s_external_cases_dryrun/results/final_public/tc_public_16/output.blif""
Cannot open file "abc.rc".
Cannot open file "..\abc.rc".
Cannot open file "..\..\abc.rc".
Networks are equivalent.  Time =     0.01 sec
passed=True returncode=0 runtime_sec=0.101535

===== tc_public_17 =====
======== ABC command line "cec "C:/Users/yy257/cpipc_r9_large_smallpo/local_data/tc_public/tc_public_17/input.blif" "scratch/r22_r11s_external_cases_dryrun/results/final_public/tc_public_17/output.blif""
Cannot open file "abc.rc".
Cannot open file "..\abc.rc".
Cannot open file "..\..\abc.rc".
Networks are equivalent.  Time =     0.01 sec
passed=True returncode=0 runtime_sec=0.111202

===== tc_public_18 =====
======== ABC command line "cec "C:/Users/yy257/cpipc_r9_large_smallpo/local_data/tc_public/tc_public_18/input.blif" "scratch/r22_r11s_external_cases_dryrun/results/final_public/tc_public_18/output.blif""
Cannot open file "abc.rc".
Cannot open file "..\abc.rc".
Cannot open file "..\..\abc.rc".
Networks are equivalent.  Time =     0.21 sec
passed=True returncode=0 runtime_sec=0.318206

===== tc_public_19 =====
======== ABC command line "cec "C:/Users/yy257/cpipc_r9_large_smallpo/local_data/tc_public/tc_public_19/input.blif" "scratch/r22_r11s_external_cases_dryrun/results/final_public/tc_public_19/output.blif""
Cannot open file "abc.rc".
Cannot open file "..\abc.rc".
Cannot open file "..\..\abc.rc".
Networks are equivalent.  Time =     1.30 sec
passed=True returncode=0 runtime_sec=1.470006

===== tc_public_2 =====
======== ABC command line "cec "C:/Users/yy257/cpipc_r9_large_smallpo/local_data/tc_public/tc_public_2/input.blif" "scratch/r22_r11s_external_cases_dryrun/results/final_public/tc_public_2/output.blif""
Cannot open file "abc.rc".
Cannot open file "..\abc.rc".
Cannot open file "..\..\abc.rc".
Networks are equivalent.  Time =     0.01 sec
passed=True returncode=0 runtime_sec=0.178881

===== tc_public_20 =====
======== ABC command line "cec "C:/Users/yy257/cpipc_r9_large_smallpo/local_data/tc_public/tc_public_20/input.blif" "scratch/r22_r11s_external_cases_dryrun/results/final_public/tc_public_20/output.blif""
Cannot open file "abc.rc".
Cannot open file "..\abc.rc".
Cannot open file "..\..\abc.rc".
Networks are equivalent.  Time =     1.47 sec
passed=True returncode=0 runtime_sec=1.615625

===== tc_public_21 =====
======== ABC command line "cec "C:/Users/yy257/cpipc_r9_large_smallpo/local_data/tc_public/tc_public_21/input.blif" "scratch/r22_r11s_external_cases_dryrun/results/final_public/tc_public_21/output.blif""
Cannot open file "abc.rc".
Cannot open file "..\abc.rc".
Cannot open file "..\..\abc.rc".
Networks are equivalent.  Time =     1.61 sec
passed=True returncode=0 runtime_sec=1.770547

===== tc_public_22 =====
======== ABC command line "cec "C:/Users/yy257/cpipc_r9_large_smallpo/local_data/tc_public/tc_public_22/input.blif" "scratch/r22_r11s_external_cases_dryrun/results/final_public/tc_public_22/output.blif""
Cannot open file "abc.rc".
Cannot open file "..\abc.rc".
Cannot open file "..\..\abc.rc".
Networks are equivalent.  Time =     2.98 sec
passed=True returncode=0 runtime_sec=3.200501

===== tc_public_23 =====
======== ABC command line "cec "C:/Users/yy257/cpipc_r9_large_smallpo/local_data/tc_public/tc_public_23/input.blif" "scratch/r22_r11s_external_cases_dryrun/results/final_public/tc_public_23/output.blif""
Cannot open file "abc.rc".
Cannot open file "..\abc.rc".
Cannot open file "..\..\abc.rc".
Networks are equivalent.  Time =     0.09 sec
passed=True returncode=0 runtime_sec=0.198526

===== tc_public_24 =====
======== ABC command line "cec "C:/Users/yy257/cpipc_r9_large_smallpo/local_data/tc_public/tc_public_24/input.blif" "scratch/r22_r11s_external_cases_dryrun/results/final_public/tc_public_24/output.blif""
Cannot open file "abc.rc".
Cannot open file "..\abc.rc".
Cannot open file "..\..\abc.rc".
Networks are equivalent.  Time =     0.02 sec
passed=True returncode=0 runtime_sec=0.109822

===== tc_public_25 =====
======== ABC command line "cec "C:/Users/yy257/cpipc_r9_large_smallpo/local_data/tc_public/tc_public_25/input.blif" "scratch/r22_r11s_external_cases_dryrun/results/final_public/tc_public_25/output.blif""
Cannot open file "abc.rc".
Cannot open file "..\abc.rc".
Cannot open file "..\..\abc.rc".
Networks are equivalent.  Time =     0.01 sec
passed=True returncode=0 runtime_sec=0.115591

===== tc_public_26 =====
======== ABC command line "cec "C:/Users/yy257/cpipc_r9_large_smallpo/local_data/tc_public/tc_public_26/input.blif" "scratch/r22_r11s_external_cases_dryrun/results/final_public/tc_public_26/output.blif""
Cannot open file "abc.rc".
Cannot open file "..\abc.rc".
Cannot open file "..\..\abc.rc".
Networks are equivalent.  Time =     0.09 sec
passed=True returncode=0 runtime_sec=0.197417

===== tc_public_27 =====
======== ABC command line "cec "C:/Users/yy257/cpipc_r9_large_smallpo/local_data/tc_public/tc_public_27/input.blif" "scratch/r22_r11s_external_cases_dryrun/results/final_public/tc_public_27/output.blif""
Cannot open file "abc.rc".
Cannot open file "..\abc.rc".
Cannot open file "..\..\abc.rc".
Networks are equivalent.  Time =     0.02 sec
passed=True returncode=0 runtime_sec=0.135023

===== tc_public_28 =====
======== ABC command line "cec "C:/Users/yy257/cpipc_r9_large_smallpo/local_data/tc_public/tc_public_28/input.blif" "scratch/r22_r11s_external_cases_dryrun/results/final_public/tc_public_28/output.blif""
Cannot open file "abc.rc".
Cannot open file "..\abc.rc".
Cannot open file "..\..\abc.rc".
Networks are equivalent.  Time =     0.03 sec
passed=True returncode=0 runtime_sec=0.133758

===== tc_public_29 =====
======== ABC command line "cec "C:/Users/yy257/cpipc_r9_large_smallpo/local_data/tc_public/tc_public_29/input.blif" "scratch/r22_r11s_external_cases_dryrun/results/final_public/tc_public_29/output.blif""
Cannot open file "abc.rc".
Cannot open file "..\abc.rc".
Cannot open file "..\..\abc.rc".
Networks are equivalent.  Time =     0.01 sec
passed=True returncode=0 runtime_sec=0.111006

===== tc_public_3 =====
======== ABC command line "cec "C:/Users/yy257/cpipc_r9_large_smallpo/local_data/tc_public/tc_public_3/input.blif" "scratch/r22_r11s_external_cases_dryrun/results/final_public/tc_public_3/output.blif""
Cannot open file "abc.rc".
Cannot open file "..\abc.rc".
Cannot open file "..\..\abc.rc".
Networks are equivalent.  Time =     0.01 sec
passed=True returncode=0 runtime_sec=0.184047

===== tc_public_30 =====
======== ABC command line "cec "C:/Users/yy257/cpipc_r9_large_smallpo/local_data/tc_public/tc_public_30/input.blif" "scratch/r22_r11s_external_cases_dryrun/results/final_public/tc_public_30/output.blif""
Cannot open file "abc.rc".
Cannot open file "..\abc.rc".
Cannot open file "..\..\abc.rc".
Networks are equivalent.  Time =     4.78 sec
passed=True returncode=0 runtime_sec=4.925590

===== tc_public_4 =====
======== ABC command line "cec "C:/Users/yy257/cpipc_r9_large_smallpo/local_data/tc_public/tc_public_4/input.blif" "scratch/r22_r11s_external_cases_dryrun/results/final_public/tc_public_4/output.blif""
Cannot open file "abc.rc".
Cannot open file "..\abc.rc".
Cannot open file "..\..\abc.rc".
Networks are equivalent.  Time =     0.01 sec
passed=True returncode=0 runtime_sec=0.175030

===== tc_public_5 =====
======== ABC command line "cec "C:/Users/yy257/cpipc_r9_large_smallpo/local_data/tc_public/tc_public_5/input.blif" "scratch/r22_r11s_external_cases_dryrun/results/final_public/tc_public_5/output.blif""
Cannot open file "abc.rc".
Cannot open file "..\abc.rc".
Cannot open file "..\..\abc.rc".
Networks are equivalent.  Time =     0.01 sec
passed=True returncode=0 runtime_sec=0.107212

===== tc_public_6 =====
======== ABC command line "cec "C:/Users/yy257/cpipc_r9_large_smallpo/local_data/tc_public/tc_public_6/input.blif" "scratch/r22_r11s_external_cases_dryrun/results/final_public/tc_public_6/output.blif""
Cannot open file "abc.rc".
Cannot open file "..\abc.rc".
Cannot open file "..\..\abc.rc".
Networks are equivalent.  Time =     0.01 sec
passed=True returncode=0 runtime_sec=0.179135

===== tc_public_7 =====
======== ABC command line "cec "C:/Users/yy257/cpipc_r9_large_smallpo/local_data/tc_public/tc_public_7/input.blif" "scratch/r22_r11s_external_cases_dryrun/results/final_public/tc_public_7/output.blif""
Cannot open file "abc.rc".
Cannot open file "..\abc.rc".
Cannot open file "..\..\abc.rc".
Networks are equivalent.  Time =     0.01 sec
passed=True returncode=0 runtime_sec=0.171958

===== tc_public_8 =====
======== ABC command line "cec "C:/Users/yy257/cpipc_r9_large_smallpo/local_data/tc_public/tc_public_8/input.blif" "scratch/r22_r11s_external_cases_dryrun/results/final_public/tc_public_8/output.blif""
Cannot open file "abc.rc".
Cannot open file "..\abc.rc".
Cannot open file "..\..\abc.rc".
Networks are equivalent.  Time =     0.01 sec
passed=True returncode=0 runtime_sec=0.185309

===== tc_public_9 =====
======== ABC command line "cec "C:/Users/yy257/cpipc_r9_large_smallpo/local_data/tc_public/tc_public_9/input.blif" "scratch/r22_r11s_external_cases_dryrun/results/final_public/tc_public_9/output.blif""
Cannot open file "abc.rc".
Cannot open file "..\abc.rc".
Cannot open file "..\..\abc.rc".
Networks are equivalent.  Time =     0.02 sec
passed=True returncode=0 runtime_sec=0.175855

