===== tc_public_1 =====
======== ABC command line "cec "C:/Users/yy257/cpipc_r9_large_smallpo/local_data/tc_public/tc_public_1/input.blif" "scratch/r25d_final_zip_extract_check/results/final_public/tc_public_1/output.blif""
Cannot open file "abc.rc".
Cannot open file "..\abc.rc".
Cannot open file "..\..\abc.rc".
Networks are equivalent.  Time =     0.02 sec
passed=True returncode=0 runtime_sec=0.332843

===== tc_public_10 =====
======== ABC command line "cec "C:/Users/yy257/cpipc_r9_large_smallpo/local_data/tc_public/tc_public_10/input.blif" "scratch/r25d_final_zip_extract_check/results/final_public/tc_public_10/output.blif""
Cannot open file "abc.rc".
Cannot open file "..\abc.rc".
Cannot open file "..\..\abc.rc".
Networks are equivalent.  Time =     0.02 sec
passed=True returncode=0 runtime_sec=0.120658

===== tc_public_11 =====
======== ABC command line "cec "C:/Users/yy257/cpipc_r9_large_smallpo/local_data/tc_public/tc_public_11/input.blif" "scratch/r25d_final_zip_extract_check/results/final_public/tc_public_11/output.blif""
Cannot open file "abc.rc".
Cannot open file "..\abc.rc".
Cannot open file "..\..\abc.rc".
Networks are equivalent.  Time =     0.04 sec
passed=True returncode=0 runtime_sec=0.152941

===== tc_public_12 =====
======== ABC command line "cec "C:/Users/yy257/cpipc_r9_large_smallpo/local_data/tc_public/tc_public_12/input.blif" "scratch/r25d_final_zip_extract_check/results/final_public/tc_public_12/output.blif""
Cannot open file "abc.rc".
Cannot open file "..\abc.rc".
Cannot open file "..\..\abc.rc".
Networks are equivalent.  Time =     0.06 sec
passed=True returncode=0 runtime_sec=0.184023

===== tc_public_13 =====
======== ABC command line "cec "C:/Users/yy257/cpipc_r9_large_smallpo/local_data/tc_public/tc_public_13/input.blif" "scratch/r25d_final_zip_extract_check/results/final_public/tc_public_13/output.blif""
Cannot open file "abc.rc".
Cannot open file "..\abc.rc".
Cannot open file "..\..\abc.rc".
Networks are equivalent.  Time =     0.28 sec
passed=True returncode=0 runtime_sec=0.462419

===== tc_public_14 =====
======== ABC command line "cec "C:/Users/yy257/cpipc_r9_large_smallpo/local_data/tc_public/tc_public_14/input.blif" "scratch/r25d_final_zip_extract_check/results/final_public/tc_public_14/output.blif""
Cannot open file "abc.rc".
Cannot open file "..\abc.rc".
Cannot open file "..\..\abc.rc".
Networks are equivalent.  Time =     0.15 sec
passed=True returncode=0 runtime_sec=0.296882

===== tc_public_15 =====
======== ABC command line "cec "C:/Users/yy257/cpipc_r9_large_smallpo/local_data/tc_public/tc_public_15/input.blif" "scratch/r25d_final_zip_extract_check/results/final_public/tc_public_15/output.blif""
Cannot open file "abc.rc".
Cannot open file "..\abc.rc".
Cannot open file "..\..\abc.rc".
Networks are equivalent.  Time =     0.09 sec
passed=True returncode=0 runtime_sec=0.185708

===== tc_public_16 =====
======== ABC command line "cec "C:/Users/yy257/cpipc_r9_large_smallpo/local_data/tc_public/tc_public_16/input.blif" "scratch/r25d_final_zip_extract_check/results/final_public/tc_public_16/output.blif""
Cannot open file "abc.rc".
Cannot open file "..\abc.rc".
Cannot open file "..\..\abc.rc".
Networks are equivalent.  Time =     0.01 sec
passed=True returncode=0 runtime_sec=0.103600

===== tc_public_17 =====
======== ABC command line "cec "C:/Users/yy257/cpipc_r9_large_smallpo/local_data/tc_public/tc_public_17/input.blif" "scratch/r25d_final_zip_extract_check/results/final_public/tc_public_17/output.blif""
Cannot open file "abc.rc".
Cannot open file "..\abc.rc".
Cannot open file "..\..\abc.rc".
Networks are equivalent.  Time =     0.01 sec
passed=True returncode=0 runtime_sec=0.104972

===== tc_public_18 =====
======== ABC command line "cec "C:/Users/yy257/cpipc_r9_large_smallpo/local_data/tc_public/tc_public_18/input.blif" "scratch/r25d_final_zip_extract_check/results/final_public/tc_public_18/output.blif""
Cannot open file "abc.rc".
Cannot open file "..\abc.rc".
Cannot open file "..\..\abc.rc".
Networks are equivalent.  Time =     0.21 sec
passed=True returncode=0 runtime_sec=0.313370

===== tc_public_19 =====
======== ABC command line "cec "C:/Users/yy257/cpipc_r9_large_smallpo/local_data/tc_public/tc_public_19/input.blif" "scratch/r25d_final_zip_extract_check/results/final_public/tc_public_19/output.blif""
Cannot open file "abc.rc".
Cannot open file "..\abc.rc".
Cannot open file "..\..\abc.rc".
Networks are equivalent.  Time =     1.42 sec
passed=True returncode=0 runtime_sec=1.567639

===== tc_public_2 =====
======== ABC command line "cec "C:/Users/yy257/cpipc_r9_large_smallpo/local_data/tc_public/tc_public_2/input.blif" "scratch/r25d_final_zip_extract_check/results/final_public/tc_public_2/output.blif""
Cannot open file "abc.rc".
Cannot open file "..\abc.rc".
Cannot open file "..\..\abc.rc".
Networks are equivalent.  Time =     0.01 sec
passed=True returncode=0 runtime_sec=0.185317

===== tc_public_20 =====
======== ABC command line "cec "C:/Users/yy257/cpipc_r9_large_smallpo/local_data/tc_public/tc_public_20/input.blif" "scratch/r25d_final_zip_extract_check/results/final_public/tc_public_20/output.blif""
Cannot open file "abc.rc".
Cannot open file "..\abc.rc".
Cannot open file "..\..\abc.rc".
Networks are equivalent.  Time =     1.67 sec
passed=True returncode=0 runtime_sec=1.836039

===== tc_public_21 =====
======== ABC command line "cec "C:/Users/yy257/cpipc_r9_large_smallpo/local_data/tc_public/tc_public_21/input.blif" "scratch/r25d_final_zip_extract_check/results/final_public/tc_public_21/output.blif""
Cannot open file "abc.rc".
Cannot open file "..\abc.rc".
Cannot open file "..\..\abc.rc".
Networks are equivalent.  Time =     1.70 sec
passed=True returncode=0 runtime_sec=1.851837

===== tc_public_22 =====
======== ABC command line "cec "C:/Users/yy257/cpipc_r9_large_smallpo/local_data/tc_public/tc_public_22/input.blif" "scratch/r25d_final_zip_extract_check/results/final_public/tc_public_22/output.blif""
Cannot open file "abc.rc".
Cannot open file "..\abc.rc".
Cannot open file "..\..\abc.rc".
Networks are equivalent.  Time =     3.03 sec
passed=True returncode=0 runtime_sec=3.228080

===== tc_public_23 =====
======== ABC command line "cec "C:/Users/yy257/cpipc_r9_large_smallpo/local_data/tc_public/tc_public_23/input.blif" "scratch/r25d_final_zip_extract_check/results/final_public/tc_public_23/output.blif""
Cannot open file "abc.rc".
Cannot open file "..\abc.rc".
Cannot open file "..\..\abc.rc".
Networks are equivalent.  Time =     0.10 sec
passed=True returncode=0 runtime_sec=0.210781

===== tc_public_24 =====
======== ABC command line "cec "C:/Users/yy257/cpipc_r9_large_smallpo/local_data/tc_public/tc_public_24/input.blif" "scratch/r25d_final_zip_extract_check/results/final_public/tc_public_24/output.blif""
Cannot open file "abc.rc".
Cannot open file "..\abc.rc".
Cannot open file "..\..\abc.rc".
Networks are equivalent.  Time =     0.02 sec
passed=True returncode=0 runtime_sec=0.134010

===== tc_public_25 =====
======== ABC command line "cec "C:/Users/yy257/cpipc_r9_large_smallpo/local_data/tc_public/tc_public_25/input.blif" "scratch/r25d_final_zip_extract_check/results/final_public/tc_public_25/output.blif""
Cannot open file "abc.rc".
Cannot open file "..\abc.rc".
Cannot open file "..\..\abc.rc".
Networks are equivalent.  Time =     0.01 sec
passed=True returncode=0 runtime_sec=0.121116

===== tc_public_26 =====
======== ABC command line "cec "C:/Users/yy257/cpipc_r9_large_smallpo/local_data/tc_public/tc_public_26/input.blif" "scratch/r25d_final_zip_extract_check/results/final_public/tc_public_26/output.blif""
Cannot open file "abc.rc".
Cannot open file "..\abc.rc".
Cannot open file "..\..\abc.rc".
Networks are equivalent.  Time =     0.06 sec
passed=True returncode=0 runtime_sec=0.182913

===== tc_public_27 =====
======== ABC command line "cec "C:/Users/yy257/cpipc_r9_large_smallpo/local_data/tc_public/tc_public_27/input.blif" "scratch/r25d_final_zip_extract_check/results/final_public/tc_public_27/output.blif""
Cannot open file "abc.rc".
Cannot open file "..\abc.rc".
Cannot open file "..\..\abc.rc".
Networks are equivalent.  Time =     0.02 sec
passed=True returncode=0 runtime_sec=0.156958

===== tc_public_28 =====
======== ABC command line "cec "C:/Users/yy257/cpipc_r9_large_smallpo/local_data/tc_public/tc_public_28/input.blif" "scratch/r25d_final_zip_extract_check/results/final_public/tc_public_28/output.blif""
Cannot open file "abc.rc".
Cannot open file "..\abc.rc".
Cannot open file "..\..\abc.rc".
Networks are equivalent.  Time =     0.03 sec
passed=True returncode=0 runtime_sec=0.151822

===== tc_public_29 =====
======== ABC command line "cec "C:/Users/yy257/cpipc_r9_large_smallpo/local_data/tc_public/tc_public_29/input.blif" "scratch/r25d_final_zip_extract_check/results/final_public/tc_public_29/output.blif""
Cannot open file "abc.rc".
Cannot open file "..\abc.rc".
Cannot open file "..\..\abc.rc".
Networks are equivalent.  Time =     0.02 sec
passed=True returncode=0 runtime_sec=0.121759

===== tc_public_3 =====
======== ABC command line "cec "C:/Users/yy257/cpipc_r9_large_smallpo/local_data/tc_public/tc_public_3/input.blif" "scratch/r25d_final_zip_extract_check/results/final_public/tc_public_3/output.blif""
Cannot open file "abc.rc".
Cannot open file "..\abc.rc".
Cannot open file "..\..\abc.rc".
Networks are equivalent.  Time =     0.01 sec
passed=True returncode=0 runtime_sec=0.190864

===== tc_public_30 =====
======== ABC command line "cec "C:/Users/yy257/cpipc_r9_large_smallpo/local_data/tc_public/tc_public_30/input.blif" "scratch/r25d_final_zip_extract_check/results/final_public/tc_public_30/output.blif""
Cannot open file "abc.rc".
Cannot open file "..\abc.rc".
Cannot open file "..\..\abc.rc".
Networks are equivalent.  Time =     7.29 sec
passed=True returncode=0 runtime_sec=7.439249

===== tc_public_4 =====
======== ABC command line "cec "C:/Users/yy257/cpipc_r9_large_smallpo/local_data/tc_public/tc_public_4/input.blif" "scratch/r25d_final_zip_extract_check/results/final_public/tc_public_4/output.blif""
Cannot open file "abc.rc".
Cannot open file "..\abc.rc".
Cannot open file "..\..\abc.rc".
Networks are equivalent.  Time =     0.01 sec
passed=True returncode=0 runtime_sec=0.180702

===== tc_public_5 =====
======== ABC command line "cec "C:/Users/yy257/cpipc_r9_large_smallpo/local_data/tc_public/tc_public_5/input.blif" "scratch/r25d_final_zip_extract_check/results/final_public/tc_public_5/output.blif""
Cannot open file "abc.rc".
Cannot open file "..\abc.rc".
Cannot open file "..\..\abc.rc".
Networks are equivalent.  Time =     0.01 sec
passed=True returncode=0 runtime_sec=0.117538

===== tc_public_6 =====
======== ABC command line "cec "C:/Users/yy257/cpipc_r9_large_smallpo/local_data/tc_public/tc_public_6/input.blif" "scratch/r25d_final_zip_extract_check/results/final_public/tc_public_6/output.blif""
Cannot open file "abc.rc".
Cannot open file "..\abc.rc".
Cannot open file "..\..\abc.rc".
Networks are equivalent.  Time =     0.01 sec
passed=True returncode=0 runtime_sec=0.182641

===== tc_public_7 =====
======== ABC command line "cec "C:/Users/yy257/cpipc_r9_large_smallpo/local_data/tc_public/tc_public_7/input.blif" "scratch/r25d_final_zip_extract_check/results/final_public/tc_public_7/output.blif""
Cannot open file "abc.rc".
Cannot open file "..\abc.rc".
Cannot open file "..\..\abc.rc".
Networks are equivalent.  Time =     0.01 sec
passed=True returncode=0 runtime_sec=0.175277

===== tc_public_8 =====
======== ABC command line "cec "C:/Users/yy257/cpipc_r9_large_smallpo/local_data/tc_public/tc_public_8/input.blif" "scratch/r25d_final_zip_extract_check/results/final_public/tc_public_8/output.blif""
Cannot open file "abc.rc".
Cannot open file "..\abc.rc".
Cannot open file "..\..\abc.rc".
Networks are equivalent.  Time =     0.01 sec
passed=True returncode=0 runtime_sec=0.178932

===== tc_public_9 =====
======== ABC command line "cec "C:/Users/yy257/cpipc_r9_large_smallpo/local_data/tc_public/tc_public_9/input.blif" "scratch/r25d_final_zip_extract_check/results/final_public/tc_public_9/output.blif""
Cannot open file "abc.rc".
Cannot open file "..\abc.rc".
Cannot open file "..\..\abc.rc".
Networks are equivalent.  Time =     0.02 sec
passed=True returncode=0 runtime_sec=0.211207

