===== tc_public_1 =====
======== ABC command line "cec "C:/Users/yy257/cpipc_r9_large_smallpo/local_data/tc_public/tc_public_1/input.blif" "results/final_public/tc_public_1/output.blif""
Cannot open file "abc.rc".
Cannot open file "..\abc.rc".
Cannot open file "..\..\abc.rc".
Networks are equivalent.  Time =     0.02 sec
passed=True returncode=0 runtime_sec=0.356918

===== tc_public_10 =====
======== ABC command line "cec "C:/Users/yy257/cpipc_r9_large_smallpo/local_data/tc_public/tc_public_10/input.blif" "results/final_public/tc_public_10/output.blif""
Cannot open file "abc.rc".
Cannot open file "..\abc.rc".
Cannot open file "..\..\abc.rc".
Networks are equivalent.  Time =     0.02 sec
passed=True returncode=0 runtime_sec=0.120987

===== tc_public_11 =====
======== ABC command line "cec "C:/Users/yy257/cpipc_r9_large_smallpo/local_data/tc_public/tc_public_11/input.blif" "results/final_public/tc_public_11/output.blif""
Cannot open file "abc.rc".
Cannot open file "..\abc.rc".
Cannot open file "..\..\abc.rc".
Networks are equivalent.  Time =     0.04 sec
passed=True returncode=0 runtime_sec=0.148954

===== tc_public_12 =====
======== ABC command line "cec "C:/Users/yy257/cpipc_r9_large_smallpo/local_data/tc_public/tc_public_12/input.blif" "results/final_public/tc_public_12/output.blif""
Cannot open file "abc.rc".
Cannot open file "..\abc.rc".
Cannot open file "..\..\abc.rc".
Networks are equivalent.  Time =     0.07 sec
passed=True returncode=0 runtime_sec=0.182295

===== tc_public_13 =====
======== ABC command line "cec "C:/Users/yy257/cpipc_r9_large_smallpo/local_data/tc_public/tc_public_13/input.blif" "results/final_public/tc_public_13/output.blif""
Cannot open file "abc.rc".
Cannot open file "..\abc.rc".
Cannot open file "..\..\abc.rc".
Networks are equivalent.  Time =     0.29 sec
passed=True returncode=0 runtime_sec=0.459596

===== tc_public_14 =====
======== ABC command line "cec "C:/Users/yy257/cpipc_r9_large_smallpo/local_data/tc_public/tc_public_14/input.blif" "results/final_public/tc_public_14/output.blif""
Cannot open file "abc.rc".
Cannot open file "..\abc.rc".
Cannot open file "..\..\abc.rc".
Networks are equivalent.  Time =     0.15 sec
passed=True returncode=0 runtime_sec=0.275254

===== tc_public_15 =====
======== ABC command line "cec "C:/Users/yy257/cpipc_r9_large_smallpo/local_data/tc_public/tc_public_15/input.blif" "results/final_public/tc_public_15/output.blif""
Cannot open file "abc.rc".
Cannot open file "..\abc.rc".
Cannot open file "..\..\abc.rc".
Networks are equivalent.  Time =     0.09 sec
passed=True returncode=0 runtime_sec=0.191861

===== tc_public_16 =====
======== ABC command line "cec "C:/Users/yy257/cpipc_r9_large_smallpo/local_data/tc_public/tc_public_16/input.blif" "results/final_public/tc_public_16/output.blif""
Cannot open file "abc.rc".
Cannot open file "..\abc.rc".
Cannot open file "..\..\abc.rc".
Networks are equivalent.  Time =     0.01 sec
passed=True returncode=0 runtime_sec=0.119656

===== tc_public_17 =====
======== ABC command line "cec "C:/Users/yy257/cpipc_r9_large_smallpo/local_data/tc_public/tc_public_17/input.blif" "results/final_public/tc_public_17/output.blif""
Cannot open file "abc.rc".
Cannot open file "..\abc.rc".
Cannot open file "..\..\abc.rc".
Networks are equivalent.  Time =     0.01 sec
passed=True returncode=0 runtime_sec=0.104974

===== tc_public_18 =====
======== ABC command line "cec "C:/Users/yy257/cpipc_r9_large_smallpo/local_data/tc_public/tc_public_18/input.blif" "results/final_public/tc_public_18/output.blif""
Cannot open file "abc.rc".
Cannot open file "..\abc.rc".
Cannot open file "..\..\abc.rc".
Networks are equivalent.  Time =     0.21 sec
passed=True returncode=0 runtime_sec=0.304898

===== tc_public_19 =====
======== ABC command line "cec "C:/Users/yy257/cpipc_r9_large_smallpo/local_data/tc_public/tc_public_19/input.blif" "results/final_public/tc_public_19/output.blif""
Cannot open file "abc.rc".
Cannot open file "..\abc.rc".
Cannot open file "..\..\abc.rc".
Networks are equivalent.  Time =     1.43 sec
passed=True returncode=0 runtime_sec=1.575905

===== tc_public_2 =====
======== ABC command line "cec "C:/Users/yy257/cpipc_r9_large_smallpo/local_data/tc_public/tc_public_2/input.blif" "results/final_public/tc_public_2/output.blif""
Cannot open file "abc.rc".
Cannot open file "..\abc.rc".
Cannot open file "..\..\abc.rc".
Networks are equivalent.  Time =     0.01 sec
passed=True returncode=0 runtime_sec=0.185415

===== tc_public_20 =====
======== ABC command line "cec "C:/Users/yy257/cpipc_r9_large_smallpo/local_data/tc_public/tc_public_20/input.blif" "results/final_public/tc_public_20/output.blif""
Cannot open file "abc.rc".
Cannot open file "..\abc.rc".
Cannot open file "..\..\abc.rc".
Networks are equivalent.  Time =     1.65 sec
passed=True returncode=0 runtime_sec=1.807181

===== tc_public_21 =====
======== ABC command line "cec "C:/Users/yy257/cpipc_r9_large_smallpo/local_data/tc_public/tc_public_21/input.blif" "results/final_public/tc_public_21/output.blif""
Cannot open file "abc.rc".
Cannot open file "..\abc.rc".
Cannot open file "..\..\abc.rc".
Networks are equivalent.  Time =     1.71 sec
passed=True returncode=0 runtime_sec=1.871592

===== tc_public_22 =====
======== ABC command line "cec "C:/Users/yy257/cpipc_r9_large_smallpo/local_data/tc_public/tc_public_22/input.blif" "results/final_public/tc_public_22/output.blif""
Cannot open file "abc.rc".
Cannot open file "..\abc.rc".
Cannot open file "..\..\abc.rc".
Networks are equivalent.  Time =     3.05 sec
passed=True returncode=0 runtime_sec=3.257605

===== tc_public_23 =====
======== ABC command line "cec "C:/Users/yy257/cpipc_r9_large_smallpo/local_data/tc_public/tc_public_23/input.blif" "results/final_public/tc_public_23/output.blif""
Cannot open file "abc.rc".
Cannot open file "..\abc.rc".
Cannot open file "..\..\abc.rc".
Networks are equivalent.  Time =     0.10 sec
passed=True returncode=0 runtime_sec=0.209743

===== tc_public_24 =====
======== ABC command line "cec "C:/Users/yy257/cpipc_r9_large_smallpo/local_data/tc_public/tc_public_24/input.blif" "results/final_public/tc_public_24/output.blif""
Cannot open file "abc.rc".
Cannot open file "..\abc.rc".
Cannot open file "..\..\abc.rc".
Networks are equivalent.  Time =     0.02 sec
passed=True returncode=0 runtime_sec=0.129966

===== tc_public_25 =====
======== ABC command line "cec "C:/Users/yy257/cpipc_r9_large_smallpo/local_data/tc_public/tc_public_25/input.blif" "results/final_public/tc_public_25/output.blif""
Cannot open file "abc.rc".
Cannot open file "..\abc.rc".
Cannot open file "..\..\abc.rc".
Networks are equivalent.  Time =     0.01 sec
passed=True returncode=0 runtime_sec=0.122528

===== tc_public_26 =====
======== ABC command line "cec "C:/Users/yy257/cpipc_r9_large_smallpo/local_data/tc_public/tc_public_26/input.blif" "results/final_public/tc_public_26/output.blif""
Cannot open file "abc.rc".
Cannot open file "..\abc.rc".
Cannot open file "..\..\abc.rc".
Networks are equivalent.  Time =     0.07 sec
passed=True returncode=0 runtime_sec=0.183829

===== tc_public_27 =====
======== ABC command line "cec "C:/Users/yy257/cpipc_r9_large_smallpo/local_data/tc_public/tc_public_27/input.blif" "results/final_public/tc_public_27/output.blif""
Cannot open file "abc.rc".
Cannot open file "..\abc.rc".
Cannot open file "..\..\abc.rc".
Networks are equivalent.  Time =     0.02 sec
passed=True returncode=0 runtime_sec=0.152337

===== tc_public_28 =====
======== ABC command line "cec "C:/Users/yy257/cpipc_r9_large_smallpo/local_data/tc_public/tc_public_28/input.blif" "results/final_public/tc_public_28/output.blif""
Cannot open file "abc.rc".
Cannot open file "..\abc.rc".
Cannot open file "..\..\abc.rc".
Networks are equivalent.  Time =     0.03 sec
passed=True returncode=0 runtime_sec=0.152989

===== tc_public_29 =====
======== ABC command line "cec "C:/Users/yy257/cpipc_r9_large_smallpo/local_data/tc_public/tc_public_29/input.blif" "results/final_public/tc_public_29/output.blif""
Cannot open file "abc.rc".
Cannot open file "..\abc.rc".
Cannot open file "..\..\abc.rc".
Networks are equivalent.  Time =     0.02 sec
passed=True returncode=0 runtime_sec=0.120714

===== tc_public_3 =====
======== ABC command line "cec "C:/Users/yy257/cpipc_r9_large_smallpo/local_data/tc_public/tc_public_3/input.blif" "results/final_public/tc_public_3/output.blif""
Cannot open file "abc.rc".
Cannot open file "..\abc.rc".
Cannot open file "..\..\abc.rc".
Networks are equivalent.  Time =     0.01 sec
passed=True returncode=0 runtime_sec=0.184701

===== tc_public_30 =====
======== ABC command line "cec "C:/Users/yy257/cpipc_r9_large_smallpo/local_data/tc_public/tc_public_30/input.blif" "results/final_public/tc_public_30/output.blif""
Cannot open file "abc.rc".
Cannot open file "..\abc.rc".
Cannot open file "..\..\abc.rc".
Networks are equivalent.  Time =     7.28 sec
passed=True returncode=0 runtime_sec=7.422901

===== tc_public_4 =====
======== ABC command line "cec "C:/Users/yy257/cpipc_r9_large_smallpo/local_data/tc_public/tc_public_4/input.blif" "results/final_public/tc_public_4/output.blif""
Cannot open file "abc.rc".
Cannot open file "..\abc.rc".
Cannot open file "..\..\abc.rc".
Networks are equivalent.  Time =     0.01 sec
passed=True returncode=0 runtime_sec=0.174872

===== tc_public_5 =====
======== ABC command line "cec "C:/Users/yy257/cpipc_r9_large_smallpo/local_data/tc_public/tc_public_5/input.blif" "results/final_public/tc_public_5/output.blif""
Cannot open file "abc.rc".
Cannot open file "..\abc.rc".
Cannot open file "..\..\abc.rc".
Networks are equivalent.  Time =     0.01 sec
passed=True returncode=0 runtime_sec=0.119823

===== tc_public_6 =====
======== ABC command line "cec "C:/Users/yy257/cpipc_r9_large_smallpo/local_data/tc_public/tc_public_6/input.blif" "results/final_public/tc_public_6/output.blif""
Cannot open file "abc.rc".
Cannot open file "..\abc.rc".
Cannot open file "..\..\abc.rc".
Networks are equivalent.  Time =     0.01 sec
passed=True returncode=0 runtime_sec=0.174743

===== tc_public_7 =====
======== ABC command line "cec "C:/Users/yy257/cpipc_r9_large_smallpo/local_data/tc_public/tc_public_7/input.blif" "results/final_public/tc_public_7/output.blif""
Cannot open file "abc.rc".
Cannot open file "..\abc.rc".
Cannot open file "..\..\abc.rc".
Networks are equivalent.  Time =     0.01 sec
passed=True returncode=0 runtime_sec=0.173155

===== tc_public_8 =====
======== ABC command line "cec "C:/Users/yy257/cpipc_r9_large_smallpo/local_data/tc_public/tc_public_8/input.blif" "results/final_public/tc_public_8/output.blif""
Cannot open file "abc.rc".
Cannot open file "..\abc.rc".
Cannot open file "..\..\abc.rc".
Networks are equivalent.  Time =     0.01 sec
passed=True returncode=0 runtime_sec=0.174312

===== tc_public_9 =====
======== ABC command line "cec "C:/Users/yy257/cpipc_r9_large_smallpo/local_data/tc_public/tc_public_9/input.blif" "results/final_public/tc_public_9/output.blif""
Cannot open file "abc.rc".
Cannot open file "..\abc.rc".
Cannot open file "..\..\abc.rc".
Networks are equivalent.  Time =     0.01 sec
passed=True returncode=0 runtime_sec=0.213911

