===== tc_public_1 =====
======== ABC command line "cec "C:/Users/yy257/cpipc_r9_large_smallpo/local_data/tc_public/tc_public_1/input.blif" "results_release/r25d_formal_entry/full_public_v1/tc_public_1/output.blif""
Cannot open file "abc.rc".
Cannot open file "..\abc.rc".
Cannot open file "..\..\abc.rc".
Networks are equivalent.  Time =     0.02 sec
passed=True returncode=0 runtime_sec=0.178670

===== tc_public_10 =====
======== ABC command line "cec "C:/Users/yy257/cpipc_r9_large_smallpo/local_data/tc_public/tc_public_10/input.blif" "results_release/r25d_formal_entry/full_public_v1/tc_public_10/output.blif""
Cannot open file "abc.rc".
Cannot open file "..\abc.rc".
Cannot open file "..\..\abc.rc".
Networks are equivalent.  Time =     0.02 sec
passed=True returncode=0 runtime_sec=0.201664

===== tc_public_11 =====
======== ABC command line "cec "C:/Users/yy257/cpipc_r9_large_smallpo/local_data/tc_public/tc_public_11/input.blif" "results_release/r25d_formal_entry/full_public_v1/tc_public_11/output.blif""
Cannot open file "abc.rc".
Cannot open file "..\abc.rc".
Cannot open file "..\..\abc.rc".
Networks are equivalent.  Time =     0.05 sec
passed=True returncode=0 runtime_sec=0.201017

===== tc_public_12 =====
======== ABC command line "cec "C:/Users/yy257/cpipc_r9_large_smallpo/local_data/tc_public/tc_public_12/input.blif" "results_release/r25d_formal_entry/full_public_v1/tc_public_12/output.blif""
Cannot open file "abc.rc".
Cannot open file "..\abc.rc".
Cannot open file "..\..\abc.rc".
Networks are equivalent.  Time =     0.07 sec
passed=True returncode=0 runtime_sec=0.230402

===== tc_public_13 =====
======== ABC command line "cec "C:/Users/yy257/cpipc_r9_large_smallpo/local_data/tc_public/tc_public_13/input.blif" "results_release/r25d_formal_entry/full_public_v1/tc_public_13/output.blif""
Cannot open file "abc.rc".
Cannot open file "..\abc.rc".
Cannot open file "..\..\abc.rc".
Networks are equivalent.  Time =     0.32 sec
passed=True returncode=0 runtime_sec=0.539388

===== tc_public_14 =====
======== ABC command line "cec "C:/Users/yy257/cpipc_r9_large_smallpo/local_data/tc_public/tc_public_14/input.blif" "results_release/r25d_formal_entry/full_public_v1/tc_public_14/output.blif""
Cannot open file "abc.rc".
Cannot open file "..\abc.rc".
Cannot open file "..\..\abc.rc".
Networks are equivalent.  Time =     0.15 sec
passed=True returncode=0 runtime_sec=0.298011

===== tc_public_15 =====
======== ABC command line "cec "C:/Users/yy257/cpipc_r9_large_smallpo/local_data/tc_public/tc_public_15/input.blif" "results_release/r25d_formal_entry/full_public_v1/tc_public_15/output.blif""
Cannot open file "abc.rc".
Cannot open file "..\abc.rc".
Cannot open file "..\..\abc.rc".
Networks are equivalent.  Time =     0.09 sec
passed=True returncode=0 runtime_sec=0.207919

===== tc_public_16 =====
======== ABC command line "cec "C:/Users/yy257/cpipc_r9_large_smallpo/local_data/tc_public/tc_public_16/input.blif" "results_release/r25d_formal_entry/full_public_v1/tc_public_16/output.blif""
Cannot open file "abc.rc".
Cannot open file "..\abc.rc".
Cannot open file "..\..\abc.rc".
Networks are equivalent.  Time =     0.01 sec
passed=True returncode=0 runtime_sec=0.102401

===== tc_public_17 =====
======== ABC command line "cec "C:/Users/yy257/cpipc_r9_large_smallpo/local_data/tc_public/tc_public_17/input.blif" "results_release/r25d_formal_entry/full_public_v1/tc_public_17/output.blif""
Cannot open file "abc.rc".
Cannot open file "..\abc.rc".
Cannot open file "..\..\abc.rc".
Networks are equivalent.  Time =     0.01 sec
passed=True returncode=0 runtime_sec=0.123737

===== tc_public_18 =====
======== ABC command line "cec "C:/Users/yy257/cpipc_r9_large_smallpo/local_data/tc_public/tc_public_18/input.blif" "results_release/r25d_formal_entry/full_public_v1/tc_public_18/output.blif""
Cannot open file "abc.rc".
Cannot open file "..\abc.rc".
Cannot open file "..\..\abc.rc".
Networks are equivalent.  Time =     0.21 sec
passed=True returncode=0 runtime_sec=0.303016

===== tc_public_19 =====
======== ABC command line "cec "C:/Users/yy257/cpipc_r9_large_smallpo/local_data/tc_public/tc_public_19/input.blif" "results_release/r25d_formal_entry/full_public_v1/tc_public_19/output.blif""
Cannot open file "abc.rc".
Cannot open file "..\abc.rc".
Cannot open file "..\..\abc.rc".
Networks are equivalent.  Time =     1.31 sec
passed=True returncode=0 runtime_sec=1.455307

===== tc_public_2 =====
======== ABC command line "cec "C:/Users/yy257/cpipc_r9_large_smallpo/local_data/tc_public/tc_public_2/input.blif" "results_release/r25d_formal_entry/full_public_v1/tc_public_2/output.blif""
Cannot open file "abc.rc".
Cannot open file "..\abc.rc".
Cannot open file "..\..\abc.rc".
Networks are equivalent.  Time =     0.01 sec
passed=True returncode=0 runtime_sec=0.236044

===== tc_public_20 =====
======== ABC command line "cec "C:/Users/yy257/cpipc_r9_large_smallpo/local_data/tc_public/tc_public_20/input.blif" "results_release/r25d_formal_entry/full_public_v1/tc_public_20/output.blif""
Cannot open file "abc.rc".
Cannot open file "..\abc.rc".
Cannot open file "..\..\abc.rc".
Networks are equivalent.  Time =     1.68 sec
passed=True returncode=0 runtime_sec=1.820659

===== tc_public_21 =====
======== ABC command line "cec "C:/Users/yy257/cpipc_r9_large_smallpo/local_data/tc_public/tc_public_21/input.blif" "results_release/r25d_formal_entry/full_public_v1/tc_public_21/output.blif""
Cannot open file "abc.rc".
Cannot open file "..\abc.rc".
Cannot open file "..\..\abc.rc".
Networks are equivalent.  Time =     1.60 sec
passed=True returncode=0 runtime_sec=1.772906

===== tc_public_22 =====
======== ABC command line "cec "C:/Users/yy257/cpipc_r9_large_smallpo/local_data/tc_public/tc_public_22/input.blif" "results_release/r25d_formal_entry/full_public_v1/tc_public_22/output.blif""
Cannot open file "abc.rc".
Cannot open file "..\abc.rc".
Cannot open file "..\..\abc.rc".
Networks are equivalent.  Time =     3.15 sec
passed=True returncode=0 runtime_sec=3.352063

===== tc_public_23 =====
======== ABC command line "cec "C:/Users/yy257/cpipc_r9_large_smallpo/local_data/tc_public/tc_public_23/input.blif" "results_release/r25d_formal_entry/full_public_v1/tc_public_23/output.blif""
Cannot open file "abc.rc".
Cannot open file "..\abc.rc".
Cannot open file "..\..\abc.rc".
Networks are equivalent.  Time =     0.10 sec
passed=True returncode=0 runtime_sec=0.228384

===== tc_public_24 =====
======== ABC command line "cec "C:/Users/yy257/cpipc_r9_large_smallpo/local_data/tc_public/tc_public_24/input.blif" "results_release/r25d_formal_entry/full_public_v1/tc_public_24/output.blif""
Cannot open file "abc.rc".
Cannot open file "..\abc.rc".
Cannot open file "..\..\abc.rc".
Networks are equivalent.  Time =     0.02 sec
passed=True returncode=0 runtime_sec=0.133354

===== tc_public_25 =====
======== ABC command line "cec "C:/Users/yy257/cpipc_r9_large_smallpo/local_data/tc_public/tc_public_25/input.blif" "results_release/r25d_formal_entry/full_public_v1/tc_public_25/output.blif""
Cannot open file "abc.rc".
Cannot open file "..\abc.rc".
Cannot open file "..\..\abc.rc".
Networks are equivalent.  Time =     0.01 sec
passed=True returncode=0 runtime_sec=0.105541

===== tc_public_26 =====
======== ABC command line "cec "C:/Users/yy257/cpipc_r9_large_smallpo/local_data/tc_public/tc_public_26/input.blif" "results_release/r25d_formal_entry/full_public_v1/tc_public_26/output.blif""
Cannot open file "abc.rc".
Cannot open file "..\abc.rc".
Cannot open file "..\..\abc.rc".
Networks are equivalent.  Time =     0.05 sec
passed=True returncode=0 runtime_sec=0.168895

===== tc_public_27 =====
======== ABC command line "cec "C:/Users/yy257/cpipc_r9_large_smallpo/local_data/tc_public/tc_public_27/input.blif" "results_release/r25d_formal_entry/full_public_v1/tc_public_27/output.blif""
Cannot open file "abc.rc".
Cannot open file "..\abc.rc".
Cannot open file "..\..\abc.rc".
Networks are equivalent.  Time =     0.02 sec
passed=True returncode=0 runtime_sec=0.125098

===== tc_public_28 =====
======== ABC command line "cec "C:/Users/yy257/cpipc_r9_large_smallpo/local_data/tc_public/tc_public_28/input.blif" "results_release/r25d_formal_entry/full_public_v1/tc_public_28/output.blif""
Cannot open file "abc.rc".
Cannot open file "..\abc.rc".
Cannot open file "..\..\abc.rc".
Networks are equivalent.  Time =     0.03 sec
passed=True returncode=0 runtime_sec=0.131805

===== tc_public_29 =====
======== ABC command line "cec "C:/Users/yy257/cpipc_r9_large_smallpo/local_data/tc_public/tc_public_29/input.blif" "results_release/r25d_formal_entry/full_public_v1/tc_public_29/output.blif""
Cannot open file "abc.rc".
Cannot open file "..\abc.rc".
Cannot open file "..\..\abc.rc".
Networks are equivalent.  Time =     0.02 sec
passed=True returncode=0 runtime_sec=0.126671

===== tc_public_3 =====
======== ABC command line "cec "C:/Users/yy257/cpipc_r9_large_smallpo/local_data/tc_public/tc_public_3/input.blif" "results_release/r25d_formal_entry/full_public_v1/tc_public_3/output.blif""
Cannot open file "abc.rc".
Cannot open file "..\abc.rc".
Cannot open file "..\..\abc.rc".
Networks are equivalent.  Time =     0.02 sec
passed=True returncode=0 runtime_sec=0.214372

===== tc_public_30 =====
======== ABC command line "cec "C:/Users/yy257/cpipc_r9_large_smallpo/local_data/tc_public/tc_public_30/input.blif" "results_release/r25d_formal_entry/full_public_v1/tc_public_30/output.blif""
Cannot open file "abc.rc".
Cannot open file "..\abc.rc".
Cannot open file "..\..\abc.rc".
Networks are equivalent.  Time =     7.93 sec
passed=True returncode=0 runtime_sec=8.111491

===== tc_public_4 =====
======== ABC command line "cec "C:/Users/yy257/cpipc_r9_large_smallpo/local_data/tc_public/tc_public_4/input.blif" "results_release/r25d_formal_entry/full_public_v1/tc_public_4/output.blif""
Cannot open file "abc.rc".
Cannot open file "..\abc.rc".
Cannot open file "..\..\abc.rc".
Networks are equivalent.  Time =     0.01 sec
passed=True returncode=0 runtime_sec=0.180011

===== tc_public_5 =====
======== ABC command line "cec "C:/Users/yy257/cpipc_r9_large_smallpo/local_data/tc_public/tc_public_5/input.blif" "results_release/r25d_formal_entry/full_public_v1/tc_public_5/output.blif""
Cannot open file "abc.rc".
Cannot open file "..\abc.rc".
Cannot open file "..\..\abc.rc".
Networks are equivalent.  Time =     0.01 sec
passed=True returncode=0 runtime_sec=0.118980

===== tc_public_6 =====
======== ABC command line "cec "C:/Users/yy257/cpipc_r9_large_smallpo/local_data/tc_public/tc_public_6/input.blif" "results_release/r25d_formal_entry/full_public_v1/tc_public_6/output.blif""
Cannot open file "abc.rc".
Cannot open file "..\abc.rc".
Cannot open file "..\..\abc.rc".
Networks are equivalent.  Time =     0.01 sec
passed=True returncode=0 runtime_sec=0.175270

===== tc_public_7 =====
======== ABC command line "cec "C:/Users/yy257/cpipc_r9_large_smallpo/local_data/tc_public/tc_public_7/input.blif" "results_release/r25d_formal_entry/full_public_v1/tc_public_7/output.blif""
Cannot open file "abc.rc".
Cannot open file "..\abc.rc".
Cannot open file "..\..\abc.rc".
Networks are equivalent.  Time =     0.01 sec
passed=True returncode=0 runtime_sec=0.174942

===== tc_public_8 =====
======== ABC command line "cec "C:/Users/yy257/cpipc_r9_large_smallpo/local_data/tc_public/tc_public_8/input.blif" "results_release/r25d_formal_entry/full_public_v1/tc_public_8/output.blif""
Cannot open file "abc.rc".
Cannot open file "..\abc.rc".
Cannot open file "..\..\abc.rc".
Networks are equivalent.  Time =     0.01 sec
passed=True returncode=0 runtime_sec=0.180072

===== tc_public_9 =====
======== ABC command line "cec "C:/Users/yy257/cpipc_r9_large_smallpo/local_data/tc_public/tc_public_9/input.blif" "results_release/r25d_formal_entry/full_public_v1/tc_public_9/output.blif""
Cannot open file "abc.rc".
Cannot open file "..\abc.rc".
Cannot open file "..\..\abc.rc".
Networks are equivalent.  Time =     0.02 sec
passed=True returncode=0 runtime_sec=0.181668

