===== tc_public_1 =====
======== ABC command line "cec "C:/Users/yy257/cpipc_r28_v5_remeasure/local_data/tc_public/tc_public_1/input.blif" "scratch/r28_release_mt_submit_dryrun/results/final_public/tc_public_1/output.blif""
Cannot open file "abc.rc".
Cannot open file "..\abc.rc".
Cannot open file "..\..\abc.rc".
Networks are equivalent.  Time =     0.01 sec
passed=True returncode=0 runtime_sec=0.254594

===== tc_public_10 =====
======== ABC command line "cec "C:/Users/yy257/cpipc_r28_v5_remeasure/local_data/tc_public/tc_public_10/input.blif" "scratch/r28_release_mt_submit_dryrun/results/final_public/tc_public_10/output.blif""
Cannot open file "abc.rc".
Cannot open file "..\abc.rc".
Cannot open file "..\..\abc.rc".
Networks are equivalent.  Time =     0.01 sec
passed=True returncode=0 runtime_sec=0.085938

===== tc_public_11 =====
======== ABC command line "cec "C:/Users/yy257/cpipc_r28_v5_remeasure/local_data/tc_public/tc_public_11/input.blif" "scratch/r28_release_mt_submit_dryrun/results/final_public/tc_public_11/output.blif""
Cannot open file "abc.rc".
Cannot open file "..\abc.rc".
Cannot open file "..\..\abc.rc".
Networks are equivalent.  Time =     0.02 sec
passed=True returncode=0 runtime_sec=0.113646

===== tc_public_12 =====
======== ABC command line "cec "C:/Users/yy257/cpipc_r28_v5_remeasure/local_data/tc_public/tc_public_12/input.blif" "scratch/r28_release_mt_submit_dryrun/results/final_public/tc_public_12/output.blif""
Cannot open file "abc.rc".
Cannot open file "..\abc.rc".
Cannot open file "..\..\abc.rc".
Networks are equivalent.  Time =     0.03 sec
passed=True returncode=0 runtime_sec=0.148125

===== tc_public_13 =====
======== ABC command line "cec "C:/Users/yy257/cpipc_r28_v5_remeasure/local_data/tc_public/tc_public_13/input.blif" "scratch/r28_release_mt_submit_dryrun/results/final_public/tc_public_13/output.blif""
Cannot open file "abc.rc".
Cannot open file "..\abc.rc".
Cannot open file "..\..\abc.rc".
Networks are equivalent.  Time =     0.20 sec
passed=True returncode=0 runtime_sec=0.407469

===== tc_public_14 =====
======== ABC command line "cec "C:/Users/yy257/cpipc_r28_v5_remeasure/local_data/tc_public/tc_public_14/input.blif" "scratch/r28_release_mt_submit_dryrun/results/final_public/tc_public_14/output.blif""
Cannot open file "abc.rc".
Cannot open file "..\abc.rc".
Cannot open file "..\..\abc.rc".
Networks are equivalent.  Time =     0.09 sec
passed=True returncode=0 runtime_sec=0.195579

===== tc_public_15 =====
======== ABC command line "cec "C:/Users/yy257/cpipc_r28_v5_remeasure/local_data/tc_public/tc_public_15/input.blif" "scratch/r28_release_mt_submit_dryrun/results/final_public/tc_public_15/output.blif""
Cannot open file "abc.rc".
Cannot open file "..\abc.rc".
Cannot open file "..\..\abc.rc".
Networks are equivalent.  Time =     0.04 sec
passed=True returncode=0 runtime_sec=0.105513

===== tc_public_16 =====
======== ABC command line "cec "C:/Users/yy257/cpipc_r28_v5_remeasure/local_data/tc_public/tc_public_16/input.blif" "scratch/r28_release_mt_submit_dryrun/results/final_public/tc_public_16/output.blif""
Cannot open file "abc.rc".
Cannot open file "..\abc.rc".
Cannot open file "..\..\abc.rc".
Networks are equivalent.  Time =     0.00 sec
passed=True returncode=0 runtime_sec=0.072360

===== tc_public_17 =====
======== ABC command line "cec "C:/Users/yy257/cpipc_r28_v5_remeasure/local_data/tc_public/tc_public_17/input.blif" "scratch/r28_release_mt_submit_dryrun/results/final_public/tc_public_17/output.blif""
Cannot open file "abc.rc".
Cannot open file "..\abc.rc".
Cannot open file "..\..\abc.rc".
Networks are equivalent.  Time =     0.00 sec
passed=True returncode=0 runtime_sec=0.075563

===== tc_public_18 =====
======== ABC command line "cec "C:/Users/yy257/cpipc_r28_v5_remeasure/local_data/tc_public/tc_public_18/input.blif" "scratch/r28_release_mt_submit_dryrun/results/final_public/tc_public_18/output.blif""
Cannot open file "abc.rc".
Cannot open file "..\abc.rc".
Cannot open file "..\..\abc.rc".
Networks are equivalent.  Time =     0.16 sec
passed=True returncode=0 runtime_sec=0.220096

===== tc_public_19 =====
======== ABC command line "cec "C:/Users/yy257/cpipc_r28_v5_remeasure/local_data/tc_public/tc_public_19/input.blif" "scratch/r28_release_mt_submit_dryrun/results/final_public/tc_public_19/output.blif""
Cannot open file "abc.rc".
Cannot open file "..\abc.rc".
Cannot open file "..\..\abc.rc".
Networks are equivalent.  Time =     0.76 sec
passed=True returncode=0 runtime_sec=0.873319

===== tc_public_2 =====
======== ABC command line "cec "C:/Users/yy257/cpipc_r28_v5_remeasure/local_data/tc_public/tc_public_2/input.blif" "scratch/r28_release_mt_submit_dryrun/results/final_public/tc_public_2/output.blif""
Cannot open file "abc.rc".
Cannot open file "..\abc.rc".
Cannot open file "..\..\abc.rc".
Networks are equivalent.  Time =     0.00 sec
passed=True returncode=0 runtime_sec=0.146264

===== tc_public_20 =====
======== ABC command line "cec "C:/Users/yy257/cpipc_r28_v5_remeasure/local_data/tc_public/tc_public_20/input.blif" "scratch/r28_release_mt_submit_dryrun/results/final_public/tc_public_20/output.blif""
Cannot open file "abc.rc".
Cannot open file "..\abc.rc".
Cannot open file "..\..\abc.rc".
Networks are equivalent.  Time =     0.73 sec
passed=True returncode=0 runtime_sec=0.837503

===== tc_public_21 =====
======== ABC command line "cec "C:/Users/yy257/cpipc_r28_v5_remeasure/local_data/tc_public/tc_public_21/input.blif" "scratch/r28_release_mt_submit_dryrun/results/final_public/tc_public_21/output.blif""
Cannot open file "abc.rc".
Cannot open file "..\abc.rc".
Cannot open file "..\..\abc.rc".
Networks are equivalent.  Time =     0.64 sec
passed=True returncode=0 runtime_sec=0.728514

===== tc_public_22 =====
======== ABC command line "cec "C:/Users/yy257/cpipc_r28_v5_remeasure/local_data/tc_public/tc_public_22/input.blif" "scratch/r28_release_mt_submit_dryrun/results/final_public/tc_public_22/output.blif""
Cannot open file "abc.rc".
Cannot open file "..\abc.rc".
Cannot open file "..\..\abc.rc".
Networks are equivalent.  Time =     1.40 sec
passed=True returncode=0 runtime_sec=1.573919

===== tc_public_23 =====
======== ABC command line "cec "C:/Users/yy257/cpipc_r28_v5_remeasure/local_data/tc_public/tc_public_23/input.blif" "scratch/r28_release_mt_submit_dryrun/results/final_public/tc_public_23/output.blif""
Cannot open file "abc.rc".
Cannot open file "..\abc.rc".
Cannot open file "..\..\abc.rc".
Networks are equivalent.  Time =     0.04 sec
passed=True returncode=0 runtime_sec=0.105587

===== tc_public_24 =====
======== ABC command line "cec "C:/Users/yy257/cpipc_r28_v5_remeasure/local_data/tc_public/tc_public_24/input.blif" "scratch/r28_release_mt_submit_dryrun/results/final_public/tc_public_24/output.blif""
Cannot open file "abc.rc".
Cannot open file "..\abc.rc".
Cannot open file "..\..\abc.rc".
Networks are equivalent.  Time =     0.01 sec
passed=True returncode=0 runtime_sec=0.074366

===== tc_public_25 =====
======== ABC command line "cec "C:/Users/yy257/cpipc_r28_v5_remeasure/local_data/tc_public/tc_public_25/input.blif" "scratch/r28_release_mt_submit_dryrun/results/final_public/tc_public_25/output.blif""
Cannot open file "abc.rc".
Cannot open file "..\abc.rc".
Cannot open file "..\..\abc.rc".
Networks are equivalent.  Time =     0.00 sec
passed=True returncode=0 runtime_sec=0.070451

===== tc_public_26 =====
======== ABC command line "cec "C:/Users/yy257/cpipc_r28_v5_remeasure/local_data/tc_public/tc_public_26/input.blif" "scratch/r28_release_mt_submit_dryrun/results/final_public/tc_public_26/output.blif""
Cannot open file "abc.rc".
Cannot open file "..\abc.rc".
Cannot open file "..\..\abc.rc".
Networks are equivalent.  Time =     0.02 sec
passed=True returncode=0 runtime_sec=0.078232

===== tc_public_27 =====
======== ABC command line "cec "C:/Users/yy257/cpipc_r28_v5_remeasure/local_data/tc_public/tc_public_27/input.blif" "scratch/r28_release_mt_submit_dryrun/results/final_public/tc_public_27/output.blif""
Cannot open file "abc.rc".
Cannot open file "..\abc.rc".
Cannot open file "..\..\abc.rc".
Networks are equivalent.  Time =     0.01 sec
passed=True returncode=0 runtime_sec=0.071306

===== tc_public_28 =====
======== ABC command line "cec "C:/Users/yy257/cpipc_r28_v5_remeasure/local_data/tc_public/tc_public_28/input.blif" "scratch/r28_release_mt_submit_dryrun/results/final_public/tc_public_28/output.blif""
Cannot open file "abc.rc".
Cannot open file "..\abc.rc".
Cannot open file "..\..\abc.rc".
Networks are equivalent.  Time =     0.01 sec
passed=True returncode=0 runtime_sec=0.073261

===== tc_public_29 =====
======== ABC command line "cec "C:/Users/yy257/cpipc_r28_v5_remeasure/local_data/tc_public/tc_public_29/input.blif" "scratch/r28_release_mt_submit_dryrun/results/final_public/tc_public_29/output.blif""
Cannot open file "abc.rc".
Cannot open file "..\abc.rc".
Cannot open file "..\..\abc.rc".
Networks are equivalent.  Time =     0.00 sec
passed=True returncode=0 runtime_sec=0.072503

===== tc_public_3 =====
======== ABC command line "cec "C:/Users/yy257/cpipc_r28_v5_remeasure/local_data/tc_public/tc_public_3/input.blif" "scratch/r28_release_mt_submit_dryrun/results/final_public/tc_public_3/output.blif""
Cannot open file "abc.rc".
Cannot open file "..\abc.rc".
Cannot open file "..\..\abc.rc".
Networks are equivalent.  Time =     0.00 sec
passed=True returncode=0 runtime_sec=0.103173

===== tc_public_30 =====
======== ABC command line "cec "C:/Users/yy257/cpipc_r28_v5_remeasure/local_data/tc_public/tc_public_30/input.blif" "scratch/r28_release_mt_submit_dryrun/results/final_public/tc_public_30/output.blif""
Cannot open file "abc.rc".
Cannot open file "..\abc.rc".
Cannot open file "..\..\abc.rc".
Networks are equivalent.  Time =     2.27 sec
passed=True returncode=0 runtime_sec=2.338537

===== tc_public_4 =====
======== ABC command line "cec "C:/Users/yy257/cpipc_r28_v5_remeasure/local_data/tc_public/tc_public_4/input.blif" "scratch/r28_release_mt_submit_dryrun/results/final_public/tc_public_4/output.blif""
Cannot open file "abc.rc".
Cannot open file "..\abc.rc".
Cannot open file "..\..\abc.rc".
Networks are equivalent.  Time =     0.00 sec
passed=True returncode=0 runtime_sec=0.139593

===== tc_public_5 =====
======== ABC command line "cec "C:/Users/yy257/cpipc_r28_v5_remeasure/local_data/tc_public/tc_public_5/input.blif" "scratch/r28_release_mt_submit_dryrun/results/final_public/tc_public_5/output.blif""
Cannot open file "abc.rc".
Cannot open file "..\abc.rc".
Cannot open file "..\..\abc.rc".
Networks are equivalent.  Time =     0.00 sec
passed=True returncode=0 runtime_sec=0.076058

===== tc_public_6 =====
======== ABC command line "cec "C:/Users/yy257/cpipc_r28_v5_remeasure/local_data/tc_public/tc_public_6/input.blif" "scratch/r28_release_mt_submit_dryrun/results/final_public/tc_public_6/output.blif""
Cannot open file "abc.rc".
Cannot open file "..\abc.rc".
Cannot open file "..\..\abc.rc".
Networks are equivalent.  Time =     0.00 sec
passed=True returncode=0 runtime_sec=0.138305

===== tc_public_7 =====
======== ABC command line "cec "C:/Users/yy257/cpipc_r28_v5_remeasure/local_data/tc_public/tc_public_7/input.blif" "scratch/r28_release_mt_submit_dryrun/results/final_public/tc_public_7/output.blif""
Cannot open file "abc.rc".
Cannot open file "..\abc.rc".
Cannot open file "..\..\abc.rc".
Networks are equivalent.  Time =     0.01 sec
passed=True returncode=0 runtime_sec=0.151835

===== tc_public_8 =====
======== ABC command line "cec "C:/Users/yy257/cpipc_r28_v5_remeasure/local_data/tc_public/tc_public_8/input.blif" "scratch/r28_release_mt_submit_dryrun/results/final_public/tc_public_8/output.blif""
Cannot open file "abc.rc".
Cannot open file "..\abc.rc".
Cannot open file "..\..\abc.rc".
Networks are equivalent.  Time =     0.00 sec
passed=True returncode=0 runtime_sec=0.180696

===== tc_public_9 =====
======== ABC command line "cec "C:/Users/yy257/cpipc_r28_v5_remeasure/local_data/tc_public/tc_public_9/input.blif" "scratch/r28_release_mt_submit_dryrun/results/final_public/tc_public_9/output.blif""
Cannot open file "abc.rc".
Cannot open file "..\abc.rc".
Cannot open file "..\..\abc.rc".
Networks are equivalent.  Time =     0.00 sec
passed=True returncode=0 runtime_sec=0.166823

