===== tc_public_1 =====
======== ABC command line "cec "C:/Users/yy257/cpipc_r28_v5_remeasure/local_data/tc_public/tc_public_1/input.blif" "results_candidate/r28_release_mt_full_public/tc_public_1/output.blif""
Cannot open file "abc.rc".
Cannot open file "..\abc.rc".
Cannot open file "..\..\abc.rc".
Networks are equivalent.  Time =     0.00 sec
passed=True returncode=0 runtime_sec=0.066555

===== tc_public_10 =====
======== ABC command line "cec "C:/Users/yy257/cpipc_r28_v5_remeasure/local_data/tc_public/tc_public_10/input.blif" "results_candidate/r28_release_mt_full_public/tc_public_10/output.blif""
Cannot open file "abc.rc".
Cannot open file "..\abc.rc".
Cannot open file "..\..\abc.rc".
Networks are equivalent.  Time =     0.00 sec
passed=True returncode=0 runtime_sec=0.045168

===== tc_public_11 =====
======== ABC command line "cec "C:/Users/yy257/cpipc_r28_v5_remeasure/local_data/tc_public/tc_public_11/input.blif" "results_candidate/r28_release_mt_full_public/tc_public_11/output.blif""
Cannot open file "abc.rc".
Cannot open file "..\abc.rc".
Cannot open file "..\..\abc.rc".
Networks are equivalent.  Time =     0.01 sec
passed=True returncode=0 runtime_sec=0.068065

===== tc_public_12 =====
======== ABC command line "cec "C:/Users/yy257/cpipc_r28_v5_remeasure/local_data/tc_public/tc_public_12/input.blif" "results_candidate/r28_release_mt_full_public/tc_public_12/output.blif""
Cannot open file "abc.rc".
Cannot open file "..\abc.rc".
Cannot open file "..\..\abc.rc".
Networks are equivalent.  Time =     0.02 sec
passed=True returncode=0 runtime_sec=0.075774

===== tc_public_13 =====
======== ABC command line "cec "C:/Users/yy257/cpipc_r28_v5_remeasure/local_data/tc_public/tc_public_13/input.blif" "results_candidate/r28_release_mt_full_public/tc_public_13/output.blif""
Cannot open file "abc.rc".
Cannot open file "..\abc.rc".
Cannot open file "..\..\abc.rc".
Networks are equivalent.  Time =     0.10 sec
passed=True returncode=0 runtime_sec=0.166197

===== tc_public_14 =====
======== ABC command line "cec "C:/Users/yy257/cpipc_r28_v5_remeasure/local_data/tc_public/tc_public_14/input.blif" "results_candidate/r28_release_mt_full_public/tc_public_14/output.blif""
Cannot open file "abc.rc".
Cannot open file "..\abc.rc".
Cannot open file "..\..\abc.rc".
Networks are equivalent.  Time =     0.05 sec
passed=True returncode=0 runtime_sec=0.106099

===== tc_public_15 =====
======== ABC command line "cec "C:/Users/yy257/cpipc_r28_v5_remeasure/local_data/tc_public/tc_public_15/input.blif" "results_candidate/r28_release_mt_full_public/tc_public_15/output.blif""
Cannot open file "abc.rc".
Cannot open file "..\abc.rc".
Cannot open file "..\..\abc.rc".
Networks are equivalent.  Time =     0.03 sec
passed=True returncode=0 runtime_sec=0.065874

===== tc_public_16 =====
======== ABC command line "cec "C:/Users/yy257/cpipc_r28_v5_remeasure/local_data/tc_public/tc_public_16/input.blif" "results_candidate/r28_release_mt_full_public/tc_public_16/output.blif""
Cannot open file "abc.rc".
Cannot open file "..\abc.rc".
Cannot open file "..\..\abc.rc".
Networks are equivalent.  Time =     0.00 sec
passed=True returncode=0 runtime_sec=0.044068

===== tc_public_17 =====
======== ABC command line "cec "C:/Users/yy257/cpipc_r28_v5_remeasure/local_data/tc_public/tc_public_17/input.blif" "results_candidate/r28_release_mt_full_public/tc_public_17/output.blif""
Cannot open file "abc.rc".
Cannot open file "..\abc.rc".
Cannot open file "..\..\abc.rc".
Networks are equivalent.  Time =     0.00 sec
passed=True returncode=0 runtime_sec=0.044190

===== tc_public_18 =====
======== ABC command line "cec "C:/Users/yy257/cpipc_r28_v5_remeasure/local_data/tc_public/tc_public_18/input.blif" "results_candidate/r28_release_mt_full_public/tc_public_18/output.blif""
Cannot open file "abc.rc".
Cannot open file "..\abc.rc".
Cannot open file "..\..\abc.rc".
Networks are equivalent.  Time =     0.06 sec
passed=True returncode=0 runtime_sec=0.126657

===== tc_public_19 =====
======== ABC command line "cec "C:/Users/yy257/cpipc_r28_v5_remeasure/local_data/tc_public/tc_public_19/input.blif" "results_candidate/r28_release_mt_full_public/tc_public_19/output.blif""
Cannot open file "abc.rc".
Cannot open file "..\abc.rc".
Cannot open file "..\..\abc.rc".
Networks are equivalent.  Time =     0.38 sec
passed=True returncode=0 runtime_sec=0.444766

===== tc_public_2 =====
======== ABC command line "cec "C:/Users/yy257/cpipc_r28_v5_remeasure/local_data/tc_public/tc_public_2/input.blif" "results_candidate/r28_release_mt_full_public/tc_public_2/output.blif""
Cannot open file "abc.rc".
Cannot open file "..\abc.rc".
Cannot open file "..\..\abc.rc".
Networks are equivalent.  Time =     0.00 sec
passed=True returncode=0 runtime_sec=0.066262

===== tc_public_20 =====
======== ABC command line "cec "C:/Users/yy257/cpipc_r28_v5_remeasure/local_data/tc_public/tc_public_20/input.blif" "results_candidate/r28_release_mt_full_public/tc_public_20/output.blif""
Cannot open file "abc.rc".
Cannot open file "..\abc.rc".
Cannot open file "..\..\abc.rc".
Networks are equivalent.  Time =     0.43 sec
passed=True returncode=0 runtime_sec=0.504511

===== tc_public_21 =====
======== ABC command line "cec "C:/Users/yy257/cpipc_r28_v5_remeasure/local_data/tc_public/tc_public_21/input.blif" "results_candidate/r28_release_mt_full_public/tc_public_21/output.blif""
Cannot open file "abc.rc".
Cannot open file "..\abc.rc".
Cannot open file "..\..\abc.rc".
Networks are equivalent.  Time =     0.43 sec
passed=True returncode=0 runtime_sec=0.504038

===== tc_public_22 =====
======== ABC command line "cec "C:/Users/yy257/cpipc_r28_v5_remeasure/local_data/tc_public/tc_public_22/input.blif" "results_candidate/r28_release_mt_full_public/tc_public_22/output.blif""
Cannot open file "abc.rc".
Cannot open file "..\abc.rc".
Cannot open file "..\..\abc.rc".
Networks are equivalent.  Time =     0.86 sec
passed=True returncode=0 runtime_sec=0.949129

===== tc_public_23 =====
======== ABC command line "cec "C:/Users/yy257/cpipc_r28_v5_remeasure/local_data/tc_public/tc_public_23/input.blif" "results_candidate/r28_release_mt_full_public/tc_public_23/output.blif""
Cannot open file "abc.rc".
Cannot open file "..\abc.rc".
Cannot open file "..\..\abc.rc".
Networks are equivalent.  Time =     0.03 sec
passed=True returncode=0 runtime_sec=0.078284

===== tc_public_24 =====
======== ABC command line "cec "C:/Users/yy257/cpipc_r28_v5_remeasure/local_data/tc_public/tc_public_24/input.blif" "results_candidate/r28_release_mt_full_public/tc_public_24/output.blif""
Cannot open file "abc.rc".
Cannot open file "..\abc.rc".
Cannot open file "..\..\abc.rc".
Networks are equivalent.  Time =     0.00 sec
passed=True returncode=0 runtime_sec=0.046979

===== tc_public_25 =====
======== ABC command line "cec "C:/Users/yy257/cpipc_r28_v5_remeasure/local_data/tc_public/tc_public_25/input.blif" "results_candidate/r28_release_mt_full_public/tc_public_25/output.blif""
Cannot open file "abc.rc".
Cannot open file "..\abc.rc".
Cannot open file "..\..\abc.rc".
Networks are equivalent.  Time =     0.00 sec
passed=True returncode=0 runtime_sec=0.045559

===== tc_public_26 =====
======== ABC command line "cec "C:/Users/yy257/cpipc_r28_v5_remeasure/local_data/tc_public/tc_public_26/input.blif" "results_candidate/r28_release_mt_full_public/tc_public_26/output.blif""
Cannot open file "abc.rc".
Cannot open file "..\abc.rc".
Cannot open file "..\..\abc.rc".
Networks are equivalent.  Time =     0.02 sec
passed=True returncode=0 runtime_sec=0.068576

===== tc_public_27 =====
======== ABC command line "cec "C:/Users/yy257/cpipc_r28_v5_remeasure/local_data/tc_public/tc_public_27/input.blif" "results_candidate/r28_release_mt_full_public/tc_public_27/output.blif""
Cannot open file "abc.rc".
Cannot open file "..\abc.rc".
Cannot open file "..\..\abc.rc".
Networks are equivalent.  Time =     0.01 sec
passed=True returncode=0 runtime_sec=0.066782

===== tc_public_28 =====
======== ABC command line "cec "C:/Users/yy257/cpipc_r28_v5_remeasure/local_data/tc_public/tc_public_28/input.blif" "results_candidate/r28_release_mt_full_public/tc_public_28/output.blif""
Cannot open file "abc.rc".
Cannot open file "..\abc.rc".
Cannot open file "..\..\abc.rc".
Networks are equivalent.  Time =     0.01 sec
passed=True returncode=0 runtime_sec=0.067783

===== tc_public_29 =====
======== ABC command line "cec "C:/Users/yy257/cpipc_r28_v5_remeasure/local_data/tc_public/tc_public_29/input.blif" "results_candidate/r28_release_mt_full_public/tc_public_29/output.blif""
Cannot open file "abc.rc".
Cannot open file "..\abc.rc".
Cannot open file "..\..\abc.rc".
Networks are equivalent.  Time =     0.00 sec
passed=True returncode=0 runtime_sec=0.045828

===== tc_public_3 =====
======== ABC command line "cec "C:/Users/yy257/cpipc_r28_v5_remeasure/local_data/tc_public/tc_public_3/input.blif" "results_candidate/r28_release_mt_full_public/tc_public_3/output.blif""
Cannot open file "abc.rc".
Cannot open file "..\abc.rc".
Cannot open file "..\..\abc.rc".
Networks are equivalent.  Time =     0.00 sec
passed=True returncode=0 runtime_sec=0.067327

===== tc_public_30 =====
======== ABC command line "cec "C:/Users/yy257/cpipc_r28_v5_remeasure/local_data/tc_public/tc_public_30/input.blif" "results_candidate/r28_release_mt_full_public/tc_public_30/output.blif""
Cannot open file "abc.rc".
Cannot open file "..\abc.rc".
Cannot open file "..\..\abc.rc".
Networks are equivalent.  Time =     1.64 sec
passed=True returncode=0 runtime_sec=1.697651

===== tc_public_4 =====
======== ABC command line "cec "C:/Users/yy257/cpipc_r28_v5_remeasure/local_data/tc_public/tc_public_4/input.blif" "results_candidate/r28_release_mt_full_public/tc_public_4/output.blif""
Cannot open file "abc.rc".
Cannot open file "..\abc.rc".
Cannot open file "..\..\abc.rc".
Networks are equivalent.  Time =     0.00 sec
passed=True returncode=0 runtime_sec=0.069653

===== tc_public_5 =====
======== ABC command line "cec "C:/Users/yy257/cpipc_r28_v5_remeasure/local_data/tc_public/tc_public_5/input.blif" "results_candidate/r28_release_mt_full_public/tc_public_5/output.blif""
Cannot open file "abc.rc".
Cannot open file "..\abc.rc".
Cannot open file "..\..\abc.rc".
Networks are equivalent.  Time =     0.00 sec
passed=True returncode=0 runtime_sec=0.049355

===== tc_public_6 =====
======== ABC command line "cec "C:/Users/yy257/cpipc_r28_v5_remeasure/local_data/tc_public/tc_public_6/input.blif" "results_candidate/r28_release_mt_full_public/tc_public_6/output.blif""
Cannot open file "abc.rc".
Cannot open file "..\abc.rc".
Cannot open file "..\..\abc.rc".
Networks are equivalent.  Time =     0.00 sec
passed=True returncode=0 runtime_sec=0.069393

===== tc_public_7 =====
======== ABC command line "cec "C:/Users/yy257/cpipc_r28_v5_remeasure/local_data/tc_public/tc_public_7/input.blif" "results_candidate/r28_release_mt_full_public/tc_public_7/output.blif""
Cannot open file "abc.rc".
Cannot open file "..\abc.rc".
Cannot open file "..\..\abc.rc".
Networks are equivalent.  Time =     0.00 sec
passed=True returncode=0 runtime_sec=0.079029

===== tc_public_8 =====
======== ABC command line "cec "C:/Users/yy257/cpipc_r28_v5_remeasure/local_data/tc_public/tc_public_8/input.blif" "results_candidate/r28_release_mt_full_public/tc_public_8/output.blif""
Cannot open file "abc.rc".
Cannot open file "..\abc.rc".
Cannot open file "..\..\abc.rc".
Networks are equivalent.  Time =     0.00 sec
passed=True returncode=0 runtime_sec=0.066848

===== tc_public_9 =====
======== ABC command line "cec "C:/Users/yy257/cpipc_r28_v5_remeasure/local_data/tc_public/tc_public_9/input.blif" "results_candidate/r28_release_mt_full_public/tc_public_9/output.blif""
Cannot open file "abc.rc".
Cannot open file "..\abc.rc".
Cannot open file "..\..\abc.rc".
Networks are equivalent.  Time =     0.00 sec
passed=True returncode=0 runtime_sec=0.068576

