===== tc_public_1 =====
======== ABC command line "cec C:\Users\yy257\cpipc_r28_v5_remeasure\local_data\tc_public\tc_public_1\input.blif results_candidate\r28_release_mt_smoke\tc_public_1\output.blif"
Cannot open file "abc.rc".
Cannot open file "..\abc.rc".
Cannot open file "..\..\abc.rc".
Networks are equivalent.  Time =     0.00 sec

passed=True returncode=0
===== tc_public_13 =====
======== ABC command line "cec C:\Users\yy257\cpipc_r28_v5_remeasure\local_data\tc_public\tc_public_13\input.blif results_candidate\r28_release_mt_smoke\tc_public_13\output.blif"
Cannot open file "abc.rc".
Cannot open file "..\abc.rc".
Cannot open file "..\..\abc.rc".
Networks are equivalent.  Time =     0.10 sec

passed=True returncode=0
===== tc_public_14 =====
======== ABC command line "cec C:\Users\yy257\cpipc_r28_v5_remeasure\local_data\tc_public\tc_public_14\input.blif results_candidate\r28_release_mt_smoke\tc_public_14\output.blif"
Cannot open file "abc.rc".
Cannot open file "..\abc.rc".
Cannot open file "..\..\abc.rc".
Networks are equivalent.  Time =     0.06 sec

passed=True returncode=0
===== tc_public_15 =====
======== ABC command line "cec C:\Users\yy257\cpipc_r28_v5_remeasure\local_data\tc_public\tc_public_15\input.blif results_candidate\r28_release_mt_smoke\tc_public_15\output.blif"
Cannot open file "abc.rc".
Cannot open file "..\abc.rc".
Cannot open file "..\..\abc.rc".
Networks are equivalent.  Time =     0.03 sec

passed=True returncode=0
===== tc_public_26 =====
======== ABC command line "cec C:\Users\yy257\cpipc_r28_v5_remeasure\local_data\tc_public\tc_public_26\input.blif results_candidate\r28_release_mt_smoke\tc_public_26\output.blif"
Cannot open file "abc.rc".
Cannot open file "..\abc.rc".
Cannot open file "..\..\abc.rc".
Networks are equivalent.  Time =     0.02 sec

passed=True returncode=0
===== tc_public_30 =====
======== ABC command line "cec C:\Users\yy257\cpipc_r28_v5_remeasure\local_data\tc_public\tc_public_30\input.blif results_candidate\r28_release_mt_smoke\tc_public_30\output.blif"
Cannot open file "abc.rc".
Cannot open file "..\abc.rc".
Cannot open file "..\..\abc.rc".
Networks are equivalent.  Time =     1.61 sec

passed=True returncode=0
