===== tc_public_1 =====
======== ABC command line "cec "../../../cpipc_r28_v5_remeasure/local_data/tc_public/tc_public_1/input.blif" "results/final_public/tc_public_1/output.blif""
Cannot open file "abc.rc".
Cannot open file "..\abc.rc".
Cannot open file "..\..\abc.rc".
Networks are equivalent.  Time =     0.00 sec
passed=True returncode=0 runtime_sec=0.110843

===== tc_public_10 =====
======== ABC command line "cec "../../../cpipc_r28_v5_remeasure/local_data/tc_public/tc_public_10/input.blif" "results/final_public/tc_public_10/output.blif""
Cannot open file "abc.rc".
Cannot open file "..\abc.rc".
Cannot open file "..\..\abc.rc".
Networks are equivalent.  Time =     0.00 sec
passed=True returncode=0 runtime_sec=0.054078

===== tc_public_11 =====
======== ABC command line "cec "../../../cpipc_r28_v5_remeasure/local_data/tc_public/tc_public_11/input.blif" "results/final_public/tc_public_11/output.blif""
Cannot open file "abc.rc".
Cannot open file "..\abc.rc".
Cannot open file "..\..\abc.rc".
Networks are equivalent.  Time =     0.02 sec
passed=True returncode=0 runtime_sec=0.079185

===== tc_public_12 =====
======== ABC command line "cec "../../../cpipc_r28_v5_remeasure/local_data/tc_public/tc_public_12/input.blif" "results/final_public/tc_public_12/output.blif""
Cannot open file "abc.rc".
Cannot open file "..\abc.rc".
Cannot open file "..\..\abc.rc".
Networks are equivalent.  Time =     0.03 sec
passed=True returncode=0 runtime_sec=0.085796

===== tc_public_13 =====
======== ABC command line "cec "../../../cpipc_r28_v5_remeasure/local_data/tc_public/tc_public_13/input.blif" "results/final_public/tc_public_13/output.blif""
Cannot open file "abc.rc".
Cannot open file "..\abc.rc".
Cannot open file "..\..\abc.rc".
Networks are equivalent.  Time =     0.14 sec
passed=True returncode=0 runtime_sec=0.291461

===== tc_public_14 =====
======== ABC command line "cec "../../../cpipc_r28_v5_remeasure/local_data/tc_public/tc_public_14/input.blif" "results/final_public/tc_public_14/output.blif""
Cannot open file "abc.rc".
Cannot open file "..\abc.rc".
Cannot open file "..\..\abc.rc".
Networks are equivalent.  Time =     0.10 sec
passed=True returncode=0 runtime_sec=0.199913

===== tc_public_15 =====
======== ABC command line "cec "../../../cpipc_r28_v5_remeasure/local_data/tc_public/tc_public_15/input.blif" "results/final_public/tc_public_15/output.blif""
Cannot open file "abc.rc".
Cannot open file "..\abc.rc".
Cannot open file "..\..\abc.rc".
Networks are equivalent.  Time =     0.04 sec
passed=True returncode=0 runtime_sec=0.109285

===== tc_public_16 =====
======== ABC command line "cec "../../../cpipc_r28_v5_remeasure/local_data/tc_public/tc_public_16/input.blif" "results/final_public/tc_public_16/output.blif""
Cannot open file "abc.rc".
Cannot open file "..\abc.rc".
Cannot open file "..\..\abc.rc".
Networks are equivalent.  Time =     0.00 sec
passed=True returncode=0 runtime_sec=0.056263

===== tc_public_17 =====
======== ABC command line "cec "../../../cpipc_r28_v5_remeasure/local_data/tc_public/tc_public_17/input.blif" "results/final_public/tc_public_17/output.blif""
Cannot open file "abc.rc".
Cannot open file "..\abc.rc".
Cannot open file "..\..\abc.rc".
Networks are equivalent.  Time =     0.00 sec
passed=True returncode=0 runtime_sec=0.051686

===== tc_public_18 =====
======== ABC command line "cec "../../../cpipc_r28_v5_remeasure/local_data/tc_public/tc_public_18/input.blif" "results/final_public/tc_public_18/output.blif""
Cannot open file "abc.rc".
Cannot open file "..\abc.rc".
Cannot open file "..\..\abc.rc".
Networks are equivalent.  Time =     0.10 sec
passed=True returncode=0 runtime_sec=0.150156

===== tc_public_19 =====
======== ABC command line "cec "../../../cpipc_r28_v5_remeasure/local_data/tc_public/tc_public_19/input.blif" "results/final_public/tc_public_19/output.blif""
Cannot open file "abc.rc".
Cannot open file "..\abc.rc".
Cannot open file "..\..\abc.rc".
Networks are equivalent.  Time =     0.62 sec
passed=True returncode=0 runtime_sec=0.721056

===== tc_public_2 =====
======== ABC command line "cec "../../../cpipc_r28_v5_remeasure/local_data/tc_public/tc_public_2/input.blif" "results/final_public/tc_public_2/output.blif""
Cannot open file "abc.rc".
Cannot open file "..\abc.rc".
Cannot open file "..\..\abc.rc".
Networks are equivalent.  Time =     0.00 sec
passed=True returncode=0 runtime_sec=0.106585

===== tc_public_20 =====
======== ABC command line "cec "../../../cpipc_r28_v5_remeasure/local_data/tc_public/tc_public_20/input.blif" "results/final_public/tc_public_20/output.blif""
Cannot open file "abc.rc".
Cannot open file "..\abc.rc".
Cannot open file "..\..\abc.rc".
Networks are equivalent.  Time =     0.58 sec
passed=True returncode=0 runtime_sec=0.657417

===== tc_public_21 =====
======== ABC command line "cec "../../../cpipc_r28_v5_remeasure/local_data/tc_public/tc_public_21/input.blif" "results/final_public/tc_public_21/output.blif""
Cannot open file "abc.rc".
Cannot open file "..\abc.rc".
Cannot open file "..\..\abc.rc".
Networks are equivalent.  Time =     0.61 sec
passed=True returncode=0 runtime_sec=0.686400

===== tc_public_22 =====
======== ABC command line "cec "../../../cpipc_r28_v5_remeasure/local_data/tc_public/tc_public_22/input.blif" "results/final_public/tc_public_22/output.blif""
Cannot open file "abc.rc".
Cannot open file "..\abc.rc".
Cannot open file "..\..\abc.rc".
Networks are equivalent.  Time =     1.41 sec
passed=True returncode=0 runtime_sec=1.550242

===== tc_public_23 =====
======== ABC command line "cec "../../../cpipc_r28_v5_remeasure/local_data/tc_public/tc_public_23/input.blif" "results/final_public/tc_public_23/output.blif""
Cannot open file "abc.rc".
Cannot open file "..\abc.rc".
Cannot open file "..\..\abc.rc".
Networks are equivalent.  Time =     0.04 sec
passed=True returncode=0 runtime_sec=0.112922

===== tc_public_24 =====
======== ABC command line "cec "../../../cpipc_r28_v5_remeasure/local_data/tc_public/tc_public_24/input.blif" "results/final_public/tc_public_24/output.blif""
Cannot open file "abc.rc".
Cannot open file "..\abc.rc".
Cannot open file "..\..\abc.rc".
Networks are equivalent.  Time =     0.01 sec
passed=True returncode=0 runtime_sec=0.082957

===== tc_public_25 =====
======== ABC command line "cec "../../../cpipc_r28_v5_remeasure/local_data/tc_public/tc_public_25/input.blif" "results/final_public/tc_public_25/output.blif""
Cannot open file "abc.rc".
Cannot open file "..\abc.rc".
Cannot open file "..\..\abc.rc".
Networks are equivalent.  Time =     0.00 sec
passed=True returncode=0 runtime_sec=0.079854

===== tc_public_26 =====
======== ABC command line "cec "../../../cpipc_r28_v5_remeasure/local_data/tc_public/tc_public_26/input.blif" "results/final_public/tc_public_26/output.blif""
Cannot open file "abc.rc".
Cannot open file "..\abc.rc".
Cannot open file "..\..\abc.rc".
Networks are equivalent.  Time =     0.02 sec
passed=True returncode=0 runtime_sec=0.091592

===== tc_public_27 =====
======== ABC command line "cec "../../../cpipc_r28_v5_remeasure/local_data/tc_public/tc_public_27/input.blif" "results/final_public/tc_public_27/output.blif""
Cannot open file "abc.rc".
Cannot open file "..\abc.rc".
Cannot open file "..\..\abc.rc".
Networks are equivalent.  Time =     0.01 sec
passed=True returncode=0 runtime_sec=0.077061

===== tc_public_28 =====
======== ABC command line "cec "../../../cpipc_r28_v5_remeasure/local_data/tc_public/tc_public_28/input.blif" "results/final_public/tc_public_28/output.blif""
Cannot open file "abc.rc".
Cannot open file "..\abc.rc".
Cannot open file "..\..\abc.rc".
Networks are equivalent.  Time =     0.01 sec
passed=True returncode=0 runtime_sec=0.064245

===== tc_public_29 =====
======== ABC command line "cec "../../../cpipc_r28_v5_remeasure/local_data/tc_public/tc_public_29/input.blif" "results/final_public/tc_public_29/output.blif""
Cannot open file "abc.rc".
Cannot open file "..\abc.rc".
Cannot open file "..\..\abc.rc".
Networks are equivalent.  Time =     0.00 sec
passed=True returncode=0 runtime_sec=0.061156

===== tc_public_3 =====
======== ABC command line "cec "../../../cpipc_r28_v5_remeasure/local_data/tc_public/tc_public_3/input.blif" "results/final_public/tc_public_3/output.blif""
Cannot open file "abc.rc".
Cannot open file "..\abc.rc".
Cannot open file "..\..\abc.rc".
Networks are equivalent.  Time =     0.01 sec
passed=True returncode=0 runtime_sec=0.154888

===== tc_public_30 =====
======== ABC command line "cec "../../../cpipc_r28_v5_remeasure/local_data/tc_public/tc_public_30/input.blif" "results/final_public/tc_public_30/output.blif""
Cannot open file "abc.rc".
Cannot open file "..\abc.rc".
Cannot open file "..\..\abc.rc".
Networks are equivalent.  Time =     2.40 sec
passed=True returncode=0 runtime_sec=2.506919

===== tc_public_4 =====
======== ABC command line "cec "../../../cpipc_r28_v5_remeasure/local_data/tc_public/tc_public_4/input.blif" "results/final_public/tc_public_4/output.blif""
Cannot open file "abc.rc".
Cannot open file "..\abc.rc".
Cannot open file "..\..\abc.rc".
Networks are equivalent.  Time =     0.00 sec
passed=True returncode=0 runtime_sec=0.107120

===== tc_public_5 =====
======== ABC command line "cec "../../../cpipc_r28_v5_remeasure/local_data/tc_public/tc_public_5/input.blif" "results/final_public/tc_public_5/output.blif""
Cannot open file "abc.rc".
Cannot open file "..\abc.rc".
Cannot open file "..\..\abc.rc".
Networks are equivalent.  Time =     0.00 sec
passed=True returncode=0 runtime_sec=0.053690

===== tc_public_6 =====
======== ABC command line "cec "../../../cpipc_r28_v5_remeasure/local_data/tc_public/tc_public_6/input.blif" "results/final_public/tc_public_6/output.blif""
Cannot open file "abc.rc".
Cannot open file "..\abc.rc".
Cannot open file "..\..\abc.rc".
Networks are equivalent.  Time =     0.00 sec
passed=True returncode=0 runtime_sec=0.148190

===== tc_public_7 =====
======== ABC command line "cec "../../../cpipc_r28_v5_remeasure/local_data/tc_public/tc_public_7/input.blif" "results/final_public/tc_public_7/output.blif""
Cannot open file "abc.rc".
Cannot open file "..\abc.rc".
Cannot open file "..\..\abc.rc".
Networks are equivalent.  Time =     0.00 sec
passed=True returncode=0 runtime_sec=0.125707

===== tc_public_8 =====
======== ABC command line "cec "../../../cpipc_r28_v5_remeasure/local_data/tc_public/tc_public_8/input.blif" "results/final_public/tc_public_8/output.blif""
Cannot open file "abc.rc".
Cannot open file "..\abc.rc".
Cannot open file "..\..\abc.rc".
Networks are equivalent.  Time =     0.00 sec
passed=True returncode=0 runtime_sec=0.107467

===== tc_public_9 =====
======== ABC command line "cec "../../../cpipc_r28_v5_remeasure/local_data/tc_public/tc_public_9/input.blif" "results/final_public/tc_public_9/output.blif""
Cannot open file "abc.rc".
Cannot open file "..\abc.rc".
Cannot open file "..\..\abc.rc".
Networks are equivalent.  Time =     0.00 sec
passed=True returncode=0 runtime_sec=0.122543

