===== tc_public_1 =====
======== ABC command line "cec "C:/Users/yy257/cpipc_r28_v5_remeasure/local_data/tc_public/tc_public_1/input.blif" "results/final_public/tc_public_1/output.blif""
Cannot open file "abc.rc".
Cannot open file "..\abc.rc".
Cannot open file "..\..\abc.rc".
Networks are equivalent.  Time =     0.01 sec
passed=True returncode=0 runtime_sec=0.283586

===== tc_public_10 =====
======== ABC command line "cec "C:/Users/yy257/cpipc_r28_v5_remeasure/local_data/tc_public/tc_public_10/input.blif" "results/final_public/tc_public_10/output.blif""
Cannot open file "abc.rc".
Cannot open file "..\abc.rc".
Cannot open file "..\..\abc.rc".
Networks are equivalent.  Time =     0.01 sec
passed=True returncode=0 runtime_sec=0.079330

===== tc_public_11 =====
======== ABC command line "cec "C:/Users/yy257/cpipc_r28_v5_remeasure/local_data/tc_public/tc_public_11/input.blif" "results/final_public/tc_public_11/output.blif""
Cannot open file "abc.rc".
Cannot open file "..\abc.rc".
Cannot open file "..\..\abc.rc".
Networks are equivalent.  Time =     0.03 sec
passed=True returncode=0 runtime_sec=0.093223

===== tc_public_12 =====
======== ABC command line "cec "C:/Users/yy257/cpipc_r28_v5_remeasure/local_data/tc_public/tc_public_12/input.blif" "results/final_public/tc_public_12/output.blif""
Cannot open file "abc.rc".
Cannot open file "..\abc.rc".
Cannot open file "..\..\abc.rc".
Networks are equivalent.  Time =     0.03 sec
passed=True returncode=0 runtime_sec=0.113245

===== tc_public_13 =====
======== ABC command line "cec "C:/Users/yy257/cpipc_r28_v5_remeasure/local_data/tc_public/tc_public_13/input.blif" "results/final_public/tc_public_13/output.blif""
Cannot open file "abc.rc".
Cannot open file "..\abc.rc".
Cannot open file "..\..\abc.rc".
Networks are equivalent.  Time =     0.20 sec
passed=True returncode=0 runtime_sec=0.378164

===== tc_public_14 =====
======== ABC command line "cec "C:/Users/yy257/cpipc_r28_v5_remeasure/local_data/tc_public/tc_public_14/input.blif" "results/final_public/tc_public_14/output.blif""
Cannot open file "abc.rc".
Cannot open file "..\abc.rc".
Cannot open file "..\..\abc.rc".
Networks are equivalent.  Time =     0.10 sec
passed=True returncode=0 runtime_sec=0.197655

===== tc_public_15 =====
======== ABC command line "cec "C:/Users/yy257/cpipc_r28_v5_remeasure/local_data/tc_public/tc_public_15/input.blif" "results/final_public/tc_public_15/output.blif""
Cannot open file "abc.rc".
Cannot open file "..\abc.rc".
Cannot open file "..\..\abc.rc".
Networks are equivalent.  Time =     0.04 sec
passed=True returncode=0 runtime_sec=0.118042

===== tc_public_16 =====
======== ABC command line "cec "C:/Users/yy257/cpipc_r28_v5_remeasure/local_data/tc_public/tc_public_16/input.blif" "results/final_public/tc_public_16/output.blif""
Cannot open file "abc.rc".
Cannot open file "..\abc.rc".
Cannot open file "..\..\abc.rc".
Networks are equivalent.  Time =     0.00 sec
passed=True returncode=0 runtime_sec=0.074381

===== tc_public_17 =====
======== ABC command line "cec "C:/Users/yy257/cpipc_r28_v5_remeasure/local_data/tc_public/tc_public_17/input.blif" "results/final_public/tc_public_17/output.blif""
Cannot open file "abc.rc".
Cannot open file "..\abc.rc".
Cannot open file "..\..\abc.rc".
Networks are equivalent.  Time =     0.00 sec
passed=True returncode=0 runtime_sec=0.074651

===== tc_public_18 =====
======== ABC command line "cec "C:/Users/yy257/cpipc_r28_v5_remeasure/local_data/tc_public/tc_public_18/input.blif" "results/final_public/tc_public_18/output.blif""
Cannot open file "abc.rc".
Cannot open file "..\abc.rc".
Cannot open file "..\..\abc.rc".
Networks are equivalent.  Time =     0.17 sec
passed=True returncode=0 runtime_sec=0.235968

===== tc_public_19 =====
======== ABC command line "cec "C:/Users/yy257/cpipc_r28_v5_remeasure/local_data/tc_public/tc_public_19/input.blif" "results/final_public/tc_public_19/output.blif""
Cannot open file "abc.rc".
Cannot open file "..\abc.rc".
Cannot open file "..\..\abc.rc".
Networks are equivalent.  Time =     0.73 sec
passed=True returncode=0 runtime_sec=0.839026

===== tc_public_2 =====
======== ABC command line "cec "C:/Users/yy257/cpipc_r28_v5_remeasure/local_data/tc_public/tc_public_2/input.blif" "results/final_public/tc_public_2/output.blif""
Cannot open file "abc.rc".
Cannot open file "..\abc.rc".
Cannot open file "..\..\abc.rc".
Networks are equivalent.  Time =     0.00 sec
passed=True returncode=0 runtime_sec=0.186614

===== tc_public_20 =====
======== ABC command line "cec "C:/Users/yy257/cpipc_r28_v5_remeasure/local_data/tc_public/tc_public_20/input.blif" "results/final_public/tc_public_20/output.blif""
Cannot open file "abc.rc".
Cannot open file "..\abc.rc".
Cannot open file "..\..\abc.rc".
Networks are equivalent.  Time =     0.73 sec
passed=True returncode=0 runtime_sec=0.812441

===== tc_public_21 =====
======== ABC command line "cec "C:/Users/yy257/cpipc_r28_v5_remeasure/local_data/tc_public/tc_public_21/input.blif" "results/final_public/tc_public_21/output.blif""
Cannot open file "abc.rc".
Cannot open file "..\abc.rc".
Cannot open file "..\..\abc.rc".
Networks are equivalent.  Time =     0.64 sec
passed=True returncode=0 runtime_sec=0.728741

===== tc_public_22 =====
======== ABC command line "cec "C:/Users/yy257/cpipc_r28_v5_remeasure/local_data/tc_public/tc_public_22/input.blif" "results/final_public/tc_public_22/output.blif""
Cannot open file "abc.rc".
Cannot open file "..\abc.rc".
Cannot open file "..\..\abc.rc".
Networks are equivalent.  Time =     1.42 sec
passed=True returncode=0 runtime_sec=1.590695

===== tc_public_23 =====
======== ABC command line "cec "C:/Users/yy257/cpipc_r28_v5_remeasure/local_data/tc_public/tc_public_23/input.blif" "results/final_public/tc_public_23/output.blif""
Cannot open file "abc.rc".
Cannot open file "..\abc.rc".
Cannot open file "..\..\abc.rc".
Networks are equivalent.  Time =     0.04 sec
passed=True returncode=0 runtime_sec=0.105032

===== tc_public_24 =====
======== ABC command line "cec "C:/Users/yy257/cpipc_r28_v5_remeasure/local_data/tc_public/tc_public_24/input.blif" "results/final_public/tc_public_24/output.blif""
Cannot open file "abc.rc".
Cannot open file "..\abc.rc".
Cannot open file "..\..\abc.rc".
Networks are equivalent.  Time =     0.01 sec
passed=True returncode=0 runtime_sec=0.072467

===== tc_public_25 =====
======== ABC command line "cec "C:/Users/yy257/cpipc_r28_v5_remeasure/local_data/tc_public/tc_public_25/input.blif" "results/final_public/tc_public_25/output.blif""
Cannot open file "abc.rc".
Cannot open file "..\abc.rc".
Cannot open file "..\..\abc.rc".
Networks are equivalent.  Time =     0.00 sec
passed=True returncode=0 runtime_sec=0.050715

===== tc_public_26 =====
======== ABC command line "cec "C:/Users/yy257/cpipc_r28_v5_remeasure/local_data/tc_public/tc_public_26/input.blif" "results/final_public/tc_public_26/output.blif""
Cannot open file "abc.rc".
Cannot open file "..\abc.rc".
Cannot open file "..\..\abc.rc".
Networks are equivalent.  Time =     0.02 sec
passed=True returncode=0 runtime_sec=0.084864

===== tc_public_27 =====
======== ABC command line "cec "C:/Users/yy257/cpipc_r28_v5_remeasure/local_data/tc_public/tc_public_27/input.blif" "results/final_public/tc_public_27/output.blif""
Cannot open file "abc.rc".
Cannot open file "..\abc.rc".
Cannot open file "..\..\abc.rc".
Networks are equivalent.  Time =     0.01 sec
passed=True returncode=0 runtime_sec=0.074197

===== tc_public_28 =====
======== ABC command line "cec "C:/Users/yy257/cpipc_r28_v5_remeasure/local_data/tc_public/tc_public_28/input.blif" "results/final_public/tc_public_28/output.blif""
Cannot open file "abc.rc".
Cannot open file "..\abc.rc".
Cannot open file "..\..\abc.rc".
Networks are equivalent.  Time =     0.01 sec
passed=True returncode=0 runtime_sec=0.073435

===== tc_public_29 =====
======== ABC command line "cec "C:/Users/yy257/cpipc_r28_v5_remeasure/local_data/tc_public/tc_public_29/input.blif" "results/final_public/tc_public_29/output.blif""
Cannot open file "abc.rc".
Cannot open file "..\abc.rc".
Cannot open file "..\..\abc.rc".
Networks are equivalent.  Time =     0.00 sec
passed=True returncode=0 runtime_sec=0.072337

===== tc_public_3 =====
======== ABC command line "cec "C:/Users/yy257/cpipc_r28_v5_remeasure/local_data/tc_public/tc_public_3/input.blif" "results/final_public/tc_public_3/output.blif""
Cannot open file "abc.rc".
Cannot open file "..\abc.rc".
Cannot open file "..\..\abc.rc".
Networks are equivalent.  Time =     0.00 sec
passed=True returncode=0 runtime_sec=0.103282

===== tc_public_30 =====
======== ABC command line "cec "C:/Users/yy257/cpipc_r28_v5_remeasure/local_data/tc_public/tc_public_30/input.blif" "results/final_public/tc_public_30/output.blif""
Cannot open file "abc.rc".
Cannot open file "..\abc.rc".
Cannot open file "..\..\abc.rc".
Networks are equivalent.  Time =     2.29 sec
passed=True returncode=0 runtime_sec=2.372399

===== tc_public_4 =====
======== ABC command line "cec "C:/Users/yy257/cpipc_r28_v5_remeasure/local_data/tc_public/tc_public_4/input.blif" "results/final_public/tc_public_4/output.blif""
Cannot open file "abc.rc".
Cannot open file "..\abc.rc".
Cannot open file "..\..\abc.rc".
Networks are equivalent.  Time =     0.00 sec
passed=True returncode=0 runtime_sec=0.146947

===== tc_public_5 =====
======== ABC command line "cec "C:/Users/yy257/cpipc_r28_v5_remeasure/local_data/tc_public/tc_public_5/input.blif" "results/final_public/tc_public_5/output.blif""
Cannot open file "abc.rc".
Cannot open file "..\abc.rc".
Cannot open file "..\..\abc.rc".
Networks are equivalent.  Time =     0.00 sec
passed=True returncode=0 runtime_sec=0.052687

===== tc_public_6 =====
======== ABC command line "cec "C:/Users/yy257/cpipc_r28_v5_remeasure/local_data/tc_public/tc_public_6/input.blif" "results/final_public/tc_public_6/output.blif""
Cannot open file "abc.rc".
Cannot open file "..\abc.rc".
Cannot open file "..\..\abc.rc".
Networks are equivalent.  Time =     0.00 sec
passed=True returncode=0 runtime_sec=0.116084

===== tc_public_7 =====
======== ABC command line "cec "C:/Users/yy257/cpipc_r28_v5_remeasure/local_data/tc_public/tc_public_7/input.blif" "results/final_public/tc_public_7/output.blif""
Cannot open file "abc.rc".
Cannot open file "..\abc.rc".
Cannot open file "..\..\abc.rc".
Networks are equivalent.  Time =     0.00 sec
passed=True returncode=0 runtime_sec=0.153314

===== tc_public_8 =====
======== ABC command line "cec "C:/Users/yy257/cpipc_r28_v5_remeasure/local_data/tc_public/tc_public_8/input.blif" "results/final_public/tc_public_8/output.blif""
Cannot open file "abc.rc".
Cannot open file "..\abc.rc".
Cannot open file "..\..\abc.rc".
Networks are equivalent.  Time =     0.00 sec
passed=True returncode=0 runtime_sec=0.165642

===== tc_public_9 =====
======== ABC command line "cec "C:/Users/yy257/cpipc_r28_v5_remeasure/local_data/tc_public/tc_public_9/input.blif" "results/final_public/tc_public_9/output.blif""
Cannot open file "abc.rc".
Cannot open file "..\abc.rc".
Cannot open file "..\..\abc.rc".
Networks are equivalent.  Time =     0.00 sec
passed=True returncode=0 runtime_sec=0.151326

