===== tc_public_1 =====
======== ABC command line "cec "C:/Users/yy257/cpipc_r28_v5_remeasure/local_data/tc_public/tc_public_1/input.blif" "scratch/r29_release_package_helper_dryrun/zip_extract/results/final_public/tc_public_1/output.blif""
Cannot open file "abc.rc".
Cannot open file "..\abc.rc".
Cannot open file "..\..\abc.rc".
Networks are equivalent.  Time =     0.00 sec
passed=True returncode=0 runtime_sec=0.157821

===== tc_public_10 =====
======== ABC command line "cec "C:/Users/yy257/cpipc_r28_v5_remeasure/local_data/tc_public/tc_public_10/input.blif" "scratch/r29_release_package_helper_dryrun/zip_extract/results/final_public/tc_public_10/output.blif""
Cannot open file "abc.rc".
Cannot open file "..\abc.rc".
Cannot open file "..\..\abc.rc".
Networks are equivalent.  Time =     0.00 sec
passed=True returncode=0 runtime_sec=0.050641

===== tc_public_11 =====
======== ABC command line "cec "C:/Users/yy257/cpipc_r28_v5_remeasure/local_data/tc_public/tc_public_11/input.blif" "scratch/r29_release_package_helper_dryrun/zip_extract/results/final_public/tc_public_11/output.blif""
Cannot open file "abc.rc".
Cannot open file "..\abc.rc".
Cannot open file "..\..\abc.rc".
Networks are equivalent.  Time =     0.01 sec
passed=True returncode=0 runtime_sec=0.051103

===== tc_public_12 =====
======== ABC command line "cec "C:/Users/yy257/cpipc_r28_v5_remeasure/local_data/tc_public/tc_public_12/input.blif" "scratch/r29_release_package_helper_dryrun/zip_extract/results/final_public/tc_public_12/output.blif""
Cannot open file "abc.rc".
Cannot open file "..\abc.rc".
Cannot open file "..\..\abc.rc".
Networks are equivalent.  Time =     0.02 sec
passed=True returncode=0 runtime_sec=0.070057

===== tc_public_13 =====
======== ABC command line "cec "C:/Users/yy257/cpipc_r28_v5_remeasure/local_data/tc_public/tc_public_13/input.blif" "scratch/r29_release_package_helper_dryrun/zip_extract/results/final_public/tc_public_13/output.blif""
Cannot open file "abc.rc".
Cannot open file "..\abc.rc".
Cannot open file "..\..\abc.rc".
Networks are equivalent.  Time =     0.10 sec
passed=True returncode=0 runtime_sec=0.199929

===== tc_public_14 =====
======== ABC command line "cec "C:/Users/yy257/cpipc_r28_v5_remeasure/local_data/tc_public/tc_public_14/input.blif" "scratch/r29_release_package_helper_dryrun/zip_extract/results/final_public/tc_public_14/output.blif""
Cannot open file "abc.rc".
Cannot open file "..\abc.rc".
Cannot open file "..\..\abc.rc".
Networks are equivalent.  Time =     0.05 sec
passed=True returncode=0 runtime_sec=0.114656

===== tc_public_15 =====
======== ABC command line "cec "C:/Users/yy257/cpipc_r28_v5_remeasure/local_data/tc_public/tc_public_15/input.blif" "scratch/r29_release_package_helper_dryrun/zip_extract/results/final_public/tc_public_15/output.blif""
Cannot open file "abc.rc".
Cannot open file "..\abc.rc".
Cannot open file "..\..\abc.rc".
Networks are equivalent.  Time =     0.03 sec
passed=True returncode=0 runtime_sec=0.073326

===== tc_public_16 =====
======== ABC command line "cec "C:/Users/yy257/cpipc_r28_v5_remeasure/local_data/tc_public/tc_public_16/input.blif" "scratch/r29_release_package_helper_dryrun/zip_extract/results/final_public/tc_public_16/output.blif""
Cannot open file "abc.rc".
Cannot open file "..\abc.rc".
Cannot open file "..\..\abc.rc".
Networks are equivalent.  Time =     0.00 sec
passed=True returncode=0 runtime_sec=0.051232

===== tc_public_17 =====
======== ABC command line "cec "C:/Users/yy257/cpipc_r28_v5_remeasure/local_data/tc_public/tc_public_17/input.blif" "scratch/r29_release_package_helper_dryrun/zip_extract/results/final_public/tc_public_17/output.blif""
Cannot open file "abc.rc".
Cannot open file "..\abc.rc".
Cannot open file "..\..\abc.rc".
Networks are equivalent.  Time =     0.00 sec
passed=True returncode=0 runtime_sec=0.040195

===== tc_public_18 =====
======== ABC command line "cec "C:/Users/yy257/cpipc_r28_v5_remeasure/local_data/tc_public/tc_public_18/input.blif" "scratch/r29_release_package_helper_dryrun/zip_extract/results/final_public/tc_public_18/output.blif""
Cannot open file "abc.rc".
Cannot open file "..\abc.rc".
Cannot open file "..\..\abc.rc".
Networks are equivalent.  Time =     0.11 sec
passed=True returncode=0 runtime_sec=0.149997

===== tc_public_19 =====
======== ABC command line "cec "C:/Users/yy257/cpipc_r28_v5_remeasure/local_data/tc_public/tc_public_19/input.blif" "scratch/r29_release_package_helper_dryrun/zip_extract/results/final_public/tc_public_19/output.blif""
Cannot open file "abc.rc".
Cannot open file "..\abc.rc".
Cannot open file "..\..\abc.rc".
Networks are equivalent.  Time =     0.70 sec
passed=True returncode=0 runtime_sec=0.766713

===== tc_public_2 =====
======== ABC command line "cec "C:/Users/yy257/cpipc_r28_v5_remeasure/local_data/tc_public/tc_public_2/input.blif" "scratch/r29_release_package_helper_dryrun/zip_extract/results/final_public/tc_public_2/output.blif""
Cannot open file "abc.rc".
Cannot open file "..\abc.rc".
Cannot open file "..\..\abc.rc".
Networks are equivalent.  Time =     0.00 sec
passed=True returncode=0 runtime_sec=0.103139

===== tc_public_20 =====
======== ABC command line "cec "C:/Users/yy257/cpipc_r28_v5_remeasure/local_data/tc_public/tc_public_20/input.blif" "scratch/r29_release_package_helper_dryrun/zip_extract/results/final_public/tc_public_20/output.blif""
Cannot open file "abc.rc".
Cannot open file "..\abc.rc".
Cannot open file "..\..\abc.rc".
Networks are equivalent.  Time =     0.88 sec
passed=True returncode=0 runtime_sec=0.950552

===== tc_public_21 =====
======== ABC command line "cec "C:/Users/yy257/cpipc_r28_v5_remeasure/local_data/tc_public/tc_public_21/input.blif" "scratch/r29_release_package_helper_dryrun/zip_extract/results/final_public/tc_public_21/output.blif""
Cannot open file "abc.rc".
Cannot open file "..\abc.rc".
Cannot open file "..\..\abc.rc".
Networks are equivalent.  Time =     0.86 sec
passed=True returncode=0 runtime_sec=0.931392

===== tc_public_22 =====
======== ABC command line "cec "C:/Users/yy257/cpipc_r28_v5_remeasure/local_data/tc_public/tc_public_22/input.blif" "scratch/r29_release_package_helper_dryrun/zip_extract/results/final_public/tc_public_22/output.blif""
Cannot open file "abc.rc".
Cannot open file "..\abc.rc".
Cannot open file "..\..\abc.rc".
Networks are equivalent.  Time =     1.48 sec
passed=True returncode=0 runtime_sec=1.580216

===== tc_public_23 =====
======== ABC command line "cec "C:/Users/yy257/cpipc_r28_v5_remeasure/local_data/tc_public/tc_public_23/input.blif" "scratch/r29_release_package_helper_dryrun/zip_extract/results/final_public/tc_public_23/output.blif""
Cannot open file "abc.rc".
Cannot open file "..\abc.rc".
Cannot open file "..\..\abc.rc".
Networks are equivalent.  Time =     0.03 sec
passed=True returncode=0 runtime_sec=0.071666

===== tc_public_24 =====
======== ABC command line "cec "C:/Users/yy257/cpipc_r28_v5_remeasure/local_data/tc_public/tc_public_24/input.blif" "scratch/r29_release_package_helper_dryrun/zip_extract/results/final_public/tc_public_24/output.blif""
Cannot open file "abc.rc".
Cannot open file "..\abc.rc".
Cannot open file "..\..\abc.rc".
Networks are equivalent.  Time =     0.00 sec
passed=True returncode=0 runtime_sec=0.050118

===== tc_public_25 =====
======== ABC command line "cec "C:/Users/yy257/cpipc_r28_v5_remeasure/local_data/tc_public/tc_public_25/input.blif" "scratch/r29_release_package_helper_dryrun/zip_extract/results/final_public/tc_public_25/output.blif""
Cannot open file "abc.rc".
Cannot open file "..\abc.rc".
Cannot open file "..\..\abc.rc".
Networks are equivalent.  Time =     0.00 sec
passed=True returncode=0 runtime_sec=0.038658

===== tc_public_26 =====
======== ABC command line "cec "C:/Users/yy257/cpipc_r28_v5_remeasure/local_data/tc_public/tc_public_26/input.blif" "scratch/r29_release_package_helper_dryrun/zip_extract/results/final_public/tc_public_26/output.blif""
Cannot open file "abc.rc".
Cannot open file "..\abc.rc".
Cannot open file "..\..\abc.rc".
Networks are equivalent.  Time =     0.02 sec
passed=True returncode=0 runtime_sec=0.074423

===== tc_public_27 =====
======== ABC command line "cec "C:/Users/yy257/cpipc_r28_v5_remeasure/local_data/tc_public/tc_public_27/input.blif" "scratch/r29_release_package_helper_dryrun/zip_extract/results/final_public/tc_public_27/output.blif""
Cannot open file "abc.rc".
Cannot open file "..\abc.rc".
Cannot open file "..\..\abc.rc".
Networks are equivalent.  Time =     0.01 sec
passed=True returncode=0 runtime_sec=0.051107

===== tc_public_28 =====
======== ABC command line "cec "C:/Users/yy257/cpipc_r28_v5_remeasure/local_data/tc_public/tc_public_28/input.blif" "scratch/r29_release_package_helper_dryrun/zip_extract/results/final_public/tc_public_28/output.blif""
Cannot open file "abc.rc".
Cannot open file "..\abc.rc".
Cannot open file "..\..\abc.rc".
Networks are equivalent.  Time =     0.01 sec
passed=True returncode=0 runtime_sec=0.050509

===== tc_public_29 =====
======== ABC command line "cec "C:/Users/yy257/cpipc_r28_v5_remeasure/local_data/tc_public/tc_public_29/input.blif" "scratch/r29_release_package_helper_dryrun/zip_extract/results/final_public/tc_public_29/output.blif""
Cannot open file "abc.rc".
Cannot open file "..\abc.rc".
Cannot open file "..\..\abc.rc".
Networks are equivalent.  Time =     0.00 sec
passed=True returncode=0 runtime_sec=0.053054

===== tc_public_3 =====
======== ABC command line "cec "C:/Users/yy257/cpipc_r28_v5_remeasure/local_data/tc_public/tc_public_3/input.blif" "scratch/r29_release_package_helper_dryrun/zip_extract/results/final_public/tc_public_3/output.blif""
Cannot open file "abc.rc".
Cannot open file "..\abc.rc".
Cannot open file "..\..\abc.rc".
Networks are equivalent.  Time =     0.00 sec
passed=True returncode=0 runtime_sec=0.086013

===== tc_public_30 =====
======== ABC command line "cec "C:/Users/yy257/cpipc_r28_v5_remeasure/local_data/tc_public/tc_public_30/input.blif" "scratch/r29_release_package_helper_dryrun/zip_extract/results/final_public/tc_public_30/output.blif""
Cannot open file "abc.rc".
Cannot open file "..\abc.rc".
Cannot open file "..\..\abc.rc".
Networks are equivalent.  Time =     1.71 sec
passed=True returncode=0 runtime_sec=1.762009

===== tc_public_4 =====
======== ABC command line "cec "C:/Users/yy257/cpipc_r28_v5_remeasure/local_data/tc_public/tc_public_4/input.blif" "scratch/r29_release_package_helper_dryrun/zip_extract/results/final_public/tc_public_4/output.blif""
Cannot open file "abc.rc".
Cannot open file "..\abc.rc".
Cannot open file "..\..\abc.rc".
Networks are equivalent.  Time =     0.00 sec
passed=True returncode=0 runtime_sec=0.084244

===== tc_public_5 =====
======== ABC command line "cec "C:/Users/yy257/cpipc_r28_v5_remeasure/local_data/tc_public/tc_public_5/input.blif" "scratch/r29_release_package_helper_dryrun/zip_extract/results/final_public/tc_public_5/output.blif""
Cannot open file "abc.rc".
Cannot open file "..\abc.rc".
Cannot open file "..\..\abc.rc".
Networks are equivalent.  Time =     0.00 sec
passed=True returncode=0 runtime_sec=0.051410

===== tc_public_6 =====
======== ABC command line "cec "C:/Users/yy257/cpipc_r28_v5_remeasure/local_data/tc_public/tc_public_6/input.blif" "scratch/r29_release_package_helper_dryrun/zip_extract/results/final_public/tc_public_6/output.blif""
Cannot open file "abc.rc".
Cannot open file "..\abc.rc".
Cannot open file "..\..\abc.rc".
Networks are equivalent.  Time =     0.00 sec
passed=True returncode=0 runtime_sec=0.085684

===== tc_public_7 =====
======== ABC command line "cec "C:/Users/yy257/cpipc_r28_v5_remeasure/local_data/tc_public/tc_public_7/input.blif" "scratch/r29_release_package_helper_dryrun/zip_extract/results/final_public/tc_public_7/output.blif""
Cannot open file "abc.rc".
Cannot open file "..\abc.rc".
Cannot open file "..\..\abc.rc".
Networks are equivalent.  Time =     0.00 sec
passed=True returncode=0 runtime_sec=0.083863

===== tc_public_8 =====
======== ABC command line "cec "C:/Users/yy257/cpipc_r28_v5_remeasure/local_data/tc_public/tc_public_8/input.blif" "scratch/r29_release_package_helper_dryrun/zip_extract/results/final_public/tc_public_8/output.blif""
Cannot open file "abc.rc".
Cannot open file "..\abc.rc".
Cannot open file "..\..\abc.rc".
Networks are equivalent.  Time =     0.00 sec
passed=True returncode=0 runtime_sec=0.088413

===== tc_public_9 =====
======== ABC command line "cec "C:/Users/yy257/cpipc_r28_v5_remeasure/local_data/tc_public/tc_public_9/input.blif" "scratch/r29_release_package_helper_dryrun/zip_extract/results/final_public/tc_public_9/output.blif""
Cannot open file "abc.rc".
Cannot open file "..\abc.rc".
Cannot open file "..\..\abc.rc".
Networks are equivalent.  Time =     0.00 sec
passed=True returncode=0 runtime_sec=0.105105

