===== tc_public_1 =====
======== ABC command line "cec "results_candidate/r30b_release_stress/port_order_cases/tc_public_1/input.blif" "results_candidate/r30b_release_stress/port_order_public30/tc_public_1/output.blif""
Cannot open file "abc.rc".
Cannot open file "..\abc.rc".
Cannot open file "..\..\abc.rc".
Networks are equivalent.  Time =     0.00 sec
passed=True returncode=0 runtime_sec=0.096693

===== tc_public_10 =====
======== ABC command line "cec "results_candidate/r30b_release_stress/port_order_cases/tc_public_10/input.blif" "results_candidate/r30b_release_stress/port_order_public30/tc_public_10/output.blif""
Cannot open file "abc.rc".
Cannot open file "..\abc.rc".
Cannot open file "..\..\abc.rc".
Networks are equivalent.  Time =     0.00 sec
passed=True returncode=0 runtime_sec=0.044026

===== tc_public_11 =====
======== ABC command line "cec "results_candidate/r30b_release_stress/port_order_cases/tc_public_11/input.blif" "results_candidate/r30b_release_stress/port_order_public30/tc_public_11/output.blif""
Cannot open file "abc.rc".
Cannot open file "..\abc.rc".
Cannot open file "..\..\abc.rc".
Networks are equivalent.  Time =     0.01 sec
passed=True returncode=0 runtime_sec=0.074501

===== tc_public_12 =====
======== ABC command line "cec "results_candidate/r30b_release_stress/port_order_cases/tc_public_12/input.blif" "results_candidate/r30b_release_stress/port_order_public30/tc_public_12/output.blif""
Cannot open file "abc.rc".
Cannot open file "..\abc.rc".
Cannot open file "..\..\abc.rc".
Networks are equivalent.  Time =     0.03 sec
passed=True returncode=0 runtime_sec=0.073567

===== tc_public_13 =====
======== ABC command line "cec "results_candidate/r30b_release_stress/port_order_cases/tc_public_13/input.blif" "results_candidate/r30b_release_stress/port_order_public30/tc_public_13/output.blif""
Cannot open file "abc.rc".
Cannot open file "..\abc.rc".
Cannot open file "..\..\abc.rc".
Networks are equivalent.  Time =     0.09 sec
passed=True returncode=0 runtime_sec=0.211421

===== tc_public_14 =====
======== ABC command line "cec "results_candidate/r30b_release_stress/port_order_cases/tc_public_14/input.blif" "results_candidate/r30b_release_stress/port_order_public30/tc_public_14/output.blif""
Cannot open file "abc.rc".
Cannot open file "..\abc.rc".
Cannot open file "..\..\abc.rc".
Networks are equivalent.  Time =     0.05 sec
passed=True returncode=0 runtime_sec=0.122381

===== tc_public_15 =====
======== ABC command line "cec "results_candidate/r30b_release_stress/port_order_cases/tc_public_15/input.blif" "results_candidate/r30b_release_stress/port_order_public30/tc_public_15/output.blif""
Cannot open file "abc.rc".
Cannot open file "..\abc.rc".
Cannot open file "..\..\abc.rc".
Networks are equivalent.  Time =     0.03 sec
passed=True returncode=0 runtime_sec=0.092448

===== tc_public_16 =====
======== ABC command line "cec "results_candidate/r30b_release_stress/port_order_cases/tc_public_16/input.blif" "results_candidate/r30b_release_stress/port_order_public30/tc_public_16/output.blif""
Cannot open file "abc.rc".
Cannot open file "..\abc.rc".
Cannot open file "..\..\abc.rc".
Networks are equivalent.  Time =     0.00 sec
passed=True returncode=0 runtime_sec=0.044460

===== tc_public_17 =====
======== ABC command line "cec "results_candidate/r30b_release_stress/port_order_cases/tc_public_17/input.blif" "results_candidate/r30b_release_stress/port_order_public30/tc_public_17/output.blif""
Cannot open file "abc.rc".
Cannot open file "..\abc.rc".
Cannot open file "..\..\abc.rc".
Networks are equivalent.  Time =     0.00 sec
passed=True returncode=0 runtime_sec=0.042305

===== tc_public_18 =====
======== ABC command line "cec "results_candidate/r30b_release_stress/port_order_cases/tc_public_18/input.blif" "results_candidate/r30b_release_stress/port_order_public30/tc_public_18/output.blif""
Cannot open file "abc.rc".
Cannot open file "..\abc.rc".
Cannot open file "..\..\abc.rc".
Networks are equivalent.  Time =     0.08 sec
passed=True returncode=0 runtime_sec=0.130985

===== tc_public_19 =====
======== ABC command line "cec "results_candidate/r30b_release_stress/port_order_cases/tc_public_19/input.blif" "results_candidate/r30b_release_stress/port_order_public30/tc_public_19/output.blif""
Cannot open file "abc.rc".
Cannot open file "..\abc.rc".
Cannot open file "..\..\abc.rc".
Networks are equivalent.  Time =     0.72 sec
passed=True returncode=0 runtime_sec=0.776765

===== tc_public_2 =====
======== ABC command line "cec "results_candidate/r30b_release_stress/port_order_cases/tc_public_2/input.blif" "results_candidate/r30b_release_stress/port_order_public30/tc_public_2/output.blif""
Cannot open file "abc.rc".
Cannot open file "..\abc.rc".
Cannot open file "..\..\abc.rc".
Networks are equivalent.  Time =     0.00 sec
passed=True returncode=0 runtime_sec=0.094685

===== tc_public_20 =====
======== ABC command line "cec "results_candidate/r30b_release_stress/port_order_cases/tc_public_20/input.blif" "results_candidate/r30b_release_stress/port_order_public30/tc_public_20/output.blif""
Cannot open file "abc.rc".
Cannot open file "..\abc.rc".
Cannot open file "..\..\abc.rc".
Networks are equivalent.  Time =     1.30 sec
passed=True returncode=0 runtime_sec=1.369394

===== tc_public_21 =====
======== ABC command line "cec "results_candidate/r30b_release_stress/port_order_cases/tc_public_21/input.blif" "results_candidate/r30b_release_stress/port_order_public30/tc_public_21/output.blif""
Cannot open file "abc.rc".
Cannot open file "..\abc.rc".
Cannot open file "..\..\abc.rc".
Networks are equivalent.  Time =     1.28 sec
passed=True returncode=0 runtime_sec=1.337676

===== tc_public_22 =====
======== ABC command line "cec "results_candidate/r30b_release_stress/port_order_cases/tc_public_22/input.blif" "results_candidate/r30b_release_stress/port_order_public30/tc_public_22/output.blif""
Cannot open file "abc.rc".
Cannot open file "..\abc.rc".
Cannot open file "..\..\abc.rc".
Networks are equivalent.  Time =     2.03 sec
passed=True returncode=0 runtime_sec=2.111513

===== tc_public_23 =====
======== ABC command line "cec "results_candidate/r30b_release_stress/port_order_cases/tc_public_23/input.blif" "results_candidate/r30b_release_stress/port_order_public30/tc_public_23/output.blif""
Cannot open file "abc.rc".
Cannot open file "..\abc.rc".
Cannot open file "..\..\abc.rc".
Networks are equivalent.  Time =     0.03 sec
passed=True returncode=0 runtime_sec=0.093834

===== tc_public_24 =====
======== ABC command line "cec "results_candidate/r30b_release_stress/port_order_cases/tc_public_24/input.blif" "results_candidate/r30b_release_stress/port_order_public30/tc_public_24/output.blif""
Cannot open file "abc.rc".
Cannot open file "..\abc.rc".
Cannot open file "..\..\abc.rc".
Networks are equivalent.  Time =     0.00 sec
passed=True returncode=0 runtime_sec=0.064436

===== tc_public_25 =====
======== ABC command line "cec "results_candidate/r30b_release_stress/port_order_cases/tc_public_25/input.blif" "results_candidate/r30b_release_stress/port_order_public30/tc_public_25/output.blif""
Cannot open file "abc.rc".
Cannot open file "..\abc.rc".
Cannot open file "..\..\abc.rc".
Networks are equivalent.  Time =     0.00 sec
passed=True returncode=0 runtime_sec=0.043550

===== tc_public_26 =====
======== ABC command line "cec "results_candidate/r30b_release_stress/port_order_cases/tc_public_26/input.blif" "results_candidate/r30b_release_stress/port_order_public30/tc_public_26/output.blif""
Cannot open file "abc.rc".
Cannot open file "..\abc.rc".
Cannot open file "..\..\abc.rc".
Networks are equivalent.  Time =     0.01 sec
passed=True returncode=0 runtime_sec=0.064430

===== tc_public_27 =====
======== ABC command line "cec "results_candidate/r30b_release_stress/port_order_cases/tc_public_27/input.blif" "results_candidate/r30b_release_stress/port_order_public30/tc_public_27/output.blif""
Cannot open file "abc.rc".
Cannot open file "..\abc.rc".
Cannot open file "..\..\abc.rc".
Networks are equivalent.  Time =     0.01 sec
passed=True returncode=0 runtime_sec=0.064881

===== tc_public_28 =====
======== ABC command line "cec "results_candidate/r30b_release_stress/port_order_cases/tc_public_28/input.blif" "results_candidate/r30b_release_stress/port_order_public30/tc_public_28/output.blif""
Cannot open file "abc.rc".
Cannot open file "..\abc.rc".
Cannot open file "..\..\abc.rc".
Networks are equivalent.  Time =     0.01 sec
passed=True returncode=0 runtime_sec=0.063955

===== tc_public_29 =====
======== ABC command line "cec "results_candidate/r30b_release_stress/port_order_cases/tc_public_29/input.blif" "results_candidate/r30b_release_stress/port_order_public30/tc_public_29/output.blif""
Cannot open file "abc.rc".
Cannot open file "..\abc.rc".
Cannot open file "..\..\abc.rc".
Networks are equivalent.  Time =     0.00 sec
passed=True returncode=0 runtime_sec=0.043153

===== tc_public_3 =====
======== ABC command line "cec "results_candidate/r30b_release_stress/port_order_cases/tc_public_3/input.blif" "results_candidate/r30b_release_stress/port_order_public30/tc_public_3/output.blif""
Cannot open file "abc.rc".
Cannot open file "..\abc.rc".
Cannot open file "..\..\abc.rc".
Networks are equivalent.  Time =     0.00 sec
passed=True returncode=0 runtime_sec=0.095034

===== tc_public_30 =====
======== ABC command line "cec "results_candidate/r30b_release_stress/port_order_cases/tc_public_30/input.blif" "results_candidate/r30b_release_stress/port_order_public30/tc_public_30/output.blif""
Cannot open file "abc.rc".
Cannot open file "..\abc.rc".
Cannot open file "..\..\abc.rc".
Networks are equivalent.  Time =     1.74 sec
passed=True returncode=0 runtime_sec=1.793099

===== tc_public_4 =====
======== ABC command line "cec "results_candidate/r30b_release_stress/port_order_cases/tc_public_4/input.blif" "results_candidate/r30b_release_stress/port_order_public30/tc_public_4/output.blif""
Cannot open file "abc.rc".
Cannot open file "..\abc.rc".
Cannot open file "..\..\abc.rc".
Networks are equivalent.  Time =     0.00 sec
passed=True returncode=0 runtime_sec=0.099790

===== tc_public_5 =====
======== ABC command line "cec "results_candidate/r30b_release_stress/port_order_cases/tc_public_5/input.blif" "results_candidate/r30b_release_stress/port_order_public30/tc_public_5/output.blif""
Cannot open file "abc.rc".
Cannot open file "..\abc.rc".
Cannot open file "..\..\abc.rc".
Networks are equivalent.  Time =     0.00 sec
passed=True returncode=0 runtime_sec=0.049578

===== tc_public_6 =====
======== ABC command line "cec "results_candidate/r30b_release_stress/port_order_cases/tc_public_6/input.blif" "results_candidate/r30b_release_stress/port_order_public30/tc_public_6/output.blif""
Cannot open file "abc.rc".
Cannot open file "..\abc.rc".
Cannot open file "..\..\abc.rc".
Networks are equivalent.  Time =     0.00 sec
passed=True returncode=0 runtime_sec=0.101133

===== tc_public_7 =====
======== ABC command line "cec "results_candidate/r30b_release_stress/port_order_cases/tc_public_7/input.blif" "results_candidate/r30b_release_stress/port_order_public30/tc_public_7/output.blif""
Cannot open file "abc.rc".
Cannot open file "..\abc.rc".
Cannot open file "..\..\abc.rc".
Networks are equivalent.  Time =     0.00 sec
passed=True returncode=0 runtime_sec=0.099986

===== tc_public_8 =====
======== ABC command line "cec "results_candidate/r30b_release_stress/port_order_cases/tc_public_8/input.blif" "results_candidate/r30b_release_stress/port_order_public30/tc_public_8/output.blif""
Cannot open file "abc.rc".
Cannot open file "..\abc.rc".
Cannot open file "..\..\abc.rc".
Networks are equivalent.  Time =     0.00 sec
passed=True returncode=0 runtime_sec=0.101604

===== tc_public_9 =====
======== ABC command line "cec "results_candidate/r30b_release_stress/port_order_cases/tc_public_9/input.blif" "results_candidate/r30b_release_stress/port_order_public30/tc_public_9/output.blif""
Cannot open file "abc.rc".
Cannot open file "..\abc.rc".
Cannot open file "..\..\abc.rc".
Networks are equivalent.  Time =     0.00 sec
passed=True returncode=0 runtime_sec=0.103605

