===== tc_public_1 =====
======== ABC command line "cec "results_candidate/r30b_release_stress/port_name_cases/tc_public_1/input.blif" "results_candidate/r30b_release_stress/port_name_public30/tc_public_1/output.blif""
Cannot open file "abc.rc".
Cannot open file "..\abc.rc".
Cannot open file "..\..\abc.rc".
Networks are equivalent.  Time =     0.00 sec
passed=True returncode=0 runtime_sec=0.093261

===== tc_public_10 =====
======== ABC command line "cec "results_candidate/r30b_release_stress/port_name_cases/tc_public_10/input.blif" "results_candidate/r30b_release_stress/port_name_public30/tc_public_10/output.blif""
Cannot open file "abc.rc".
Cannot open file "..\abc.rc".
Cannot open file "..\..\abc.rc".
Networks are equivalent.  Time =     0.00 sec
passed=True returncode=0 runtime_sec=0.043829

===== tc_public_11 =====
======== ABC command line "cec "results_candidate/r30b_release_stress/port_name_cases/tc_public_11/input.blif" "results_candidate/r30b_release_stress/port_name_public30/tc_public_11/output.blif""
Cannot open file "abc.rc".
Cannot open file "..\abc.rc".
Cannot open file "..\..\abc.rc".
Networks are equivalent.  Time =     0.01 sec
passed=True returncode=0 runtime_sec=0.063268

===== tc_public_12 =====
======== ABC command line "cec "results_candidate/r30b_release_stress/port_name_cases/tc_public_12/input.blif" "results_candidate/r30b_release_stress/port_name_public30/tc_public_12/output.blif""
Cannot open file "abc.rc".
Cannot open file "..\abc.rc".
Cannot open file "..\..\abc.rc".
Networks are equivalent.  Time =     0.02 sec
passed=True returncode=0 runtime_sec=0.063684

===== tc_public_13 =====
======== ABC command line "cec "results_candidate/r30b_release_stress/port_name_cases/tc_public_13/input.blif" "results_candidate/r30b_release_stress/port_name_public30/tc_public_13/output.blif""
Cannot open file "abc.rc".
Cannot open file "..\abc.rc".
Cannot open file "..\..\abc.rc".
Networks are equivalent.  Time =     0.11 sec
passed=True returncode=0 runtime_sec=0.214082

===== tc_public_14 =====
======== ABC command line "cec "results_candidate/r30b_release_stress/port_name_cases/tc_public_14/input.blif" "results_candidate/r30b_release_stress/port_name_public30/tc_public_14/output.blif""
Cannot open file "abc.rc".
Cannot open file "..\abc.rc".
Cannot open file "..\..\abc.rc".
Networks are equivalent.  Time =     0.05 sec
passed=True returncode=0 runtime_sec=0.121383

===== tc_public_15 =====
======== ABC command line "cec "results_candidate/r30b_release_stress/port_name_cases/tc_public_15/input.blif" "results_candidate/r30b_release_stress/port_name_public30/tc_public_15/output.blif""
Cannot open file "abc.rc".
Cannot open file "..\abc.rc".
Cannot open file "..\..\abc.rc".
Networks are equivalent.  Time =     0.03 sec
passed=True returncode=0 runtime_sec=0.082002

===== tc_public_16 =====
======== ABC command line "cec "results_candidate/r30b_release_stress/port_name_cases/tc_public_16/input.blif" "results_candidate/r30b_release_stress/port_name_public30/tc_public_16/output.blif""
Cannot open file "abc.rc".
Cannot open file "..\abc.rc".
Cannot open file "..\..\abc.rc".
Networks are equivalent.  Time =     0.00 sec
passed=True returncode=0 runtime_sec=0.045026

===== tc_public_17 =====
======== ABC command line "cec "results_candidate/r30b_release_stress/port_name_cases/tc_public_17/input.blif" "results_candidate/r30b_release_stress/port_name_public30/tc_public_17/output.blif""
Cannot open file "abc.rc".
Cannot open file "..\abc.rc".
Cannot open file "..\..\abc.rc".
Networks are equivalent.  Time =     0.00 sec
passed=True returncode=0 runtime_sec=0.043823

===== tc_public_18 =====
======== ABC command line "cec "results_candidate/r30b_release_stress/port_name_cases/tc_public_18/input.blif" "results_candidate/r30b_release_stress/port_name_public30/tc_public_18/output.blif""
Cannot open file "abc.rc".
Cannot open file "..\abc.rc".
Cannot open file "..\..\abc.rc".
Networks are equivalent.  Time =     0.09 sec
passed=True returncode=0 runtime_sec=0.153351

===== tc_public_19 =====
======== ABC command line "cec "results_candidate/r30b_release_stress/port_name_cases/tc_public_19/input.blif" "results_candidate/r30b_release_stress/port_name_public30/tc_public_19/output.blif""
Cannot open file "abc.rc".
Cannot open file "..\abc.rc".
Cannot open file "..\..\abc.rc".
Networks are equivalent.  Time =     1.13 sec
passed=True returncode=0 runtime_sec=1.187453

===== tc_public_2 =====
======== ABC command line "cec "results_candidate/r30b_release_stress/port_name_cases/tc_public_2/input.blif" "results_candidate/r30b_release_stress/port_name_public30/tc_public_2/output.blif""
Cannot open file "abc.rc".
Cannot open file "..\abc.rc".
Cannot open file "..\..\abc.rc".
Networks are equivalent.  Time =     0.00 sec
passed=True returncode=0 runtime_sec=0.090785

===== tc_public_20 =====
======== ABC command line "cec "results_candidate/r30b_release_stress/port_name_cases/tc_public_20/input.blif" "results_candidate/r30b_release_stress/port_name_public30/tc_public_20/output.blif""
Cannot open file "abc.rc".
Cannot open file "..\abc.rc".
Cannot open file "..\..\abc.rc".
Networks are equivalent.  Time =     1.38 sec
passed=True returncode=0 runtime_sec=1.449240

===== tc_public_21 =====
======== ABC command line "cec "results_candidate/r30b_release_stress/port_name_cases/tc_public_21/input.blif" "results_candidate/r30b_release_stress/port_name_public30/tc_public_21/output.blif""
Cannot open file "abc.rc".
Cannot open file "..\abc.rc".
Cannot open file "..\..\abc.rc".
Networks are equivalent.  Time =     1.34 sec
passed=True returncode=0 runtime_sec=1.407566

===== tc_public_22 =====
======== ABC command line "cec "results_candidate/r30b_release_stress/port_name_cases/tc_public_22/input.blif" "results_candidate/r30b_release_stress/port_name_public30/tc_public_22/output.blif""
Cannot open file "abc.rc".
Cannot open file "..\abc.rc".
Cannot open file "..\..\abc.rc".
Networks are equivalent.  Time =     1.76 sec
passed=True returncode=0 runtime_sec=1.852241

===== tc_public_23 =====
======== ABC command line "cec "results_candidate/r30b_release_stress/port_name_cases/tc_public_23/input.blif" "results_candidate/r30b_release_stress/port_name_public30/tc_public_23/output.blif""
Cannot open file "abc.rc".
Cannot open file "..\abc.rc".
Cannot open file "..\..\abc.rc".
Networks are equivalent.  Time =     0.03 sec
passed=True returncode=0 runtime_sec=0.093813

===== tc_public_24 =====
======== ABC command line "cec "results_candidate/r30b_release_stress/port_name_cases/tc_public_24/input.blif" "results_candidate/r30b_release_stress/port_name_public30/tc_public_24/output.blif""
Cannot open file "abc.rc".
Cannot open file "..\abc.rc".
Cannot open file "..\..\abc.rc".
Networks are equivalent.  Time =     0.00 sec
passed=True returncode=0 runtime_sec=0.064482

===== tc_public_25 =====
======== ABC command line "cec "results_candidate/r30b_release_stress/port_name_cases/tc_public_25/input.blif" "results_candidate/r30b_release_stress/port_name_public30/tc_public_25/output.blif""
Cannot open file "abc.rc".
Cannot open file "..\abc.rc".
Cannot open file "..\..\abc.rc".
Networks are equivalent.  Time =     0.00 sec
passed=True returncode=0 runtime_sec=0.044788

===== tc_public_26 =====
======== ABC command line "cec "results_candidate/r30b_release_stress/port_name_cases/tc_public_26/input.blif" "results_candidate/r30b_release_stress/port_name_public30/tc_public_26/output.blif""
Cannot open file "abc.rc".
Cannot open file "..\abc.rc".
Cannot open file "..\..\abc.rc".
Networks are equivalent.  Time =     0.02 sec
passed=True returncode=0 runtime_sec=0.064792

===== tc_public_27 =====
======== ABC command line "cec "results_candidate/r30b_release_stress/port_name_cases/tc_public_27/input.blif" "results_candidate/r30b_release_stress/port_name_public30/tc_public_27/output.blif""
Cannot open file "abc.rc".
Cannot open file "..\abc.rc".
Cannot open file "..\..\abc.rc".
Networks are equivalent.  Time =     0.01 sec
passed=True returncode=0 runtime_sec=0.065729

===== tc_public_28 =====
======== ABC command line "cec "results_candidate/r30b_release_stress/port_name_cases/tc_public_28/input.blif" "results_candidate/r30b_release_stress/port_name_public30/tc_public_28/output.blif""
Cannot open file "abc.rc".
Cannot open file "..\abc.rc".
Cannot open file "..\..\abc.rc".
Networks are equivalent.  Time =     0.01 sec
passed=True returncode=0 runtime_sec=0.074099

===== tc_public_29 =====
======== ABC command line "cec "results_candidate/r30b_release_stress/port_name_cases/tc_public_29/input.blif" "results_candidate/r30b_release_stress/port_name_public30/tc_public_29/output.blif""
Cannot open file "abc.rc".
Cannot open file "..\abc.rc".
Cannot open file "..\..\abc.rc".
Networks are equivalent.  Time =     0.00 sec
passed=True returncode=0 runtime_sec=0.042808

===== tc_public_3 =====
======== ABC command line "cec "results_candidate/r30b_release_stress/port_name_cases/tc_public_3/input.blif" "results_candidate/r30b_release_stress/port_name_public30/tc_public_3/output.blif""
Cannot open file "abc.rc".
Cannot open file "..\abc.rc".
Cannot open file "..\..\abc.rc".
Networks are equivalent.  Time =     0.00 sec
passed=True returncode=0 runtime_sec=0.094336

===== tc_public_30 =====
======== ABC command line "cec "results_candidate/r30b_release_stress/port_name_cases/tc_public_30/input.blif" "results_candidate/r30b_release_stress/port_name_public30/tc_public_30/output.blif""
Cannot open file "abc.rc".
Cannot open file "..\abc.rc".
Cannot open file "..\..\abc.rc".
Networks are equivalent.  Time =     0.50 sec
passed=True returncode=0 runtime_sec=0.549525

===== tc_public_4 =====
======== ABC command line "cec "results_candidate/r30b_release_stress/port_name_cases/tc_public_4/input.blif" "results_candidate/r30b_release_stress/port_name_public30/tc_public_4/output.blif""
Cannot open file "abc.rc".
Cannot open file "..\abc.rc".
Cannot open file "..\..\abc.rc".
Networks are equivalent.  Time =     0.00 sec
passed=True returncode=0 runtime_sec=0.091873

===== tc_public_5 =====
======== ABC command line "cec "results_candidate/r30b_release_stress/port_name_cases/tc_public_5/input.blif" "results_candidate/r30b_release_stress/port_name_public30/tc_public_5/output.blif""
Cannot open file "abc.rc".
Cannot open file "..\abc.rc".
Cannot open file "..\..\abc.rc".
Networks are equivalent.  Time =     0.00 sec
passed=True returncode=0 runtime_sec=0.042934

===== tc_public_6 =====
======== ABC command line "cec "results_candidate/r30b_release_stress/port_name_cases/tc_public_6/input.blif" "results_candidate/r30b_release_stress/port_name_public30/tc_public_6/output.blif""
Cannot open file "abc.rc".
Cannot open file "..\abc.rc".
Cannot open file "..\..\abc.rc".
Networks are equivalent.  Time =     0.00 sec
passed=True returncode=0 runtime_sec=0.093416

===== tc_public_7 =====
======== ABC command line "cec "results_candidate/r30b_release_stress/port_name_cases/tc_public_7/input.blif" "results_candidate/r30b_release_stress/port_name_public30/tc_public_7/output.blif""
Cannot open file "abc.rc".
Cannot open file "..\abc.rc".
Cannot open file "..\..\abc.rc".
Networks are equivalent.  Time =     0.00 sec
passed=True returncode=0 runtime_sec=0.094633

===== tc_public_8 =====
======== ABC command line "cec "results_candidate/r30b_release_stress/port_name_cases/tc_public_8/input.blif" "results_candidate/r30b_release_stress/port_name_public30/tc_public_8/output.blif""
Cannot open file "abc.rc".
Cannot open file "..\abc.rc".
Cannot open file "..\..\abc.rc".
Networks are equivalent.  Time =     0.00 sec
passed=True returncode=0 runtime_sec=0.092998

===== tc_public_9 =====
======== ABC command line "cec "results_candidate/r30b_release_stress/port_name_cases/tc_public_9/input.blif" "results_candidate/r30b_release_stress/port_name_public30/tc_public_9/output.blif""
Cannot open file "abc.rc".
Cannot open file "..\abc.rc".
Cannot open file "..\..\abc.rc".
Networks are equivalent.  Time =     0.00 sec
passed=True returncode=0 runtime_sec=0.094099

