===== tc_public_1 =====
======== ABC command line "cec "data/tc_public/tc_public_1/input.blif" "results_candidate/r7b_pure_clean/public30/tc_public_1/output.blif""
Cannot open file "abc.rc".
Cannot open file "..\abc.rc".
Cannot open file "..\..\abc.rc".
Networks are equivalent.  Time =     0.02 sec
passed=True returncode=0 runtime_sec=0.193381

===== tc_public_10 =====
======== ABC command line "cec "data/tc_public/tc_public_10/input.blif" "results_candidate/r7b_pure_clean/public30/tc_public_10/output.blif""
Cannot open file "abc.rc".
Cannot open file "..\abc.rc".
Cannot open file "..\..\abc.rc".
Networks are equivalent.  Time =     0.01 sec
passed=True returncode=0 runtime_sec=0.123965

===== tc_public_11 =====
======== ABC command line "cec "data/tc_public/tc_public_11/input.blif" "results_candidate/r7b_pure_clean/public30/tc_public_11/output.blif""
Cannot open file "abc.rc".
Cannot open file "..\abc.rc".
Cannot open file "..\..\abc.rc".
Networks are equivalent.  Time =     0.04 sec
passed=True returncode=0 runtime_sec=0.153667

===== tc_public_12 =====
======== ABC command line "cec "data/tc_public/tc_public_12/input.blif" "results_candidate/r7b_pure_clean/public30/tc_public_12/output.blif""
Cannot open file "abc.rc".
Cannot open file "..\abc.rc".
Cannot open file "..\..\abc.rc".
Networks are equivalent.  Time =     0.06 sec
passed=True returncode=0 runtime_sec=0.174651

===== tc_public_13 =====
======== ABC command line "cec "data/tc_public/tc_public_13/input.blif" "results_candidate/r7b_pure_clean/public30/tc_public_13/output.blif""
Cannot open file "abc.rc".
Cannot open file "..\abc.rc".
Cannot open file "..\..\abc.rc".
Networks are equivalent.  Time =     0.29 sec
passed=True returncode=0 runtime_sec=0.466230

===== tc_public_14 =====
======== ABC command line "cec "data/tc_public/tc_public_14/input.blif" "results_candidate/r7b_pure_clean/public30/tc_public_14/output.blif""
Cannot open file "abc.rc".
Cannot open file "..\abc.rc".
Cannot open file "..\..\abc.rc".
Networks are equivalent.  Time =     0.15 sec
passed=True returncode=0 runtime_sec=0.292009

===== tc_public_15 =====
======== ABC command line "cec "data/tc_public/tc_public_15/input.blif" "results_candidate/r7b_pure_clean/public30/tc_public_15/output.blif""
Cannot open file "abc.rc".
Cannot open file "..\abc.rc".
Cannot open file "..\..\abc.rc".
Networks are equivalent.  Time =     0.08 sec
passed=True returncode=0 runtime_sec=0.195865

===== tc_public_16 =====
======== ABC command line "cec "data/tc_public/tc_public_16/input.blif" "results_candidate/r7b_pure_clean/public30/tc_public_16/output.blif""
Cannot open file "abc.rc".
Cannot open file "..\abc.rc".
Cannot open file "..\..\abc.rc".
Networks are equivalent.  Time =     0.01 sec
passed=True returncode=0 runtime_sec=0.107033

===== tc_public_17 =====
======== ABC command line "cec "data/tc_public/tc_public_17/input.blif" "results_candidate/r7b_pure_clean/public30/tc_public_17/output.blif""
Cannot open file "abc.rc".
Cannot open file "..\abc.rc".
Cannot open file "..\..\abc.rc".
Networks are equivalent.  Time =     0.01 sec
passed=True returncode=0 runtime_sec=0.123895

===== tc_public_18 =====
======== ABC command line "cec "data/tc_public/tc_public_18/input.blif" "results_candidate/r7b_pure_clean/public30/tc_public_18/output.blif""
Cannot open file "abc.rc".
Cannot open file "..\abc.rc".
Cannot open file "..\..\abc.rc".
Networks are equivalent.  Time =     0.23 sec
passed=True returncode=0 runtime_sec=0.332173

===== tc_public_19 =====
======== ABC command line "cec "data/tc_public/tc_public_19/input.blif" "results_candidate/r7b_pure_clean/public30/tc_public_19/output.blif""
Cannot open file "abc.rc".
Cannot open file "..\abc.rc".
Cannot open file "..\..\abc.rc".
Networks are equivalent.  Time =     1.66 sec
passed=True returncode=0 runtime_sec=1.828510

===== tc_public_2 =====
======== ABC command line "cec "data/tc_public/tc_public_2/input.blif" "results_candidate/r7b_pure_clean/public30/tc_public_2/output.blif""
Cannot open file "abc.rc".
Cannot open file "..\abc.rc".
Cannot open file "..\..\abc.rc".
Networks are equivalent.  Time =     0.01 sec
passed=True returncode=0 runtime_sec=0.184147

===== tc_public_20 =====
======== ABC command line "cec "data/tc_public/tc_public_20/input.blif" "results_candidate/r7b_pure_clean/public30/tc_public_20/output.blif""
Cannot open file "abc.rc".
Cannot open file "..\abc.rc".
Cannot open file "..\..\abc.rc".
Networks are equivalent.  Time =     1.83 sec
passed=True returncode=0 runtime_sec=1.986203

===== tc_public_21 =====
======== ABC command line "cec "data/tc_public/tc_public_21/input.blif" "results_candidate/r7b_pure_clean/public30/tc_public_21/output.blif""
Cannot open file "abc.rc".
Cannot open file "..\abc.rc".
Cannot open file "..\..\abc.rc".
Networks are equivalent.  Time =     1.89 sec
passed=True returncode=0 runtime_sec=2.041188

===== tc_public_22 =====
======== ABC command line "cec "data/tc_public/tc_public_22/input.blif" "results_candidate/r7b_pure_clean/public30/tc_public_22/output.blif""
Cannot open file "abc.rc".
Cannot open file "..\abc.rc".
Cannot open file "..\..\abc.rc".
Networks are equivalent.  Time =     3.68 sec
passed=True returncode=0 runtime_sec=3.891546

===== tc_public_23 =====
======== ABC command line "cec "data/tc_public/tc_public_23/input.blif" "results_candidate/r7b_pure_clean/public30/tc_public_23/output.blif""
Cannot open file "abc.rc".
Cannot open file "..\abc.rc".
Cannot open file "..\..\abc.rc".
Networks are equivalent.  Time =     0.02 sec
passed=True returncode=0 runtime_sec=0.144632

===== tc_public_24 =====
======== ABC command line "cec "data/tc_public/tc_public_24/input.blif" "results_candidate/r7b_pure_clean/public30/tc_public_24/output.blif""
Cannot open file "abc.rc".
Cannot open file "..\abc.rc".
Cannot open file "..\..\abc.rc".
Networks are equivalent.  Time =     0.02 sec
passed=True returncode=0 runtime_sec=0.121357

===== tc_public_25 =====
======== ABC command line "cec "data/tc_public/tc_public_25/input.blif" "results_candidate/r7b_pure_clean/public30/tc_public_25/output.blif""
Cannot open file "abc.rc".
Cannot open file "..\abc.rc".
Cannot open file "..\..\abc.rc".
Networks are equivalent.  Time =     0.01 sec
passed=True returncode=0 runtime_sec=0.112138

===== tc_public_26 =====
======== ABC command line "cec "data/tc_public/tc_public_26/input.blif" "results_candidate/r7b_pure_clean/public30/tc_public_26/output.blif""
Cannot open file "abc.rc".
Cannot open file "..\abc.rc".
Cannot open file "..\..\abc.rc".
Networks are equivalent.  Time =     0.07 sec
passed=True returncode=0 runtime_sec=0.176583

===== tc_public_27 =====
======== ABC command line "cec "data/tc_public/tc_public_27/input.blif" "results_candidate/r7b_pure_clean/public30/tc_public_27/output.blif""
Cannot open file "abc.rc".
Cannot open file "..\abc.rc".
Cannot open file "..\..\abc.rc".
Networks are equivalent.  Time =     0.02 sec
passed=True returncode=0 runtime_sec=0.149961

===== tc_public_28 =====
======== ABC command line "cec "data/tc_public/tc_public_28/input.blif" "results_candidate/r7b_pure_clean/public30/tc_public_28/output.blif""
Cannot open file "abc.rc".
Cannot open file "..\abc.rc".
Cannot open file "..\..\abc.rc".
Networks are equivalent.  Time =     0.04 sec
passed=True returncode=0 runtime_sec=0.147991

===== tc_public_29 =====
======== ABC command line "cec "data/tc_public/tc_public_29/input.blif" "results_candidate/r7b_pure_clean/public30/tc_public_29/output.blif""
Cannot open file "abc.rc".
Cannot open file "..\abc.rc".
Cannot open file "..\..\abc.rc".
Networks are equivalent.  Time =     0.02 sec
passed=True returncode=0 runtime_sec=0.128978

===== tc_public_3 =====
======== ABC command line "cec "data/tc_public/tc_public_3/input.blif" "results_candidate/r7b_pure_clean/public30/tc_public_3/output.blif""
Cannot open file "abc.rc".
Cannot open file "..\abc.rc".
Cannot open file "..\..\abc.rc".
Networks are equivalent.  Time =     0.02 sec
passed=True returncode=0 runtime_sec=0.211816

===== tc_public_30 =====
======== ABC command line "cec "data/tc_public/tc_public_30/input.blif" "results_candidate/r7b_pure_clean/public30/tc_public_30/output.blif""
Cannot open file "abc.rc".
Cannot open file "..\abc.rc".
Cannot open file "..\..\abc.rc".
Networks are equivalent.  Time =     4.39 sec
passed=True returncode=0 runtime_sec=4.555446

===== tc_public_4 =====
======== ABC command line "cec "data/tc_public/tc_public_4/input.blif" "results_candidate/r7b_pure_clean/public30/tc_public_4/output.blif""
Cannot open file "abc.rc".
Cannot open file "..\abc.rc".
Cannot open file "..\..\abc.rc".
Networks are equivalent.  Time =     0.01 sec
passed=True returncode=0 runtime_sec=0.187308

===== tc_public_5 =====
======== ABC command line "cec "data/tc_public/tc_public_5/input.blif" "results_candidate/r7b_pure_clean/public30/tc_public_5/output.blif""
Cannot open file "abc.rc".
Cannot open file "..\abc.rc".
Cannot open file "..\..\abc.rc".
Networks are equivalent.  Time =     0.01 sec
passed=True returncode=0 runtime_sec=0.110258

===== tc_public_6 =====
======== ABC command line "cec "data/tc_public/tc_public_6/input.blif" "results_candidate/r7b_pure_clean/public30/tc_public_6/output.blif""
Cannot open file "abc.rc".
Cannot open file "..\abc.rc".
Cannot open file "..\..\abc.rc".
Networks are equivalent.  Time =     0.01 sec
passed=True returncode=0 runtime_sec=0.178795

===== tc_public_7 =====
======== ABC command line "cec "data/tc_public/tc_public_7/input.blif" "results_candidate/r7b_pure_clean/public30/tc_public_7/output.blif""
Cannot open file "abc.rc".
Cannot open file "..\abc.rc".
Cannot open file "..\..\abc.rc".
Networks are equivalent after structural hashing.  Time =     0.00 sec
passed=True returncode=0 runtime_sec=0.176092

===== tc_public_8 =====
======== ABC command line "cec "data/tc_public/tc_public_8/input.blif" "results_candidate/r7b_pure_clean/public30/tc_public_8/output.blif""
Cannot open file "abc.rc".
Cannot open file "..\abc.rc".
Cannot open file "..\..\abc.rc".
Networks are equivalent.  Time =     0.01 sec
passed=True returncode=0 runtime_sec=0.217459

===== tc_public_9 =====
======== ABC command line "cec "data/tc_public/tc_public_9/input.blif" "results_candidate/r7b_pure_clean/public30/tc_public_9/output.blif""
Cannot open file "abc.rc".
Cannot open file "..\abc.rc".
Cannot open file "..\..\abc.rc".
Networks are equivalent.  Time =     0.01 sec
passed=True returncode=0 runtime_sec=0.195927

