===== tc_public_1 =====
======== ABC command line "cec "data/tc_public_portname_r7b_stress/tc_public_1/input.blif" "results_candidate/r7b_port_name_stress/public30/tc_public_1/output.blif""
Cannot open file "abc.rc".
Cannot open file "..\abc.rc".
Cannot open file "..\..\abc.rc".
Networks are equivalent.  Time =     0.02 sec
passed=True returncode=0 runtime_sec=0.324556

===== tc_public_10 =====
======== ABC command line "cec "data/tc_public_portname_r7b_stress/tc_public_10/input.blif" "results_candidate/r7b_port_name_stress/public30/tc_public_10/output.blif""
Cannot open file "abc.rc".
Cannot open file "..\abc.rc".
Cannot open file "..\..\abc.rc".
Networks are equivalent.  Time =     0.02 sec
passed=True returncode=0 runtime_sec=0.164883

===== tc_public_11 =====
======== ABC command line "cec "data/tc_public_portname_r7b_stress/tc_public_11/input.blif" "results_candidate/r7b_port_name_stress/public30/tc_public_11/output.blif""
Cannot open file "abc.rc".
Cannot open file "..\abc.rc".
Cannot open file "..\..\abc.rc".
Networks are equivalent.  Time =     0.05 sec
passed=True returncode=0 runtime_sec=0.185465

===== tc_public_12 =====
======== ABC command line "cec "data/tc_public_portname_r7b_stress/tc_public_12/input.blif" "results_candidate/r7b_port_name_stress/public30/tc_public_12/output.blif""
Cannot open file "abc.rc".
Cannot open file "..\abc.rc".
Cannot open file "..\..\abc.rc".
Networks are equivalent.  Time =     0.09 sec
passed=True returncode=0 runtime_sec=0.288530

===== tc_public_13 =====
======== ABC command line "cec "data/tc_public_portname_r7b_stress/tc_public_13/input.blif" "results_candidate/r7b_port_name_stress/public30/tc_public_13/output.blif""
Cannot open file "abc.rc".
Cannot open file "..\abc.rc".
Cannot open file "..\..\abc.rc".
Networks are equivalent.  Time =     0.42 sec
passed=True returncode=0 runtime_sec=0.661680

===== tc_public_14 =====
======== ABC command line "cec "data/tc_public_portname_r7b_stress/tc_public_14/input.blif" "results_candidate/r7b_port_name_stress/public30/tc_public_14/output.blif""
Cannot open file "abc.rc".
Cannot open file "..\abc.rc".
Cannot open file "..\..\abc.rc".
Networks are equivalent.  Time =     0.19 sec
passed=True returncode=0 runtime_sec=0.352465

===== tc_public_15 =====
======== ABC command line "cec "data/tc_public_portname_r7b_stress/tc_public_15/input.blif" "results_candidate/r7b_port_name_stress/public30/tc_public_15/output.blif""
Cannot open file "abc.rc".
Cannot open file "..\abc.rc".
Cannot open file "..\..\abc.rc".
Networks are equivalent.  Time =     0.10 sec
passed=True returncode=0 runtime_sec=0.221816

===== tc_public_16 =====
======== ABC command line "cec "data/tc_public_portname_r7b_stress/tc_public_16/input.blif" "results_candidate/r7b_port_name_stress/public30/tc_public_16/output.blif""
Cannot open file "abc.rc".
Cannot open file "..\abc.rc".
Cannot open file "..\..\abc.rc".
Networks are equivalent.  Time =     0.02 sec
passed=True returncode=0 runtime_sec=0.136950

===== tc_public_17 =====
======== ABC command line "cec "data/tc_public_portname_r7b_stress/tc_public_17/input.blif" "results_candidate/r7b_port_name_stress/public30/tc_public_17/output.blif""
Cannot open file "abc.rc".
Cannot open file "..\abc.rc".
Cannot open file "..\..\abc.rc".
Networks are equivalent.  Time =     0.02 sec
passed=True returncode=0 runtime_sec=0.154497

===== tc_public_18 =====
======== ABC command line "cec "data/tc_public_portname_r7b_stress/tc_public_18/input.blif" "results_candidate/r7b_port_name_stress/public30/tc_public_18/output.blif""
Cannot open file "abc.rc".
Cannot open file "..\abc.rc".
Cannot open file "..\..\abc.rc".
Networks are equivalent.  Time =     0.47 sec
passed=True returncode=0 runtime_sec=0.616210

===== tc_public_19 =====
======== ABC command line "cec "data/tc_public_portname_r7b_stress/tc_public_19/input.blif" "results_candidate/r7b_port_name_stress/public30/tc_public_19/output.blif""
Cannot open file "abc.rc".
Cannot open file "..\abc.rc".
Cannot open file "..\..\abc.rc".
Networks are equivalent.  Time =     3.00 sec
passed=True returncode=0 runtime_sec=3.239169

===== tc_public_2 =====
======== ABC command line "cec "data/tc_public_portname_r7b_stress/tc_public_2/input.blif" "results_candidate/r7b_port_name_stress/public30/tc_public_2/output.blif""
Cannot open file "abc.rc".
Cannot open file "..\abc.rc".
Cannot open file "..\..\abc.rc".
Networks are equivalent.  Time =     0.02 sec
passed=True returncode=0 runtime_sec=0.329635

===== tc_public_20 =====
======== ABC command line "cec "data/tc_public_portname_r7b_stress/tc_public_20/input.blif" "results_candidate/r7b_port_name_stress/public30/tc_public_20/output.blif""
Cannot open file "abc.rc".
Cannot open file "..\abc.rc".
Cannot open file "..\..\abc.rc".
Networks are equivalent.  Time =     2.61 sec
passed=True returncode=0 runtime_sec=2.974566

===== tc_public_21 =====
======== ABC command line "cec "data/tc_public_portname_r7b_stress/tc_public_21/input.blif" "results_candidate/r7b_port_name_stress/public30/tc_public_21/output.blif""
Cannot open file "abc.rc".
Cannot open file "..\abc.rc".
Cannot open file "..\..\abc.rc".
Networks are equivalent.  Time =     2.62 sec
passed=True returncode=0 runtime_sec=2.795410

===== tc_public_22 =====
======== ABC command line "cec "data/tc_public_portname_r7b_stress/tc_public_22/input.blif" "results_candidate/r7b_port_name_stress/public30/tc_public_22/output.blif""
Cannot open file "abc.rc".
Cannot open file "..\abc.rc".
Cannot open file "..\..\abc.rc".
Networks are equivalent.  Time =     6.41 sec
passed=True returncode=0 runtime_sec=6.807304

===== tc_public_23 =====
======== ABC command line "cec "data/tc_public_portname_r7b_stress/tc_public_23/input.blif" "results_candidate/r7b_port_name_stress/public30/tc_public_23/output.blif""
Cannot open file "abc.rc".
Cannot open file "..\abc.rc".
Cannot open file "..\..\abc.rc".
Networks are equivalent.  Time =     0.03 sec
passed=True returncode=0 runtime_sec=0.172729

===== tc_public_24 =====
======== ABC command line "cec "data/tc_public_portname_r7b_stress/tc_public_24/input.blif" "results_candidate/r7b_port_name_stress/public30/tc_public_24/output.blif""
Cannot open file "abc.rc".
Cannot open file "..\abc.rc".
Cannot open file "..\..\abc.rc".
Networks are equivalent.  Time =     0.02 sec
passed=True returncode=0 runtime_sec=0.133055

===== tc_public_25 =====
======== ABC command line "cec "data/tc_public_portname_r7b_stress/tc_public_25/input.blif" "results_candidate/r7b_port_name_stress/public30/tc_public_25/output.blif""
Cannot open file "abc.rc".
Cannot open file "..\abc.rc".
Cannot open file "..\..\abc.rc".
Networks are equivalent.  Time =     0.02 sec
passed=True returncode=0 runtime_sec=0.133264

===== tc_public_26 =====
======== ABC command line "cec "data/tc_public_portname_r7b_stress/tc_public_26/input.blif" "results_candidate/r7b_port_name_stress/public30/tc_public_26/output.blif""
Cannot open file "abc.rc".
Cannot open file "..\abc.rc".
Cannot open file "..\..\abc.rc".
Networks are equivalent.  Time =     0.15 sec
passed=True returncode=0 runtime_sec=0.278508

===== tc_public_27 =====
======== ABC command line "cec "data/tc_public_portname_r7b_stress/tc_public_27/input.blif" "results_candidate/r7b_port_name_stress/public30/tc_public_27/output.blif""
Cannot open file "abc.rc".
Cannot open file "..\abc.rc".
Cannot open file "..\..\abc.rc".
Networks are equivalent.  Time =     0.05 sec
passed=True returncode=0 runtime_sec=0.289897

===== tc_public_28 =====
======== ABC command line "cec "data/tc_public_portname_r7b_stress/tc_public_28/input.blif" "results_candidate/r7b_port_name_stress/public30/tc_public_28/output.blif""
Cannot open file "abc.rc".
Cannot open file "..\abc.rc".
Cannot open file "..\..\abc.rc".
Networks are equivalent.  Time =     0.06 sec
passed=True returncode=0 runtime_sec=0.251653

===== tc_public_29 =====
======== ABC command line "cec "data/tc_public_portname_r7b_stress/tc_public_29/input.blif" "results_candidate/r7b_port_name_stress/public30/tc_public_29/output.blif""
Cannot open file "abc.rc".
Cannot open file "..\abc.rc".
Cannot open file "..\..\abc.rc".
Networks are equivalent.  Time =     0.03 sec
passed=True returncode=0 runtime_sec=0.215105

===== tc_public_3 =====
======== ABC command line "cec "data/tc_public_portname_r7b_stress/tc_public_3/input.blif" "results_candidate/r7b_port_name_stress/public30/tc_public_3/output.blif""
Cannot open file "abc.rc".
Cannot open file "..\abc.rc".
Cannot open file "..\..\abc.rc".
Networks are equivalent.  Time =     0.03 sec
passed=True returncode=0 runtime_sec=0.315417

===== tc_public_30 =====
======== ABC command line "cec "data/tc_public_portname_r7b_stress/tc_public_30/input.blif" "results_candidate/r7b_port_name_stress/public30/tc_public_30/output.blif""
Cannot open file "abc.rc".
Cannot open file "..\abc.rc".
Cannot open file "..\..\abc.rc".
Networks are equivalent.  Time =     6.72 sec
passed=True returncode=0 runtime_sec=6.997975

===== tc_public_4 =====
======== ABC command line "cec "data/tc_public_portname_r7b_stress/tc_public_4/input.blif" "results_candidate/r7b_port_name_stress/public30/tc_public_4/output.blif""
Cannot open file "abc.rc".
Cannot open file "..\abc.rc".
Cannot open file "..\..\abc.rc".
Networks are equivalent.  Time =     0.02 sec
passed=True returncode=0 runtime_sec=0.257025

===== tc_public_5 =====
======== ABC command line "cec "data/tc_public_portname_r7b_stress/tc_public_5/input.blif" "results_candidate/r7b_port_name_stress/public30/tc_public_5/output.blif""
Cannot open file "abc.rc".
Cannot open file "..\abc.rc".
Cannot open file "..\..\abc.rc".
Networks are equivalent.  Time =     0.02 sec
passed=True returncode=0 runtime_sec=0.131082

===== tc_public_6 =====
======== ABC command line "cec "data/tc_public_portname_r7b_stress/tc_public_6/input.blif" "results_candidate/r7b_port_name_stress/public30/tc_public_6/output.blif""
Cannot open file "abc.rc".
Cannot open file "..\abc.rc".
Cannot open file "..\..\abc.rc".
Networks are equivalent.  Time =     0.02 sec
passed=True returncode=0 runtime_sec=0.228426

===== tc_public_7 =====
======== ABC command line "cec "data/tc_public_portname_r7b_stress/tc_public_7/input.blif" "results_candidate/r7b_port_name_stress/public30/tc_public_7/output.blif""
Cannot open file "abc.rc".
Cannot open file "..\abc.rc".
Cannot open file "..\..\abc.rc".
Networks are equivalent after structural hashing.  Time =     0.00 sec
passed=True returncode=0 runtime_sec=0.250033

===== tc_public_8 =====
======== ABC command line "cec "data/tc_public_portname_r7b_stress/tc_public_8/input.blif" "results_candidate/r7b_port_name_stress/public30/tc_public_8/output.blif""
Cannot open file "abc.rc".
Cannot open file "..\abc.rc".
Cannot open file "..\..\abc.rc".
Networks are equivalent.  Time =     0.03 sec
passed=True returncode=0 runtime_sec=0.408809

===== tc_public_9 =====
======== ABC command line "cec "data/tc_public_portname_r7b_stress/tc_public_9/input.blif" "results_candidate/r7b_port_name_stress/public30/tc_public_9/output.blif""
Cannot open file "abc.rc".
Cannot open file "..\abc.rc".
Cannot open file "..\..\abc.rc".
Networks are equivalent.  Time =     0.03 sec
passed=True returncode=0 runtime_sec=0.336615
