===== tc_public_1 =====
======== ABC command line "cec "data/tc_public_portorder_inputs_r7b_stress/tc_public_1/input.blif" "results_candidate/r7b_port_order_inputs_stress/public30/tc_public_1/output.blif""
Cannot open file "abc.rc".
Cannot open file "..\abc.rc".
Cannot open file "..\..\abc.rc".
Networks are equivalent.  Time =     0.03 sec
passed=True returncode=0 runtime_sec=0.391757

===== tc_public_10 =====
======== ABC command line "cec "data/tc_public_portorder_inputs_r7b_stress/tc_public_10/input.blif" "results_candidate/r7b_port_order_inputs_stress/public30/tc_public_10/output.blif""
Cannot open file "abc.rc".
Cannot open file "..\abc.rc".
Cannot open file "..\..\abc.rc".
Networks are equivalent.  Time =     0.02 sec
passed=True returncode=0 runtime_sec=0.177451

===== tc_public_11 =====
======== ABC command line "cec "data/tc_public_portorder_inputs_r7b_stress/tc_public_11/input.blif" "results_candidate/r7b_port_order_inputs_stress/public30/tc_public_11/output.blif""
Cannot open file "abc.rc".
Cannot open file "..\abc.rc".
Cannot open file "..\..\abc.rc".
Networks are equivalent.  Time =     0.05 sec
passed=True returncode=0 runtime_sec=0.211386

===== tc_public_12 =====
======== ABC command line "cec "data/tc_public_portorder_inputs_r7b_stress/tc_public_12/input.blif" "results_candidate/r7b_port_order_inputs_stress/public30/tc_public_12/output.blif""
Cannot open file "abc.rc".
Cannot open file "..\abc.rc".
Cannot open file "..\..\abc.rc".
Networks are equivalent.  Time =     0.08 sec
passed=True returncode=0 runtime_sec=0.222502

===== tc_public_13 =====
======== ABC command line "cec "data/tc_public_portorder_inputs_r7b_stress/tc_public_13/input.blif" "results_candidate/r7b_port_order_inputs_stress/public30/tc_public_13/output.blif""
Cannot open file "abc.rc".
Cannot open file "..\abc.rc".
Cannot open file "..\..\abc.rc".
Networks are equivalent.  Time =     0.37 sec
passed=True returncode=0 runtime_sec=0.654233

===== tc_public_14 =====
======== ABC command line "cec "data/tc_public_portorder_inputs_r7b_stress/tc_public_14/input.blif" "results_candidate/r7b_port_order_inputs_stress/public30/tc_public_14/output.blif""
Cannot open file "abc.rc".
Cannot open file "..\abc.rc".
Cannot open file "..\..\abc.rc".
Networks are equivalent.  Time =     0.27 sec
passed=True returncode=0 runtime_sec=0.481931

===== tc_public_15 =====
======== ABC command line "cec "data/tc_public_portorder_inputs_r7b_stress/tc_public_15/input.blif" "results_candidate/r7b_port_order_inputs_stress/public30/tc_public_15/output.blif""
Cannot open file "abc.rc".
Cannot open file "..\abc.rc".
Cannot open file "..\..\abc.rc".
Networks are equivalent.  Time =     0.11 sec
passed=True returncode=0 runtime_sec=0.265237

===== tc_public_16 =====
======== ABC command line "cec "data/tc_public_portorder_inputs_r7b_stress/tc_public_16/input.blif" "results_candidate/r7b_port_order_inputs_stress/public30/tc_public_16/output.blif""
Cannot open file "abc.rc".
Cannot open file "..\abc.rc".
Cannot open file "..\..\abc.rc".
Networks are equivalent.  Time =     0.02 sec
passed=True returncode=0 runtime_sec=0.149127

===== tc_public_17 =====
======== ABC command line "cec "data/tc_public_portorder_inputs_r7b_stress/tc_public_17/input.blif" "results_candidate/r7b_port_order_inputs_stress/public30/tc_public_17/output.blif""
Cannot open file "abc.rc".
Cannot open file "..\abc.rc".
Cannot open file "..\..\abc.rc".
Networks are equivalent.  Time =     0.03 sec
passed=True returncode=0 runtime_sec=0.201454

===== tc_public_18 =====
======== ABC command line "cec "data/tc_public_portorder_inputs_r7b_stress/tc_public_18/input.blif" "results_candidate/r7b_port_order_inputs_stress/public30/tc_public_18/output.blif""
Cannot open file "abc.rc".
Cannot open file "..\abc.rc".
Cannot open file "..\..\abc.rc".
Networks are equivalent.  Time =     0.34 sec
passed=True returncode=0 runtime_sec=0.496337

===== tc_public_19 =====
======== ABC command line "cec "data/tc_public_portorder_inputs_r7b_stress/tc_public_19/input.blif" "results_candidate/r7b_port_order_inputs_stress/public30/tc_public_19/output.blif""
Cannot open file "abc.rc".
Cannot open file "..\abc.rc".
Cannot open file "..\..\abc.rc".
Networks are equivalent.  Time =     2.25 sec
passed=True returncode=0 runtime_sec=2.447465

===== tc_public_2 =====
======== ABC command line "cec "data/tc_public_portorder_inputs_r7b_stress/tc_public_2/input.blif" "results_candidate/r7b_port_order_inputs_stress/public30/tc_public_2/output.blif""
Cannot open file "abc.rc".
Cannot open file "..\abc.rc".
Cannot open file "..\..\abc.rc".
Networks are equivalent.  Time =     0.01 sec
passed=True returncode=0 runtime_sec=0.282230

===== tc_public_20 =====
======== ABC command line "cec "data/tc_public_portorder_inputs_r7b_stress/tc_public_20/input.blif" "results_candidate/r7b_port_order_inputs_stress/public30/tc_public_20/output.blif""
Cannot open file "abc.rc".
Cannot open file "..\abc.rc".
Cannot open file "..\..\abc.rc".
Networks are equivalent.  Time =     2.43 sec
passed=True returncode=0 runtime_sec=2.617900

===== tc_public_21 =====
======== ABC command line "cec "data/tc_public_portorder_inputs_r7b_stress/tc_public_21/input.blif" "results_candidate/r7b_port_order_inputs_stress/public30/tc_public_21/output.blif""
Cannot open file "abc.rc".
Cannot open file "..\abc.rc".
Cannot open file "..\..\abc.rc".
Networks are equivalent.  Time =     2.79 sec
passed=True returncode=0 runtime_sec=2.997793

===== tc_public_22 =====
======== ABC command line "cec "data/tc_public_portorder_inputs_r7b_stress/tc_public_22/input.blif" "results_candidate/r7b_port_order_inputs_stress/public30/tc_public_22/output.blif""
Cannot open file "abc.rc".
Cannot open file "..\abc.rc".
Cannot open file "..\..\abc.rc".
Networks are equivalent.  Time =     5.24 sec
passed=True returncode=0 runtime_sec=5.537839

===== tc_public_23 =====
======== ABC command line "cec "data/tc_public_portorder_inputs_r7b_stress/tc_public_23/input.blif" "results_candidate/r7b_port_order_inputs_stress/public30/tc_public_23/output.blif""
Cannot open file "abc.rc".
Cannot open file "..\abc.rc".
Cannot open file "..\..\abc.rc".
Networks are equivalent.  Time =     0.04 sec
passed=True returncode=0 runtime_sec=0.206092

===== tc_public_24 =====
======== ABC command line "cec "data/tc_public_portorder_inputs_r7b_stress/tc_public_24/input.blif" "results_candidate/r7b_port_order_inputs_stress/public30/tc_public_24/output.blif""
Cannot open file "abc.rc".
Cannot open file "..\abc.rc".
Cannot open file "..\..\abc.rc".
Networks are equivalent.  Time =     0.02 sec
passed=True returncode=0 runtime_sec=0.186931

===== tc_public_25 =====
======== ABC command line "cec "data/tc_public_portorder_inputs_r7b_stress/tc_public_25/input.blif" "results_candidate/r7b_port_order_inputs_stress/public30/tc_public_25/output.blif""
Cannot open file "abc.rc".
Cannot open file "..\abc.rc".
Cannot open file "..\..\abc.rc".
Networks are equivalent.  Time =     0.02 sec
passed=True returncode=0 runtime_sec=0.192441

===== tc_public_26 =====
======== ABC command line "cec "data/tc_public_portorder_inputs_r7b_stress/tc_public_26/input.blif" "results_candidate/r7b_port_order_inputs_stress/public30/tc_public_26/output.blif""
Cannot open file "abc.rc".
Cannot open file "..\abc.rc".
Cannot open file "..\..\abc.rc".
Networks are equivalent.  Time =     0.13 sec
passed=True returncode=0 runtime_sec=0.313317

===== tc_public_27 =====
======== ABC command line "cec "data/tc_public_portorder_inputs_r7b_stress/tc_public_27/input.blif" "results_candidate/r7b_port_order_inputs_stress/public30/tc_public_27/output.blif""
Cannot open file "abc.rc".
Cannot open file "..\abc.rc".
Cannot open file "..\..\abc.rc".
Networks are equivalent.  Time =     0.04 sec
passed=True returncode=0 runtime_sec=0.269898

===== tc_public_28 =====
======== ABC command line "cec "data/tc_public_portorder_inputs_r7b_stress/tc_public_28/input.blif" "results_candidate/r7b_port_order_inputs_stress/public30/tc_public_28/output.blif""
Cannot open file "abc.rc".
Cannot open file "..\abc.rc".
Cannot open file "..\..\abc.rc".
Networks are equivalent.  Time =     0.04 sec
passed=True returncode=0 runtime_sec=0.159815

===== tc_public_29 =====
======== ABC command line "cec "data/tc_public_portorder_inputs_r7b_stress/tc_public_29/input.blif" "results_candidate/r7b_port_order_inputs_stress/public30/tc_public_29/output.blif""
Cannot open file "abc.rc".
Cannot open file "..\abc.rc".
Cannot open file "..\..\abc.rc".
Networks are equivalent.  Time =     0.02 sec
passed=True returncode=0 runtime_sec=0.129351

===== tc_public_3 =====
======== ABC command line "cec "data/tc_public_portorder_inputs_r7b_stress/tc_public_3/input.blif" "results_candidate/r7b_port_order_inputs_stress/public30/tc_public_3/output.blif""
Cannot open file "abc.rc".
Cannot open file "..\abc.rc".
Cannot open file "..\..\abc.rc".
Networks are equivalent.  Time =     0.02 sec
passed=True returncode=0 runtime_sec=0.238286

===== tc_public_30 =====
======== ABC command line "cec "data/tc_public_portorder_inputs_r7b_stress/tc_public_30/input.blif" "results_candidate/r7b_port_order_inputs_stress/public30/tc_public_30/output.blif""
Cannot open file "abc.rc".
Cannot open file "..\abc.rc".
Cannot open file "..\..\abc.rc".
Networks are equivalent.  Time =     5.04 sec
passed=True returncode=0 runtime_sec=5.287100

===== tc_public_4 =====
======== ABC command line "cec "data/tc_public_portorder_inputs_r7b_stress/tc_public_4/input.blif" "results_candidate/r7b_port_order_inputs_stress/public30/tc_public_4/output.blif""
Cannot open file "abc.rc".
Cannot open file "..\abc.rc".
Cannot open file "..\..\abc.rc".
Networks are equivalent.  Time =     0.02 sec
passed=True returncode=0 runtime_sec=0.252108

===== tc_public_5 =====
======== ABC command line "cec "data/tc_public_portorder_inputs_r7b_stress/tc_public_5/input.blif" "results_candidate/r7b_port_order_inputs_stress/public30/tc_public_5/output.blif""
Cannot open file "abc.rc".
Cannot open file "..\abc.rc".
Cannot open file "..\..\abc.rc".
Networks are equivalent.  Time =     0.02 sec
passed=True returncode=0 runtime_sec=0.136761

===== tc_public_6 =====
======== ABC command line "cec "data/tc_public_portorder_inputs_r7b_stress/tc_public_6/input.blif" "results_candidate/r7b_port_order_inputs_stress/public30/tc_public_6/output.blif""
Cannot open file "abc.rc".
Cannot open file "..\abc.rc".
Cannot open file "..\..\abc.rc".
Networks are equivalent.  Time =     0.02 sec
passed=True returncode=0 runtime_sec=0.225874

===== tc_public_7 =====
======== ABC command line "cec "data/tc_public_portorder_inputs_r7b_stress/tc_public_7/input.blif" "results_candidate/r7b_port_order_inputs_stress/public30/tc_public_7/output.blif""
Cannot open file "abc.rc".
Cannot open file "..\abc.rc".
Cannot open file "..\..\abc.rc".
Networks are equivalent after structural hashing.  Time =     0.00 sec
passed=True returncode=0 runtime_sec=0.268536

===== tc_public_8 =====
======== ABC command line "cec "data/tc_public_portorder_inputs_r7b_stress/tc_public_8/input.blif" "results_candidate/r7b_port_order_inputs_stress/public30/tc_public_8/output.blif""
Cannot open file "abc.rc".
Cannot open file "..\abc.rc".
Cannot open file "..\..\abc.rc".
Networks are equivalent.  Time =     0.02 sec
passed=True returncode=0 runtime_sec=0.222961

===== tc_public_9 =====
======== ABC command line "cec "data/tc_public_portorder_inputs_r7b_stress/tc_public_9/input.blif" "results_candidate/r7b_port_order_inputs_stress/public30/tc_public_9/output.blif""
Cannot open file "abc.rc".
Cannot open file "..\abc.rc".
Cannot open file "..\..\abc.rc".
Networks are equivalent.  Time =     0.02 sec
passed=True returncode=0 runtime_sec=0.235771
