===== tc_public_1 =====
======== ABC command line "cec "data/tc_public_portname_r7b_stress/tc_public_1/input.blif" "results_candidate/r8_order_choosebest_singlecase_portname/public30/tc_public_1/output.blif""
Cannot open file "abc.rc".
Cannot open file "..\abc.rc".
Cannot open file "..\..\abc.rc".
Networks are equivalent.  Time =     0.02 sec
passed=True returncode=0 runtime_sec=0.216269

===== tc_public_10 =====
======== ABC command line "cec "data/tc_public_portname_r7b_stress/tc_public_10/input.blif" "results_candidate/r8_order_choosebest_singlecase_portname/public30/tc_public_10/output.blif""
Cannot open file "abc.rc".
Cannot open file "..\abc.rc".
Cannot open file "..\..\abc.rc".
Networks are equivalent.  Time =     0.02 sec
passed=True returncode=0 runtime_sec=0.127890

===== tc_public_11 =====
======== ABC command line "cec "data/tc_public_portname_r7b_stress/tc_public_11/input.blif" "results_candidate/r8_order_choosebest_singlecase_portname/public30/tc_public_11/output.blif""
Cannot open file "abc.rc".
Cannot open file "..\abc.rc".
Cannot open file "..\..\abc.rc".
Networks are equivalent.  Time =     0.04 sec
passed=True returncode=0 runtime_sec=0.147935

===== tc_public_12 =====
======== ABC command line "cec "data/tc_public_portname_r7b_stress/tc_public_12/input.blif" "results_candidate/r8_order_choosebest_singlecase_portname/public30/tc_public_12/output.blif""
Cannot open file "abc.rc".
Cannot open file "..\abc.rc".
Cannot open file "..\..\abc.rc".
Networks are equivalent.  Time =     0.06 sec
passed=True returncode=0 runtime_sec=0.188198

===== tc_public_13 =====
======== ABC command line "cec "data/tc_public_portname_r7b_stress/tc_public_13/input.blif" "results_candidate/r8_order_choosebest_singlecase_portname/public30/tc_public_13/output.blif""
Cannot open file "abc.rc".
Cannot open file "..\abc.rc".
Cannot open file "..\..\abc.rc".
Networks are equivalent.  Time =     0.31 sec
passed=True returncode=0 runtime_sec=0.502104

===== tc_public_14 =====
======== ABC command line "cec "data/tc_public_portname_r7b_stress/tc_public_14/input.blif" "results_candidate/r8_order_choosebest_singlecase_portname/public30/tc_public_14/output.blif""
Cannot open file "abc.rc".
Cannot open file "..\abc.rc".
Cannot open file "..\..\abc.rc".
Networks are equivalent.  Time =     0.17 sec
passed=True returncode=0 runtime_sec=0.299880

===== tc_public_15 =====
======== ABC command line "cec "data/tc_public_portname_r7b_stress/tc_public_15/input.blif" "results_candidate/r8_order_choosebest_singlecase_portname/public30/tc_public_15/output.blif""
Cannot open file "abc.rc".
Cannot open file "..\abc.rc".
Cannot open file "..\..\abc.rc".
Networks are equivalent.  Time =     0.09 sec
passed=True returncode=0 runtime_sec=0.197874

===== tc_public_16 =====
======== ABC command line "cec "data/tc_public_portname_r7b_stress/tc_public_16/input.blif" "results_candidate/r8_order_choosebest_singlecase_portname/public30/tc_public_16/output.blif""
Cannot open file "abc.rc".
Cannot open file "..\abc.rc".
Cannot open file "..\..\abc.rc".
Networks are equivalent.  Time =     0.01 sec
passed=True returncode=0 runtime_sec=0.110299

===== tc_public_17 =====
======== ABC command line "cec "data/tc_public_portname_r7b_stress/tc_public_17/input.blif" "results_candidate/r8_order_choosebest_singlecase_portname/public30/tc_public_17/output.blif""
Cannot open file "abc.rc".
Cannot open file "..\abc.rc".
Cannot open file "..\..\abc.rc".
Networks are equivalent.  Time =     0.02 sec
passed=True returncode=0 runtime_sec=0.123675

===== tc_public_18 =====
======== ABC command line "cec "data/tc_public_portname_r7b_stress/tc_public_18/input.blif" "results_candidate/r8_order_choosebest_singlecase_portname/public30/tc_public_18/output.blif""
Cannot open file "abc.rc".
Cannot open file "..\abc.rc".
Cannot open file "..\..\abc.rc".
Networks are equivalent.  Time =     0.24 sec
passed=True returncode=0 runtime_sec=0.334200

===== tc_public_19 =====
======== ABC command line "cec "data/tc_public_portname_r7b_stress/tc_public_19/input.blif" "results_candidate/r8_order_choosebest_singlecase_portname/public30/tc_public_19/output.blif""
Cannot open file "abc.rc".
Cannot open file "..\abc.rc".
Cannot open file "..\..\abc.rc".
Networks are equivalent.  Time =     2.02 sec
passed=True returncode=0 runtime_sec=2.180111

===== tc_public_2 =====
======== ABC command line "cec "data/tc_public_portname_r7b_stress/tc_public_2/input.blif" "results_candidate/r8_order_choosebest_singlecase_portname/public30/tc_public_2/output.blif""
Cannot open file "abc.rc".
Cannot open file "..\abc.rc".
Cannot open file "..\..\abc.rc".
Networks are equivalent.  Time =     0.01 sec
passed=True returncode=0 runtime_sec=0.189473

===== tc_public_20 =====
======== ABC command line "cec "data/tc_public_portname_r7b_stress/tc_public_20/input.blif" "results_candidate/r8_order_choosebest_singlecase_portname/public30/tc_public_20/output.blif""
Cannot open file "abc.rc".
Cannot open file "..\abc.rc".
Cannot open file "..\..\abc.rc".
Networks are equivalent.  Time =     2.12 sec
passed=True returncode=0 runtime_sec=2.321180

===== tc_public_21 =====
======== ABC command line "cec "data/tc_public_portname_r7b_stress/tc_public_21/input.blif" "results_candidate/r8_order_choosebest_singlecase_portname/public30/tc_public_21/output.blif""
Cannot open file "abc.rc".
Cannot open file "..\abc.rc".
Cannot open file "..\..\abc.rc".
Networks are equivalent.  Time =     1.98 sec
passed=True returncode=0 runtime_sec=2.147046

===== tc_public_22 =====
======== ABC command line "cec "data/tc_public_portname_r7b_stress/tc_public_22/input.blif" "results_candidate/r8_order_choosebest_singlecase_portname/public30/tc_public_22/output.blif""
Cannot open file "abc.rc".
Cannot open file "..\abc.rc".
Cannot open file "..\..\abc.rc".
Networks are equivalent.  Time =     4.08 sec
passed=True returncode=0 runtime_sec=4.311295

===== tc_public_23 =====
======== ABC command line "cec "data/tc_public_portname_r7b_stress/tc_public_23/input.blif" "results_candidate/r8_order_choosebest_singlecase_portname/public30/tc_public_23/output.blif""
Cannot open file "abc.rc".
Cannot open file "..\abc.rc".
Cannot open file "..\..\abc.rc".
Networks are equivalent.  Time =     0.02 sec
passed=True returncode=0 runtime_sec=0.156911

===== tc_public_24 =====
======== ABC command line "cec "data/tc_public_portname_r7b_stress/tc_public_24/input.blif" "results_candidate/r8_order_choosebest_singlecase_portname/public30/tc_public_24/output.blif""
Cannot open file "abc.rc".
Cannot open file "..\abc.rc".
Cannot open file "..\..\abc.rc".
Networks are equivalent.  Time =     0.02 sec
passed=True returncode=0 runtime_sec=0.123088

===== tc_public_25 =====
======== ABC command line "cec "data/tc_public_portname_r7b_stress/tc_public_25/input.blif" "results_candidate/r8_order_choosebest_singlecase_portname/public30/tc_public_25/output.blif""
Cannot open file "abc.rc".
Cannot open file "..\abc.rc".
Cannot open file "..\..\abc.rc".
Networks are equivalent.  Time =     0.01 sec
passed=True returncode=0 runtime_sec=0.125451

===== tc_public_26 =====
======== ABC command line "cec "data/tc_public_portname_r7b_stress/tc_public_26/input.blif" "results_candidate/r8_order_choosebest_singlecase_portname/public30/tc_public_26/output.blif""
Cannot open file "abc.rc".
Cannot open file "..\abc.rc".
Cannot open file "..\..\abc.rc".
Networks are equivalent.  Time =     0.11 sec
passed=True returncode=0 runtime_sec=0.214087

===== tc_public_27 =====
======== ABC command line "cec "data/tc_public_portname_r7b_stress/tc_public_27/input.blif" "results_candidate/r8_order_choosebest_singlecase_portname/public30/tc_public_27/output.blif""
Cannot open file "abc.rc".
Cannot open file "..\abc.rc".
Cannot open file "..\..\abc.rc".
Networks are equivalent.  Time =     0.03 sec
passed=True returncode=0 runtime_sec=0.141112

===== tc_public_28 =====
======== ABC command line "cec "data/tc_public_portname_r7b_stress/tc_public_28/input.blif" "results_candidate/r8_order_choosebest_singlecase_portname/public30/tc_public_28/output.blif""
Cannot open file "abc.rc".
Cannot open file "..\abc.rc".
Cannot open file "..\..\abc.rc".
Networks are equivalent.  Time =     0.04 sec
passed=True returncode=0 runtime_sec=0.142629

===== tc_public_29 =====
======== ABC command line "cec "data/tc_public_portname_r7b_stress/tc_public_29/input.blif" "results_candidate/r8_order_choosebest_singlecase_portname/public30/tc_public_29/output.blif""
Cannot open file "abc.rc".
Cannot open file "..\abc.rc".
Cannot open file "..\..\abc.rc".
Networks are equivalent.  Time =     0.02 sec
passed=True returncode=0 runtime_sec=0.124219

===== tc_public_3 =====
======== ABC command line "cec "data/tc_public_portname_r7b_stress/tc_public_3/input.blif" "results_candidate/r8_order_choosebest_singlecase_portname/public30/tc_public_3/output.blif""
Cannot open file "abc.rc".
Cannot open file "..\abc.rc".
Cannot open file "..\..\abc.rc".
Networks are equivalent.  Time =     0.02 sec
passed=True returncode=0 runtime_sec=0.177997

===== tc_public_30 =====
======== ABC command line "cec "data/tc_public_portname_r7b_stress/tc_public_30/input.blif" "results_candidate/r8_order_choosebest_singlecase_portname/public30/tc_public_30/output.blif""
Cannot open file "abc.rc".
Cannot open file "..\abc.rc".
Cannot open file "..\..\abc.rc".
Networks are equivalent.  Time =     4.76 sec
passed=True returncode=0 runtime_sec=4.913109

===== tc_public_4 =====
======== ABC command line "cec "data/tc_public_portname_r7b_stress/tc_public_4/input.blif" "results_candidate/r8_order_choosebest_singlecase_portname/public30/tc_public_4/output.blif""
Cannot open file "abc.rc".
Cannot open file "..\abc.rc".
Cannot open file "..\..\abc.rc".
Networks are equivalent.  Time =     0.02 sec
passed=True returncode=0 runtime_sec=0.200195

===== tc_public_5 =====
======== ABC command line "cec "data/tc_public_portname_r7b_stress/tc_public_5/input.blif" "results_candidate/r8_order_choosebest_singlecase_portname/public30/tc_public_5/output.blif""
Cannot open file "abc.rc".
Cannot open file "..\abc.rc".
Cannot open file "..\..\abc.rc".
Networks are equivalent.  Time =     0.01 sec
passed=True returncode=0 runtime_sec=0.118832

===== tc_public_6 =====
======== ABC command line "cec "data/tc_public_portname_r7b_stress/tc_public_6/input.blif" "results_candidate/r8_order_choosebest_singlecase_portname/public30/tc_public_6/output.blif""
Cannot open file "abc.rc".
Cannot open file "..\abc.rc".
Cannot open file "..\..\abc.rc".
Networks are equivalent.  Time =     0.01 sec
passed=True returncode=0 runtime_sec=0.183368

===== tc_public_7 =====
======== ABC command line "cec "data/tc_public_portname_r7b_stress/tc_public_7/input.blif" "results_candidate/r8_order_choosebest_singlecase_portname/public30/tc_public_7/output.blif""
Cannot open file "abc.rc".
Cannot open file "..\abc.rc".
Cannot open file "..\..\abc.rc".
Networks are equivalent after structural hashing.  Time =     0.00 sec
passed=True returncode=0 runtime_sec=0.180626

===== tc_public_8 =====
======== ABC command line "cec "data/tc_public_portname_r7b_stress/tc_public_8/input.blif" "results_candidate/r8_order_choosebest_singlecase_portname/public30/tc_public_8/output.blif""
Cannot open file "abc.rc".
Cannot open file "..\abc.rc".
Cannot open file "..\..\abc.rc".
Networks are equivalent.  Time =     0.02 sec
passed=True returncode=0 runtime_sec=0.199117

===== tc_public_9 =====
======== ABC command line "cec "data/tc_public_portname_r7b_stress/tc_public_9/input.blif" "results_candidate/r8_order_choosebest_singlecase_portname/public30/tc_public_9/output.blif""
Cannot open file "abc.rc".
Cannot open file "..\abc.rc".
Cannot open file "..\..\abc.rc".
Networks are equivalent.  Time =     0.01 sec
passed=True returncode=0 runtime_sec=0.194074
