===== tc_public_1 =====
======== ABC command line "cec "data/tc_public/tc_public_1/input.blif" "results_candidate/r8_order_choosebest/public30/tc_public_1/output.blif""
Cannot open file "abc.rc".
Cannot open file "..\abc.rc".
Cannot open file "..\..\abc.rc".
Networks are equivalent.  Time =     0.03 sec
passed=True returncode=0 runtime_sec=0.324309

===== tc_public_10 =====
======== ABC command line "cec "data/tc_public/tc_public_10/input.blif" "results_candidate/r8_order_choosebest/public30/tc_public_10/output.blif""
Cannot open file "abc.rc".
Cannot open file "..\abc.rc".
Cannot open file "..\..\abc.rc".
Networks are equivalent.  Time =     0.03 sec
passed=True returncode=0 runtime_sec=0.178893

===== tc_public_11 =====
======== ABC command line "cec "data/tc_public/tc_public_11/input.blif" "results_candidate/r8_order_choosebest/public30/tc_public_11/output.blif""
Cannot open file "abc.rc".
Cannot open file "..\abc.rc".
Cannot open file "..\..\abc.rc".
Networks are equivalent.  Time =     0.04 sec
passed=True returncode=0 runtime_sec=0.204438

===== tc_public_12 =====
======== ABC command line "cec "data/tc_public/tc_public_12/input.blif" "results_candidate/r8_order_choosebest/public30/tc_public_12/output.blif""
Cannot open file "abc.rc".
Cannot open file "..\abc.rc".
Cannot open file "..\..\abc.rc".
Networks are equivalent.  Time =     0.07 sec
passed=True returncode=0 runtime_sec=0.215457

===== tc_public_13 =====
======== ABC command line "cec "data/tc_public/tc_public_13/input.blif" "results_candidate/r8_order_choosebest/public30/tc_public_13/output.blif""
Cannot open file "abc.rc".
Cannot open file "..\abc.rc".
Cannot open file "..\..\abc.rc".
Networks are equivalent.  Time =     0.33 sec
passed=True returncode=0 runtime_sec=0.593162

===== tc_public_14 =====
======== ABC command line "cec "data/tc_public/tc_public_14/input.blif" "results_candidate/r8_order_choosebest/public30/tc_public_14/output.blif""
Cannot open file "abc.rc".
Cannot open file "..\abc.rc".
Cannot open file "..\..\abc.rc".
Networks are equivalent.  Time =     0.22 sec
passed=True returncode=0 runtime_sec=0.374628

===== tc_public_15 =====
======== ABC command line "cec "data/tc_public/tc_public_15/input.blif" "results_candidate/r8_order_choosebest/public30/tc_public_15/output.blif""
Cannot open file "abc.rc".
Cannot open file "..\abc.rc".
Cannot open file "..\..\abc.rc".
Networks are equivalent.  Time =     0.13 sec
passed=True returncode=0 runtime_sec=0.265875

===== tc_public_16 =====
======== ABC command line "cec "data/tc_public/tc_public_16/input.blif" "results_candidate/r8_order_choosebest/public30/tc_public_16/output.blif""
Cannot open file "abc.rc".
Cannot open file "..\abc.rc".
Cannot open file "..\..\abc.rc".
Networks are equivalent.  Time =     0.01 sec
passed=True returncode=0 runtime_sec=0.141505

===== tc_public_17 =====
======== ABC command line "cec "data/tc_public/tc_public_17/input.blif" "results_candidate/r8_order_choosebest/public30/tc_public_17/output.blif""
Cannot open file "abc.rc".
Cannot open file "..\abc.rc".
Cannot open file "..\..\abc.rc".
Networks are equivalent.  Time =     0.02 sec
passed=True returncode=0 runtime_sec=0.121456

===== tc_public_18 =====
======== ABC command line "cec "data/tc_public/tc_public_18/input.blif" "results_candidate/r8_order_choosebest/public30/tc_public_18/output.blif""
Cannot open file "abc.rc".
Cannot open file "..\abc.rc".
Cannot open file "..\..\abc.rc".
Networks are equivalent.  Time =     0.06 sec
passed=True returncode=0 runtime_sec=0.224749

===== tc_public_19 =====
======== ABC command line "cec "data/tc_public/tc_public_19/input.blif" "results_candidate/r8_order_choosebest/public30/tc_public_19/output.blif""
Cannot open file "abc.rc".
Cannot open file "..\abc.rc".
Cannot open file "..\..\abc.rc".
Networks are equivalent.  Time =     2.24 sec
passed=True returncode=0 runtime_sec=2.460748

===== tc_public_2 =====
======== ABC command line "cec "data/tc_public/tc_public_2/input.blif" "results_candidate/r8_order_choosebest/public30/tc_public_2/output.blif""
Cannot open file "abc.rc".
Cannot open file "..\abc.rc".
Cannot open file "..\..\abc.rc".
Networks are equivalent.  Time =     0.02 sec
passed=True returncode=0 runtime_sec=0.293395

===== tc_public_20 =====
======== ABC command line "cec "data/tc_public/tc_public_20/input.blif" "results_candidate/r8_order_choosebest/public30/tc_public_20/output.blif""
Cannot open file "abc.rc".
Cannot open file "..\abc.rc".
Cannot open file "..\..\abc.rc".
Networks are equivalent.  Time =     2.85 sec
passed=True returncode=0 runtime_sec=3.059000

===== tc_public_21 =====
======== ABC command line "cec "data/tc_public/tc_public_21/input.blif" "results_candidate/r8_order_choosebest/public30/tc_public_21/output.blif""
Cannot open file "abc.rc".
Cannot open file "..\abc.rc".
Cannot open file "..\..\abc.rc".
Networks are equivalent.  Time =     2.29 sec
passed=True returncode=0 runtime_sec=2.454179

===== tc_public_22 =====
======== ABC command line "cec "data/tc_public/tc_public_22/input.blif" "results_candidate/r8_order_choosebest/public30/tc_public_22/output.blif""
Cannot open file "abc.rc".
Cannot open file "..\abc.rc".
Cannot open file "..\..\abc.rc".
Networks are equivalent.  Time =     4.54 sec
passed=True returncode=0 runtime_sec=4.806639

===== tc_public_23 =====
======== ABC command line "cec "data/tc_public/tc_public_23/input.blif" "results_candidate/r8_order_choosebest/public30/tc_public_23/output.blif""
Cannot open file "abc.rc".
Cannot open file "..\abc.rc".
Cannot open file "..\..\abc.rc".
Networks are equivalent.  Time =     0.02 sec
passed=True returncode=0 runtime_sec=0.153734

===== tc_public_24 =====
======== ABC command line "cec "data/tc_public/tc_public_24/input.blif" "results_candidate/r8_order_choosebest/public30/tc_public_24/output.blif""
Cannot open file "abc.rc".
Cannot open file "..\abc.rc".
Cannot open file "..\..\abc.rc".
Networks are equivalent.  Time =     0.02 sec
passed=True returncode=0 runtime_sec=0.123664

===== tc_public_25 =====
======== ABC command line "cec "data/tc_public/tc_public_25/input.blif" "results_candidate/r8_order_choosebest/public30/tc_public_25/output.blif""
Cannot open file "abc.rc".
Cannot open file "..\abc.rc".
Cannot open file "..\..\abc.rc".
Networks are equivalent.  Time =     0.01 sec
passed=True returncode=0 runtime_sec=0.121947

===== tc_public_26 =====
======== ABC command line "cec "data/tc_public/tc_public_26/input.blif" "results_candidate/r8_order_choosebest/public30/tc_public_26/output.blif""
Cannot open file "abc.rc".
Cannot open file "..\abc.rc".
Cannot open file "..\..\abc.rc".
Networks are equivalent.  Time =     0.08 sec
passed=True returncode=0 runtime_sec=0.193498

===== tc_public_27 =====
======== ABC command line "cec "data/tc_public/tc_public_27/input.blif" "results_candidate/r8_order_choosebest/public30/tc_public_27/output.blif""
Cannot open file "abc.rc".
Cannot open file "..\abc.rc".
Cannot open file "..\..\abc.rc".
Networks are equivalent.  Time =     0.02 sec
passed=True returncode=0 runtime_sec=0.144823

===== tc_public_28 =====
======== ABC command line "cec "data/tc_public/tc_public_28/input.blif" "results_candidate/r8_order_choosebest/public30/tc_public_28/output.blif""
Cannot open file "abc.rc".
Cannot open file "..\abc.rc".
Cannot open file "..\..\abc.rc".
Networks are equivalent.  Time =     0.03 sec
passed=True returncode=0 runtime_sec=0.144002

===== tc_public_29 =====
======== ABC command line "cec "data/tc_public/tc_public_29/input.blif" "results_candidate/r8_order_choosebest/public30/tc_public_29/output.blif""
Cannot open file "abc.rc".
Cannot open file "..\abc.rc".
Cannot open file "..\..\abc.rc".
Networks are equivalent.  Time =     0.02 sec
passed=True returncode=0 runtime_sec=0.126552

===== tc_public_3 =====
======== ABC command line "cec "data/tc_public/tc_public_3/input.blif" "results_candidate/r8_order_choosebest/public30/tc_public_3/output.blif""
Cannot open file "abc.rc".
Cannot open file "..\abc.rc".
Cannot open file "..\..\abc.rc".
Networks are equivalent.  Time =     0.02 sec
passed=True returncode=0 runtime_sec=0.247433

===== tc_public_30 =====
======== ABC command line "cec "data/tc_public/tc_public_30/input.blif" "results_candidate/r8_order_choosebest/public30/tc_public_30/output.blif""
Cannot open file "abc.rc".
Cannot open file "..\abc.rc".
Cannot open file "..\..\abc.rc".
Networks are equivalent.  Time =     5.18 sec
passed=True returncode=0 runtime_sec=5.466169

===== tc_public_4 =====
======== ABC command line "cec "data/tc_public/tc_public_4/input.blif" "results_candidate/r8_order_choosebest/public30/tc_public_4/output.blif""
Cannot open file "abc.rc".
Cannot open file "..\abc.rc".
Cannot open file "..\..\abc.rc".
Networks are equivalent.  Time =     0.01 sec
passed=True returncode=0 runtime_sec=0.189970

===== tc_public_5 =====
======== ABC command line "cec "data/tc_public/tc_public_5/input.blif" "results_candidate/r8_order_choosebest/public30/tc_public_5/output.blif""
Cannot open file "abc.rc".
Cannot open file "..\abc.rc".
Cannot open file "..\..\abc.rc".
Networks are equivalent.  Time =     0.01 sec
passed=True returncode=0 runtime_sec=0.120188

===== tc_public_6 =====
======== ABC command line "cec "data/tc_public/tc_public_6/input.blif" "results_candidate/r8_order_choosebest/public30/tc_public_6/output.blif""
Cannot open file "abc.rc".
Cannot open file "..\abc.rc".
Cannot open file "..\..\abc.rc".
Networks are equivalent.  Time =     0.01 sec
passed=True returncode=0 runtime_sec=0.174487

===== tc_public_7 =====
======== ABC command line "cec "data/tc_public/tc_public_7/input.blif" "results_candidate/r8_order_choosebest/public30/tc_public_7/output.blif""
Cannot open file "abc.rc".
Cannot open file "..\abc.rc".
Cannot open file "..\..\abc.rc".
Networks are equivalent after structural hashing.  Time =     0.00 sec
passed=True returncode=0 runtime_sec=0.172297

===== tc_public_8 =====
======== ABC command line "cec "data/tc_public/tc_public_8/input.blif" "results_candidate/r8_order_choosebest/public30/tc_public_8/output.blif""
Cannot open file "abc.rc".
Cannot open file "..\abc.rc".
Cannot open file "..\..\abc.rc".
Networks are equivalent.  Time =     0.01 sec
passed=True returncode=0 runtime_sec=0.212281

===== tc_public_9 =====
======== ABC command line "cec "data/tc_public/tc_public_9/input.blif" "results_candidate/r8_order_choosebest/public30/tc_public_9/output.blif""
Cannot open file "abc.rc".
Cannot open file "..\abc.rc".
Cannot open file "..\..\abc.rc".
Networks are equivalent.  Time =     0.01 sec
passed=True returncode=0 runtime_sec=0.193058
