===== tc_public_1 =====
======== ABC command line "cec "data/tc_public/tc_public_1/input.blif" "results_candidate/r8_order_choosebest_singlecase/public30/tc_public_1/output.blif""
Cannot open file "abc.rc".
Cannot open file "..\abc.rc".
Cannot open file "..\..\abc.rc".
Networks are equivalent.  Time =     0.02 sec
passed=True returncode=0 runtime_sec=0.192647

===== tc_public_10 =====
======== ABC command line "cec "data/tc_public/tc_public_10/input.blif" "results_candidate/r8_order_choosebest_singlecase/public30/tc_public_10/output.blif""
Cannot open file "abc.rc".
Cannot open file "..\abc.rc".
Cannot open file "..\..\abc.rc".
Networks are equivalent.  Time =     0.02 sec
passed=True returncode=0 runtime_sec=0.121660

===== tc_public_11 =====
======== ABC command line "cec "data/tc_public/tc_public_11/input.blif" "results_candidate/r8_order_choosebest_singlecase/public30/tc_public_11/output.blif""
Cannot open file "abc.rc".
Cannot open file "..\abc.rc".
Cannot open file "..\..\abc.rc".
Networks are equivalent.  Time =     0.04 sec
passed=True returncode=0 runtime_sec=0.143287

===== tc_public_12 =====
======== ABC command line "cec "data/tc_public/tc_public_12/input.blif" "results_candidate/r8_order_choosebest_singlecase/public30/tc_public_12/output.blif""
Cannot open file "abc.rc".
Cannot open file "..\abc.rc".
Cannot open file "..\..\abc.rc".
Networks are equivalent.  Time =     0.06 sec
passed=True returncode=0 runtime_sec=0.174947

===== tc_public_13 =====
======== ABC command line "cec "data/tc_public/tc_public_13/input.blif" "results_candidate/r8_order_choosebest_singlecase/public30/tc_public_13/output.blif""
Cannot open file "abc.rc".
Cannot open file "..\abc.rc".
Cannot open file "..\..\abc.rc".
Networks are equivalent.  Time =     0.29 sec
passed=True returncode=0 runtime_sec=0.468128

===== tc_public_14 =====
======== ABC command line "cec "data/tc_public/tc_public_14/input.blif" "results_candidate/r8_order_choosebest_singlecase/public30/tc_public_14/output.blif""
Cannot open file "abc.rc".
Cannot open file "..\abc.rc".
Cannot open file "..\..\abc.rc".
Networks are equivalent.  Time =     0.17 sec
passed=True returncode=0 runtime_sec=0.309554

===== tc_public_15 =====
======== ABC command line "cec "data/tc_public/tc_public_15/input.blif" "results_candidate/r8_order_choosebest_singlecase/public30/tc_public_15/output.blif""
Cannot open file "abc.rc".
Cannot open file "..\abc.rc".
Cannot open file "..\..\abc.rc".
Networks are equivalent.  Time =     0.08 sec
passed=True returncode=0 runtime_sec=0.189337

===== tc_public_16 =====
======== ABC command line "cec "data/tc_public/tc_public_16/input.blif" "results_candidate/r8_order_choosebest_singlecase/public30/tc_public_16/output.blif""
Cannot open file "abc.rc".
Cannot open file "..\abc.rc".
Cannot open file "..\..\abc.rc".
Networks are equivalent.  Time =     0.01 sec
passed=True returncode=0 runtime_sec=0.118539

===== tc_public_17 =====
======== ABC command line "cec "data/tc_public/tc_public_17/input.blif" "results_candidate/r8_order_choosebest_singlecase/public30/tc_public_17/output.blif""
Cannot open file "abc.rc".
Cannot open file "..\abc.rc".
Cannot open file "..\..\abc.rc".
Networks are equivalent.  Time =     0.01 sec
passed=True returncode=0 runtime_sec=0.121399

===== tc_public_18 =====
======== ABC command line "cec "data/tc_public/tc_public_18/input.blif" "results_candidate/r8_order_choosebest_singlecase/public30/tc_public_18/output.blif""
Cannot open file "abc.rc".
Cannot open file "..\abc.rc".
Cannot open file "..\..\abc.rc".
Networks are equivalent.  Time =     0.24 sec
passed=True returncode=0 runtime_sec=0.336247

===== tc_public_19 =====
======== ABC command line "cec "data/tc_public/tc_public_19/input.blif" "results_candidate/r8_order_choosebest_singlecase/public30/tc_public_19/output.blif""
Cannot open file "abc.rc".
Cannot open file "..\abc.rc".
Cannot open file "..\..\abc.rc".
Networks are equivalent.  Time =     1.90 sec
passed=True returncode=0 runtime_sec=2.059533

===== tc_public_2 =====
======== ABC command line "cec "data/tc_public/tc_public_2/input.blif" "results_candidate/r8_order_choosebest_singlecase/public30/tc_public_2/output.blif""
Cannot open file "abc.rc".
Cannot open file "..\abc.rc".
Cannot open file "..\..\abc.rc".
Networks are equivalent.  Time =     0.01 sec
passed=True returncode=0 runtime_sec=0.207542

===== tc_public_20 =====
======== ABC command line "cec "data/tc_public/tc_public_20/input.blif" "results_candidate/r8_order_choosebest_singlecase/public30/tc_public_20/output.blif""
Cannot open file "abc.rc".
Cannot open file "..\abc.rc".
Cannot open file "..\..\abc.rc".
Networks are equivalent.  Time =     2.13 sec
passed=True returncode=0 runtime_sec=2.282340

===== tc_public_21 =====
======== ABC command line "cec "data/tc_public/tc_public_21/input.blif" "results_candidate/r8_order_choosebest_singlecase/public30/tc_public_21/output.blif""
Cannot open file "abc.rc".
Cannot open file "..\abc.rc".
Cannot open file "..\..\abc.rc".
Networks are equivalent.  Time =     2.10 sec
passed=True returncode=0 runtime_sec=2.267172

===== tc_public_22 =====
======== ABC command line "cec "data/tc_public/tc_public_22/input.blif" "results_candidate/r8_order_choosebest_singlecase/public30/tc_public_22/output.blif""
Cannot open file "abc.rc".
Cannot open file "..\abc.rc".
Cannot open file "..\..\abc.rc".
Networks are equivalent.  Time =     4.20 sec
passed=True returncode=0 runtime_sec=4.420930

===== tc_public_23 =====
======== ABC command line "cec "data/tc_public/tc_public_23/input.blif" "results_candidate/r8_order_choosebest_singlecase/public30/tc_public_23/output.blif""
Cannot open file "abc.rc".
Cannot open file "..\abc.rc".
Cannot open file "..\..\abc.rc".
Networks are equivalent.  Time =     0.03 sec
passed=True returncode=0 runtime_sec=0.132818

===== tc_public_24 =====
======== ABC command line "cec "data/tc_public/tc_public_24/input.blif" "results_candidate/r8_order_choosebest_singlecase/public30/tc_public_24/output.blif""
Cannot open file "abc.rc".
Cannot open file "..\abc.rc".
Cannot open file "..\..\abc.rc".
Networks are equivalent.  Time =     0.02 sec
passed=True returncode=0 runtime_sec=0.116045

===== tc_public_25 =====
======== ABC command line "cec "data/tc_public/tc_public_25/input.blif" "results_candidate/r8_order_choosebest_singlecase/public30/tc_public_25/output.blif""
Cannot open file "abc.rc".
Cannot open file "..\abc.rc".
Cannot open file "..\..\abc.rc".
Networks are equivalent.  Time =     0.01 sec
passed=True returncode=0 runtime_sec=0.114905

===== tc_public_26 =====
======== ABC command line "cec "data/tc_public/tc_public_26/input.blif" "results_candidate/r8_order_choosebest_singlecase/public30/tc_public_26/output.blif""
Cannot open file "abc.rc".
Cannot open file "..\abc.rc".
Cannot open file "..\..\abc.rc".
Networks are equivalent.  Time =     0.07 sec
passed=True returncode=0 runtime_sec=0.189343

===== tc_public_27 =====
======== ABC command line "cec "data/tc_public/tc_public_27/input.blif" "results_candidate/r8_order_choosebest_singlecase/public30/tc_public_27/output.blif""
Cannot open file "abc.rc".
Cannot open file "..\abc.rc".
Cannot open file "..\..\abc.rc".
Networks are equivalent.  Time =     0.02 sec
passed=True returncode=0 runtime_sec=0.131887

===== tc_public_28 =====
======== ABC command line "cec "data/tc_public/tc_public_28/input.blif" "results_candidate/r8_order_choosebest_singlecase/public30/tc_public_28/output.blif""
Cannot open file "abc.rc".
Cannot open file "..\abc.rc".
Cannot open file "..\..\abc.rc".
Networks are equivalent.  Time =     0.03 sec
passed=True returncode=0 runtime_sec=0.132771

===== tc_public_29 =====
======== ABC command line "cec "data/tc_public/tc_public_29/input.blif" "results_candidate/r8_order_choosebest_singlecase/public30/tc_public_29/output.blif""
Cannot open file "abc.rc".
Cannot open file "..\abc.rc".
Cannot open file "..\..\abc.rc".
Networks are equivalent.  Time =     0.01 sec
passed=True returncode=0 runtime_sec=0.140442

===== tc_public_3 =====
======== ABC command line "cec "data/tc_public/tc_public_3/input.blif" "results_candidate/r8_order_choosebest_singlecase/public30/tc_public_3/output.blif""
Cannot open file "abc.rc".
Cannot open file "..\abc.rc".
Cannot open file "..\..\abc.rc".
Networks are equivalent.  Time =     0.01 sec
passed=True returncode=0 runtime_sec=0.193977

===== tc_public_30 =====
======== ABC command line "cec "data/tc_public/tc_public_30/input.blif" "results_candidate/r8_order_choosebest_singlecase/public30/tc_public_30/output.blif""
Cannot open file "abc.rc".
Cannot open file "..\abc.rc".
Cannot open file "..\..\abc.rc".
Networks are equivalent.  Time =     4.14 sec
passed=True returncode=0 runtime_sec=4.313012

===== tc_public_4 =====
======== ABC command line "cec "data/tc_public/tc_public_4/input.blif" "results_candidate/r8_order_choosebest_singlecase/public30/tc_public_4/output.blif""
Cannot open file "abc.rc".
Cannot open file "..\abc.rc".
Cannot open file "..\..\abc.rc".
Networks are equivalent.  Time =     0.01 sec
passed=True returncode=0 runtime_sec=0.173752

===== tc_public_5 =====
======== ABC command line "cec "data/tc_public/tc_public_5/input.blif" "results_candidate/r8_order_choosebest_singlecase/public30/tc_public_5/output.blif""
Cannot open file "abc.rc".
Cannot open file "..\abc.rc".
Cannot open file "..\..\abc.rc".
Networks are equivalent.  Time =     0.01 sec
passed=True returncode=0 runtime_sec=0.120924

===== tc_public_6 =====
======== ABC command line "cec "data/tc_public/tc_public_6/input.blif" "results_candidate/r8_order_choosebest_singlecase/public30/tc_public_6/output.blif""
Cannot open file "abc.rc".
Cannot open file "..\abc.rc".
Cannot open file "..\..\abc.rc".
Networks are equivalent.  Time =     0.01 sec
passed=True returncode=0 runtime_sec=0.191191

===== tc_public_7 =====
======== ABC command line "cec "data/tc_public/tc_public_7/input.blif" "results_candidate/r8_order_choosebest_singlecase/public30/tc_public_7/output.blif""
Cannot open file "abc.rc".
Cannot open file "..\abc.rc".
Cannot open file "..\..\abc.rc".
Networks are equivalent after structural hashing.  Time =     0.00 sec
passed=True returncode=0 runtime_sec=0.165382

===== tc_public_8 =====
======== ABC command line "cec "data/tc_public/tc_public_8/input.blif" "results_candidate/r8_order_choosebest_singlecase/public30/tc_public_8/output.blif""
Cannot open file "abc.rc".
Cannot open file "..\abc.rc".
Cannot open file "..\..\abc.rc".
Networks are equivalent.  Time =     0.01 sec
passed=True returncode=0 runtime_sec=0.182477

===== tc_public_9 =====
======== ABC command line "cec "data/tc_public/tc_public_9/input.blif" "results_candidate/r8_order_choosebest_singlecase/public30/tc_public_9/output.blif""
Cannot open file "abc.rc".
Cannot open file "..\abc.rc".
Cannot open file "..\..\abc.rc".
Networks are equivalent.  Time =     0.01 sec
passed=True returncode=0 runtime_sec=0.189318
