===== tc_public_1 =====
======== ABC command line "cec "local_data/tc_public/tc_public_1/input.blif" "results_candidate/r8_packaging_scratch_dry_run_20260622/submit_like/results/final_public/tc_public_1/output.blif""
Cannot open file "abc.rc".
Cannot open file "..\abc.rc".
Cannot open file "..\..\abc.rc".
Networks are equivalent.  Time =     0.02 sec
passed=True returncode=0 runtime_sec=0.498352

===== tc_public_10 =====
======== ABC command line "cec "local_data/tc_public/tc_public_10/input.blif" "results_candidate/r8_packaging_scratch_dry_run_20260622/submit_like/results/final_public/tc_public_10/output.blif""
Cannot open file "abc.rc".
Cannot open file "..\abc.rc".
Cannot open file "..\..\abc.rc".
Networks are equivalent.  Time =     0.02 sec
passed=True returncode=0 runtime_sec=0.156766

===== tc_public_11 =====
======== ABC command line "cec "local_data/tc_public/tc_public_11/input.blif" "results_candidate/r8_packaging_scratch_dry_run_20260622/submit_like/results/final_public/tc_public_11/output.blif""
Cannot open file "abc.rc".
Cannot open file "..\abc.rc".
Cannot open file "..\..\abc.rc".
Networks are equivalent.  Time =     0.06 sec
passed=True returncode=0 runtime_sec=0.265654

===== tc_public_12 =====
======== ABC command line "cec "local_data/tc_public/tc_public_12/input.blif" "results_candidate/r8_packaging_scratch_dry_run_20260622/submit_like/results/final_public/tc_public_12/output.blif""
Cannot open file "abc.rc".
Cannot open file "..\abc.rc".
Cannot open file "..\..\abc.rc".
Networks are equivalent.  Time =     0.07 sec
passed=True returncode=0 runtime_sec=0.250584

===== tc_public_13 =====
======== ABC command line "cec "local_data/tc_public/tc_public_13/input.blif" "results_candidate/r8_packaging_scratch_dry_run_20260622/submit_like/results/final_public/tc_public_13/output.blif""
Cannot open file "abc.rc".
Cannot open file "..\abc.rc".
Cannot open file "..\..\abc.rc".
Networks are equivalent.  Time =     0.40 sec
passed=True returncode=0 runtime_sec=0.636263

===== tc_public_14 =====
======== ABC command line "cec "local_data/tc_public/tc_public_14/input.blif" "results_candidate/r8_packaging_scratch_dry_run_20260622/submit_like/results/final_public/tc_public_14/output.blif""
Cannot open file "abc.rc".
Cannot open file "..\abc.rc".
Cannot open file "..\..\abc.rc".
Networks are equivalent.  Time =     0.37 sec
passed=True returncode=0 runtime_sec=0.778299

===== tc_public_15 =====
======== ABC command line "cec "local_data/tc_public/tc_public_15/input.blif" "results_candidate/r8_packaging_scratch_dry_run_20260622/submit_like/results/final_public/tc_public_15/output.blif""
Cannot open file "abc.rc".
Cannot open file "..\abc.rc".
Cannot open file "..\..\abc.rc".
Networks are equivalent.  Time =     0.18 sec
passed=True returncode=0 runtime_sec=0.429128

===== tc_public_16 =====
======== ABC command line "cec "local_data/tc_public/tc_public_16/input.blif" "results_candidate/r8_packaging_scratch_dry_run_20260622/submit_like/results/final_public/tc_public_16/output.blif""
Cannot open file "abc.rc".
Cannot open file "..\abc.rc".
Cannot open file "..\..\abc.rc".
Networks are equivalent.  Time =     0.02 sec
passed=True returncode=0 runtime_sec=0.211133

===== tc_public_17 =====
======== ABC command line "cec "local_data/tc_public/tc_public_17/input.blif" "results_candidate/r8_packaging_scratch_dry_run_20260622/submit_like/results/final_public/tc_public_17/output.blif""
Cannot open file "abc.rc".
Cannot open file "..\abc.rc".
Cannot open file "..\..\abc.rc".
Networks are equivalent.  Time =     0.03 sec
passed=True returncode=0 runtime_sec=0.229153

===== tc_public_18 =====
======== ABC command line "cec "local_data/tc_public/tc_public_18/input.blif" "results_candidate/r8_packaging_scratch_dry_run_20260622/submit_like/results/final_public/tc_public_18/output.blif""
Cannot open file "abc.rc".
Cannot open file "..\abc.rc".
Cannot open file "..\..\abc.rc".
Networks are equivalent.  Time =     0.67 sec
passed=True returncode=0 runtime_sec=0.894615

===== tc_public_19 =====
======== ABC command line "cec "local_data/tc_public/tc_public_19/input.blif" "results_candidate/r8_packaging_scratch_dry_run_20260622/submit_like/results/final_public/tc_public_19/output.blif""
Cannot open file "abc.rc".
Cannot open file "..\abc.rc".
Cannot open file "..\..\abc.rc".
Networks are equivalent.  Time =     4.25 sec
passed=True returncode=0 runtime_sec=4.836832

===== tc_public_2 =====
======== ABC command line "cec "local_data/tc_public/tc_public_2/input.blif" "results_candidate/r8_packaging_scratch_dry_run_20260622/submit_like/results/final_public/tc_public_2/output.blif""
Cannot open file "abc.rc".
Cannot open file "..\abc.rc".
Cannot open file "..\..\abc.rc".
Networks are equivalent.  Time =     0.02 sec
passed=True returncode=0 runtime_sec=0.515376

===== tc_public_20 =====
======== ABC command line "cec "local_data/tc_public/tc_public_20/input.blif" "results_candidate/r8_packaging_scratch_dry_run_20260622/submit_like/results/final_public/tc_public_20/output.blif""
Cannot open file "abc.rc".
Cannot open file "..\abc.rc".
Cannot open file "..\..\abc.rc".
Networks are equivalent.  Time =     3.14 sec
passed=True returncode=0 runtime_sec=3.438572

===== tc_public_21 =====
======== ABC command line "cec "local_data/tc_public/tc_public_21/input.blif" "results_candidate/r8_packaging_scratch_dry_run_20260622/submit_like/results/final_public/tc_public_21/output.blif""
Cannot open file "abc.rc".
Cannot open file "..\abc.rc".
Cannot open file "..\..\abc.rc".
Networks are equivalent.  Time =     5.92 sec
passed=True returncode=0 runtime_sec=6.514239

===== tc_public_22 =====
======== ABC command line "cec "local_data/tc_public/tc_public_22/input.blif" "results_candidate/r8_packaging_scratch_dry_run_20260622/submit_like/results/final_public/tc_public_22/output.blif""
Cannot open file "abc.rc".
Cannot open file "..\abc.rc".
Cannot open file "..\..\abc.rc".
Networks are equivalent.  Time =     7.76 sec
passed=True returncode=0 runtime_sec=8.300248

===== tc_public_23 =====
======== ABC command line "cec "local_data/tc_public/tc_public_23/input.blif" "results_candidate/r8_packaging_scratch_dry_run_20260622/submit_like/results/final_public/tc_public_23/output.blif""
Cannot open file "abc.rc".
Cannot open file "..\abc.rc".
Cannot open file "..\..\abc.rc".
Networks are equivalent.  Time =     0.07 sec
passed=True returncode=0 runtime_sec=0.488375

===== tc_public_24 =====
======== ABC command line "cec "local_data/tc_public/tc_public_24/input.blif" "results_candidate/r8_packaging_scratch_dry_run_20260622/submit_like/results/final_public/tc_public_24/output.blif""
Cannot open file "abc.rc".
Cannot open file "..\abc.rc".
Cannot open file "..\..\abc.rc".
Networks are equivalent.  Time =     0.03 sec
passed=True returncode=0 runtime_sec=0.272591

===== tc_public_25 =====
======== ABC command line "cec "local_data/tc_public/tc_public_25/input.blif" "results_candidate/r8_packaging_scratch_dry_run_20260622/submit_like/results/final_public/tc_public_25/output.blif""
Cannot open file "abc.rc".
Cannot open file "..\abc.rc".
Cannot open file "..\..\abc.rc".
Networks are equivalent.  Time =     0.03 sec
passed=True returncode=0 runtime_sec=0.258565

===== tc_public_26 =====
======== ABC command line "cec "local_data/tc_public/tc_public_26/input.blif" "results_candidate/r8_packaging_scratch_dry_run_20260622/submit_like/results/final_public/tc_public_26/output.blif""
Cannot open file "abc.rc".
Cannot open file "..\abc.rc".
Cannot open file "..\..\abc.rc".
Networks are equivalent.  Time =     0.17 sec
passed=True returncode=0 runtime_sec=0.432190

===== tc_public_27 =====
======== ABC command line "cec "local_data/tc_public/tc_public_27/input.blif" "results_candidate/r8_packaging_scratch_dry_run_20260622/submit_like/results/final_public/tc_public_27/output.blif""
Cannot open file "abc.rc".
Cannot open file "..\abc.rc".
Cannot open file "..\..\abc.rc".
Networks are equivalent.  Time =     0.06 sec
passed=True returncode=0 runtime_sec=0.346214

===== tc_public_28 =====
======== ABC command line "cec "local_data/tc_public/tc_public_28/input.blif" "results_candidate/r8_packaging_scratch_dry_run_20260622/submit_like/results/final_public/tc_public_28/output.blif""
Cannot open file "abc.rc".
Cannot open file "..\abc.rc".
Cannot open file "..\..\abc.rc".
Networks are equivalent.  Time =     0.07 sec
passed=True returncode=0 runtime_sec=0.347233

===== tc_public_29 =====
======== ABC command line "cec "local_data/tc_public/tc_public_29/input.blif" "results_candidate/r8_packaging_scratch_dry_run_20260622/submit_like/results/final_public/tc_public_29/output.blif""
Cannot open file "abc.rc".
Cannot open file "..\abc.rc".
Cannot open file "..\..\abc.rc".
Networks are equivalent.  Time =     0.03 sec
passed=True returncode=0 runtime_sec=0.294620

===== tc_public_3 =====
======== ABC command line "cec "local_data/tc_public/tc_public_3/input.blif" "results_candidate/r8_packaging_scratch_dry_run_20260622/submit_like/results/final_public/tc_public_3/output.blif""
Cannot open file "abc.rc".
Cannot open file "..\abc.rc".
Cannot open file "..\..\abc.rc".
Networks are equivalent.  Time =     0.03 sec
passed=True returncode=0 runtime_sec=0.474246

===== tc_public_30 =====
======== ABC command line "cec "local_data/tc_public/tc_public_30/input.blif" "results_candidate/r8_packaging_scratch_dry_run_20260622/submit_like/results/final_public/tc_public_30/output.blif""
Cannot open file "abc.rc".
Cannot open file "..\abc.rc".
Cannot open file "..\..\abc.rc".
Networks are equivalent.  Time =     8.04 sec
passed=True returncode=0 runtime_sec=8.627034

===== tc_public_4 =====
======== ABC command line "cec "local_data/tc_public/tc_public_4/input.blif" "results_candidate/r8_packaging_scratch_dry_run_20260622/submit_like/results/final_public/tc_public_4/output.blif""
Cannot open file "abc.rc".
Cannot open file "..\abc.rc".
Cannot open file "..\..\abc.rc".
Networks are equivalent.  Time =     0.03 sec
passed=True returncode=0 runtime_sec=0.361754

===== tc_public_5 =====
======== ABC command line "cec "local_data/tc_public/tc_public_5/input.blif" "results_candidate/r8_packaging_scratch_dry_run_20260622/submit_like/results/final_public/tc_public_5/output.blif""
Cannot open file "abc.rc".
Cannot open file "..\abc.rc".
Cannot open file "..\..\abc.rc".
Networks are equivalent.  Time =     0.02 sec
passed=True returncode=0 runtime_sec=0.259815

===== tc_public_6 =====
======== ABC command line "cec "local_data/tc_public/tc_public_6/input.blif" "results_candidate/r8_packaging_scratch_dry_run_20260622/submit_like/results/final_public/tc_public_6/output.blif""
Cannot open file "abc.rc".
Cannot open file "..\abc.rc".
Cannot open file "..\..\abc.rc".
Networks are equivalent.  Time =     0.04 sec
passed=True returncode=0 runtime_sec=0.568435

===== tc_public_7 =====
======== ABC command line "cec "local_data/tc_public/tc_public_7/input.blif" "results_candidate/r8_packaging_scratch_dry_run_20260622/submit_like/results/final_public/tc_public_7/output.blif""
Cannot open file "abc.rc".
Cannot open file "..\abc.rc".
Cannot open file "..\..\abc.rc".
Networks are equivalent after structural hashing.  Time =     0.00 sec
passed=True returncode=0 runtime_sec=0.486035

===== tc_public_8 =====
======== ABC command line "cec "local_data/tc_public/tc_public_8/input.blif" "results_candidate/r8_packaging_scratch_dry_run_20260622/submit_like/results/final_public/tc_public_8/output.blif""
Cannot open file "abc.rc".
Cannot open file "..\abc.rc".
Cannot open file "..\..\abc.rc".
Networks are equivalent.  Time =     0.03 sec
passed=True returncode=0 runtime_sec=0.467694

===== tc_public_9 =====
======== ABC command line "cec "local_data/tc_public/tc_public_9/input.blif" "results_candidate/r8_packaging_scratch_dry_run_20260622/submit_like/results/final_public/tc_public_9/output.blif""
Cannot open file "abc.rc".
Cannot open file "..\abc.rc".
Cannot open file "..\..\abc.rc".
Networks are equivalent.  Time =     0.04 sec
passed=True returncode=0 runtime_sec=0.562152

