===== tc_public_1 =====
======== ABC command line "cec "local_data/tc_public/tc_public_1/input.blif" "results_candidate/r8_release_like_ascii/public30/tc_public_1/output.blif""
Cannot open file "abc.rc".
Cannot open file "..\abc.rc".
Cannot open file "..\..\abc.rc".
Networks are equivalent.  Time =     0.02 sec
passed=True returncode=0 runtime_sec=0.204149

===== tc_public_10 =====
======== ABC command line "cec "local_data/tc_public/tc_public_10/input.blif" "results_candidate/r8_release_like_ascii/public30/tc_public_10/output.blif""
Cannot open file "abc.rc".
Cannot open file "..\abc.rc".
Cannot open file "..\..\abc.rc".
Networks are equivalent.  Time =     0.01 sec
passed=True returncode=0 runtime_sec=0.156746

===== tc_public_11 =====
======== ABC command line "cec "local_data/tc_public/tc_public_11/input.blif" "results_candidate/r8_release_like_ascii/public30/tc_public_11/output.blif""
Cannot open file "abc.rc".
Cannot open file "..\abc.rc".
Cannot open file "..\..\abc.rc".
Networks are equivalent.  Time =     0.04 sec
passed=True returncode=0 runtime_sec=0.180970

===== tc_public_12 =====
======== ABC command line "cec "local_data/tc_public/tc_public_12/input.blif" "results_candidate/r8_release_like_ascii/public30/tc_public_12/output.blif""
Cannot open file "abc.rc".
Cannot open file "..\abc.rc".
Cannot open file "..\..\abc.rc".
Networks are equivalent.  Time =     0.06 sec
passed=True returncode=0 runtime_sec=0.188691

===== tc_public_13 =====
======== ABC command line "cec "local_data/tc_public/tc_public_13/input.blif" "results_candidate/r8_release_like_ascii/public30/tc_public_13/output.blif""
Cannot open file "abc.rc".
Cannot open file "..\abc.rc".
Cannot open file "..\..\abc.rc".
Networks are equivalent.  Time =     0.30 sec
passed=True returncode=0 runtime_sec=0.491518

===== tc_public_14 =====
======== ABC command line "cec "local_data/tc_public/tc_public_14/input.blif" "results_candidate/r8_release_like_ascii/public30/tc_public_14/output.blif""
Cannot open file "abc.rc".
Cannot open file "..\abc.rc".
Cannot open file "..\..\abc.rc".
Networks are equivalent.  Time =     0.15 sec
passed=True returncode=0 runtime_sec=0.312996

===== tc_public_15 =====
======== ABC command line "cec "local_data/tc_public/tc_public_15/input.blif" "results_candidate/r8_release_like_ascii/public30/tc_public_15/output.blif""
Cannot open file "abc.rc".
Cannot open file "..\abc.rc".
Cannot open file "..\..\abc.rc".
Networks are equivalent.  Time =     0.09 sec
passed=True returncode=0 runtime_sec=0.235526

===== tc_public_16 =====
======== ABC command line "cec "local_data/tc_public/tc_public_16/input.blif" "results_candidate/r8_release_like_ascii/public30/tc_public_16/output.blif""
Cannot open file "abc.rc".
Cannot open file "..\abc.rc".
Cannot open file "..\..\abc.rc".
Networks are equivalent.  Time =     0.01 sec
passed=True returncode=0 runtime_sec=0.142022

===== tc_public_17 =====
======== ABC command line "cec "local_data/tc_public/tc_public_17/input.blif" "results_candidate/r8_release_like_ascii/public30/tc_public_17/output.blif""
Cannot open file "abc.rc".
Cannot open file "..\abc.rc".
Cannot open file "..\..\abc.rc".
Networks are equivalent.  Time =     0.02 sec
passed=True returncode=0 runtime_sec=0.138686

===== tc_public_18 =====
======== ABC command line "cec "local_data/tc_public/tc_public_18/input.blif" "results_candidate/r8_release_like_ascii/public30/tc_public_18/output.blif""
Cannot open file "abc.rc".
Cannot open file "..\abc.rc".
Cannot open file "..\..\abc.rc".
Networks are equivalent.  Time =     0.26 sec
passed=True returncode=0 runtime_sec=0.385414

===== tc_public_19 =====
======== ABC command line "cec "local_data/tc_public/tc_public_19/input.blif" "results_candidate/r8_release_like_ascii/public30/tc_public_19/output.blif""
Cannot open file "abc.rc".
Cannot open file "..\abc.rc".
Cannot open file "..\..\abc.rc".
Networks are equivalent.  Time =     1.95 sec
passed=True returncode=0 runtime_sec=2.178727

===== tc_public_2 =====
======== ABC command line "cec "local_data/tc_public/tc_public_2/input.blif" "results_candidate/r8_release_like_ascii/public30/tc_public_2/output.blif""
Cannot open file "abc.rc".
Cannot open file "..\abc.rc".
Cannot open file "..\..\abc.rc".
Networks are equivalent.  Time =     0.01 sec
passed=True returncode=0 runtime_sec=0.242336

===== tc_public_20 =====
======== ABC command line "cec "local_data/tc_public/tc_public_20/input.blif" "results_candidate/r8_release_like_ascii/public30/tc_public_20/output.blif""
Cannot open file "abc.rc".
Cannot open file "..\abc.rc".
Cannot open file "..\..\abc.rc".
Networks are equivalent.  Time =     2.12 sec
passed=True returncode=0 runtime_sec=2.299178

===== tc_public_21 =====
======== ABC command line "cec "local_data/tc_public/tc_public_21/input.blif" "results_candidate/r8_release_like_ascii/public30/tc_public_21/output.blif""
Cannot open file "abc.rc".
Cannot open file "..\abc.rc".
Cannot open file "..\..\abc.rc".
Networks are equivalent.  Time =     2.15 sec
passed=True returncode=0 runtime_sec=2.322586

===== tc_public_22 =====
======== ABC command line "cec "local_data/tc_public/tc_public_22/input.blif" "results_candidate/r8_release_like_ascii/public30/tc_public_22/output.blif""
Cannot open file "abc.rc".
Cannot open file "..\abc.rc".
Cannot open file "..\..\abc.rc".
Networks are equivalent.  Time =     4.07 sec
passed=True returncode=0 runtime_sec=4.298434

===== tc_public_23 =====
======== ABC command line "cec "local_data/tc_public/tc_public_23/input.blif" "results_candidate/r8_release_like_ascii/public30/tc_public_23/output.blif""
Cannot open file "abc.rc".
Cannot open file "..\abc.rc".
Cannot open file "..\..\abc.rc".
Networks are equivalent.  Time =     0.03 sec
passed=True returncode=0 runtime_sec=0.131236

===== tc_public_24 =====
======== ABC command line "cec "local_data/tc_public/tc_public_24/input.blif" "results_candidate/r8_release_like_ascii/public30/tc_public_24/output.blif""
Cannot open file "abc.rc".
Cannot open file "..\abc.rc".
Cannot open file "..\..\abc.rc".
Networks are equivalent.  Time =     0.02 sec
passed=True returncode=0 runtime_sec=0.127363

===== tc_public_25 =====
======== ABC command line "cec "local_data/tc_public/tc_public_25/input.blif" "results_candidate/r8_release_like_ascii/public30/tc_public_25/output.blif""
Cannot open file "abc.rc".
Cannot open file "..\abc.rc".
Cannot open file "..\..\abc.rc".
Networks are equivalent.  Time =     0.01 sec
passed=True returncode=0 runtime_sec=0.152084

===== tc_public_26 =====
======== ABC command line "cec "local_data/tc_public/tc_public_26/input.blif" "results_candidate/r8_release_like_ascii/public30/tc_public_26/output.blif""
Cannot open file "abc.rc".
Cannot open file "..\abc.rc".
Cannot open file "..\..\abc.rc".
Networks are equivalent.  Time =     0.07 sec
passed=True returncode=0 runtime_sec=0.192090

===== tc_public_27 =====
======== ABC command line "cec "local_data/tc_public/tc_public_27/input.blif" "results_candidate/r8_release_like_ascii/public30/tc_public_27/output.blif""
Cannot open file "abc.rc".
Cannot open file "..\abc.rc".
Cannot open file "..\..\abc.rc".
Networks are equivalent.  Time =     0.02 sec
passed=True returncode=0 runtime_sec=0.130890

===== tc_public_28 =====
======== ABC command line "cec "local_data/tc_public/tc_public_28/input.blif" "results_candidate/r8_release_like_ascii/public30/tc_public_28/output.blif""
Cannot open file "abc.rc".
Cannot open file "..\abc.rc".
Cannot open file "..\..\abc.rc".
Networks are equivalent.  Time =     0.03 sec
passed=True returncode=0 runtime_sec=0.151158

===== tc_public_29 =====
======== ABC command line "cec "local_data/tc_public/tc_public_29/input.blif" "results_candidate/r8_release_like_ascii/public30/tc_public_29/output.blif""
Cannot open file "abc.rc".
Cannot open file "..\abc.rc".
Cannot open file "..\..\abc.rc".
Networks are equivalent.  Time =     0.02 sec
passed=True returncode=0 runtime_sec=0.115158

===== tc_public_3 =====
======== ABC command line "cec "local_data/tc_public/tc_public_3/input.blif" "results_candidate/r8_release_like_ascii/public30/tc_public_3/output.blif""
Cannot open file "abc.rc".
Cannot open file "..\abc.rc".
Cannot open file "..\..\abc.rc".
Networks are equivalent.  Time =     0.02 sec
passed=True returncode=0 runtime_sec=0.190157

===== tc_public_30 =====
======== ABC command line "cec "local_data/tc_public/tc_public_30/input.blif" "results_candidate/r8_release_like_ascii/public30/tc_public_30/output.blif""
Cannot open file "abc.rc".
Cannot open file "..\abc.rc".
Cannot open file "..\..\abc.rc".
Networks are equivalent.  Time =     4.18 sec
passed=True returncode=0 runtime_sec=4.352539

===== tc_public_4 =====
======== ABC command line "cec "local_data/tc_public/tc_public_4/input.blif" "results_candidate/r8_release_like_ascii/public30/tc_public_4/output.blif""
Cannot open file "abc.rc".
Cannot open file "..\abc.rc".
Cannot open file "..\..\abc.rc".
Networks are equivalent.  Time =     0.02 sec
passed=True returncode=0 runtime_sec=0.184665

===== tc_public_5 =====
======== ABC command line "cec "local_data/tc_public/tc_public_5/input.blif" "results_candidate/r8_release_like_ascii/public30/tc_public_5/output.blif""
Cannot open file "abc.rc".
Cannot open file "..\abc.rc".
Cannot open file "..\..\abc.rc".
Networks are equivalent.  Time =     0.01 sec
passed=True returncode=0 runtime_sec=0.149219

===== tc_public_6 =====
======== ABC command line "cec "local_data/tc_public/tc_public_6/input.blif" "results_candidate/r8_release_like_ascii/public30/tc_public_6/output.blif""
Cannot open file "abc.rc".
Cannot open file "..\abc.rc".
Cannot open file "..\..\abc.rc".
Networks are equivalent.  Time =     0.01 sec
passed=True returncode=0 runtime_sec=0.191450

===== tc_public_7 =====
======== ABC command line "cec "local_data/tc_public/tc_public_7/input.blif" "results_candidate/r8_release_like_ascii/public30/tc_public_7/output.blif""
Cannot open file "abc.rc".
Cannot open file "..\abc.rc".
Cannot open file "..\..\abc.rc".
Networks are equivalent after structural hashing.  Time =     0.00 sec
passed=True returncode=0 runtime_sec=0.167992

===== tc_public_8 =====
======== ABC command line "cec "local_data/tc_public/tc_public_8/input.blif" "results_candidate/r8_release_like_ascii/public30/tc_public_8/output.blif""
Cannot open file "abc.rc".
Cannot open file "..\abc.rc".
Cannot open file "..\..\abc.rc".
Networks are equivalent.  Time =     0.01 sec
passed=True returncode=0 runtime_sec=0.190034

===== tc_public_9 =====
======== ABC command line "cec "local_data/tc_public/tc_public_9/input.blif" "results_candidate/r8_release_like_ascii/public30/tc_public_9/output.blif""
Cannot open file "abc.rc".
Cannot open file "..\abc.rc".
Cannot open file "..\..\abc.rc".
Networks are equivalent.  Time =     0.01 sec
passed=True returncode=0 runtime_sec=0.200893

